Sentence #1 (18 tokens):
I was very curious to see this Wajda-Depardieu outing, plus the time period is definitely fascinating.
[Text=I CharacterOffsetBegin=4 CharacterOffsetEnd=5 PartOfSpeech=PRP] [Text=was CharacterOffsetBegin=6 CharacterOffsetEnd=9 PartOfSpeech=VBD] [Text=very CharacterOffsetBegin=10 CharacterOffsetEnd=14 PartOfSpeech=RB] [Text=curious CharacterOffsetBegin=15 CharacterOffsetEnd=22 PartOfSpeech=JJ] [Text=to CharacterOffsetBegin=23 CharacterOffsetEnd=25 PartOfSpeech=TO] [Text=see CharacterOffsetBegin=26 CharacterOffsetEnd=29 PartOfSpeech=VB] [Text=this CharacterOffsetBegin=30 CharacterOffsetEnd=34 PartOfSpeech=DT] [Text=Wajda-Depardieu CharacterOffsetBegin=35 CharacterOffsetEnd=50 PartOfSpeech=JJ] [Text=outing CharacterOffsetBegin=51 CharacterOffsetEnd=57 PartOfSpeech=NN] [Text=, CharacterOffsetBegin=57 CharacterOffsetEnd=58 PartOfSpeech=,] [Text=plus CharacterOffsetBegin=59 CharacterOffsetEnd=63 PartOfSpeech=CC] [Text=the CharacterOffsetBegin=64 CharacterOffsetEnd=67 PartOfSpeech=DT] [Text=time CharacterOffsetBegin=68 CharacterOffsetEnd=72 PartOfSpeech=NN] [Text=period CharacterOffsetBegin=73 CharacterOffsetEnd=79 PartOfSpeech=NN] [Text=is CharacterOffsetBegin=80 CharacterOffsetEnd=82 PartOfSpeech=VBZ] [Text=definitely CharacterOffsetBegin=83 CharacterOffsetEnd=93 PartOfSpeech=RB] [Text=fascinating CharacterOffsetBegin=94 CharacterOffsetEnd=105 PartOfSpeech=JJ] [Text=. CharacterOffsetBegin=105 CharacterOffsetEnd=106 PartOfSpeech=.] 
root(ROOT-0, curious-4)
nsubj(curious-4, I-1)
cop(curious-4, was-2)
advmod(curious-4, very-3)
aux(see-6, to-5)
xcomp(curious-4, see-6)
det(outing-9, this-7)
amod(outing-9, Wajda-Depardieu-8)
dobj(see-6, outing-9)
punct(outing-9, ,-10)
cc(outing-9, plus-11)
det(period-14, the-12)
nn(period-14, time-13)
nsubj(fascinating-17, period-14)
cop(fascinating-17, is-15)
advmod(fascinating-17, definitely-16)
conj(outing-9, fascinating-17)
punct(curious-4, .-18)

Sentence #2 (16 tokens):
Being a Wajda fan, I was disappointed, and that may be an understatement.
[Text=Being CharacterOffsetBegin=111 CharacterOffsetEnd=116 PartOfSpeech=VBG] [Text=a CharacterOffsetBegin=117 CharacterOffsetEnd=118 PartOfSpeech=DT] [Text=Wajda CharacterOffsetBegin=119 CharacterOffsetEnd=124 PartOfSpeech=NNP] [Text=fan CharacterOffsetBegin=125 CharacterOffsetEnd=128 PartOfSpeech=NN] [Text=, CharacterOffsetBegin=128 CharacterOffsetEnd=129 PartOfSpeech=,] [Text=I CharacterOffsetBegin=130 CharacterOffsetEnd=131 PartOfSpeech=PRP] [Text=was CharacterOffsetBegin=132 CharacterOffsetEnd=135 PartOfSpeech=VBD] [Text=disappointed CharacterOffsetBegin=136 CharacterOffsetEnd=148 PartOfSpeech=JJ] [Text=, CharacterOffsetBegin=148 CharacterOffsetEnd=149 PartOfSpeech=,] [Text=and CharacterOffsetBegin=150 CharacterOffsetEnd=153 PartOfSpeech=CC] [Text=that CharacterOffsetBegin=154 CharacterOffsetEnd=158 PartOfSpeech=DT] [Text=may CharacterOffsetBegin=159 CharacterOffsetEnd=162 PartOfSpeech=MD] [Text=be CharacterOffsetBegin=163 CharacterOffsetEnd=165 PartOfSpeech=VB] [Text=an CharacterOffsetBegin=166 CharacterOffsetEnd=168 PartOfSpeech=DT] [Text=understatement CharacterOffsetBegin=169 CharacterOffsetEnd=183 PartOfSpeech=NN] [Text=. CharacterOffsetBegin=183 CharacterOffsetEnd=184 PartOfSpeech=.] 
root(ROOT-0, disappointed-8)
partmod(disappointed-8, Being-1)
det(fan-4, a-2)
nn(fan-4, Wajda-3)
dobj(Being-1, fan-4)
punct(disappointed-8, ,-5)
nsubj(disappointed-8, I-6)
cop(disappointed-8, was-7)
punct(disappointed-8, ,-9)
cc(disappointed-8, and-10)
nsubj(understatement-15, that-11)
aux(understatement-15, may-12)
cop(understatement-15, be-13)
det(understatement-15, an-14)
conj(disappointed-8, understatement-15)
punct(disappointed-8, .-16)

Sentence #3 (36 tokens):
The film never really took cinematic flight -- there's no foundation for the animosity between Danton and Robespierre, etc.Basically, the script was weak (adapted from "The Danton Affair").
[Text=The CharacterOffsetBegin=189 CharacterOffsetEnd=192 PartOfSpeech=DT] [Text=film CharacterOffsetBegin=193 CharacterOffsetEnd=197 PartOfSpeech=NN] [Text=never CharacterOffsetBegin=198 CharacterOffsetEnd=203 PartOfSpeech=RB] [Text=really CharacterOffsetBegin=204 CharacterOffsetEnd=210 PartOfSpeech=RB] [Text=took CharacterOffsetBegin=211 CharacterOffsetEnd=215 PartOfSpeech=VBD] [Text=cinematic CharacterOffsetBegin=216 CharacterOffsetEnd=225 PartOfSpeech=JJ] [Text=flight CharacterOffsetBegin=226 CharacterOffsetEnd=232 PartOfSpeech=NN] [Text=-- CharacterOffsetBegin=233 CharacterOffsetEnd=235 PartOfSpeech=:] [Text=there CharacterOffsetBegin=236 CharacterOffsetEnd=241 PartOfSpeech=EX] [Text='s CharacterOffsetBegin=241 CharacterOffsetEnd=243 PartOfSpeech=VBZ] [Text=no CharacterOffsetBegin=244 CharacterOffsetEnd=246 PartOfSpeech=DT] [Text=foundation CharacterOffsetBegin=247 CharacterOffsetEnd=257 PartOfSpeech=NN] [Text=for CharacterOffsetBegin=258 CharacterOffsetEnd=261 PartOfSpeech=IN] [Text=the CharacterOffsetBegin=262 CharacterOffsetEnd=265 PartOfSpeech=DT] [Text=animosity CharacterOffsetBegin=266 CharacterOffsetEnd=275 PartOfSpeech=NN] [Text=between CharacterOffsetBegin=276 CharacterOffsetEnd=283 PartOfSpeech=IN] [Text=Danton CharacterOffsetBegin=284 CharacterOffsetEnd=290 PartOfSpeech=NNP] [Text=and CharacterOffsetBegin=291 CharacterOffsetEnd=294 PartOfSpeech=CC] [Text=Robespierre CharacterOffsetBegin=295 CharacterOffsetEnd=306 PartOfSpeech=NNP] [Text=, CharacterOffsetBegin=306 CharacterOffsetEnd=307 PartOfSpeech=,] [Text=etc.Basically CharacterOffsetBegin=308 CharacterOffsetEnd=321 PartOfSpeech=NNP] [Text=, CharacterOffsetBegin=321 CharacterOffsetEnd=322 PartOfSpeech=,] [Text=the CharacterOffsetBegin=323 CharacterOffsetEnd=326 PartOfSpeech=DT] [Text=script CharacterOffsetBegin=327 CharacterOffsetEnd=333 PartOfSpeech=NN] [Text=was CharacterOffsetBegin=334 CharacterOffsetEnd=337 PartOfSpeech=VBD] [Text=weak CharacterOffsetBegin=338 CharacterOffsetEnd=342 PartOfSpeech=JJ] [Text=-LRB- CharacterOffsetBegin=343 CharacterOffsetEnd=344 PartOfSpeech=-LRB-] [Text=adapted CharacterOffsetBegin=344 CharacterOffsetEnd=351 PartOfSpeech=VBN] [Text=from CharacterOffsetBegin=352 CharacterOffsetEnd=356 PartOfSpeech=IN] [Text=`` CharacterOffsetBegin=357 CharacterOffsetEnd=358 PartOfSpeech=``] [Text=The CharacterOffsetBegin=358 CharacterOffsetEnd=361 PartOfSpeech=DT] [Text=Danton CharacterOffsetBegin=362 CharacterOffsetEnd=368 PartOfSpeech=NNP] [Text=Affair CharacterOffsetBegin=369 CharacterOffsetEnd=375 PartOfSpeech=NNP] [Text='' CharacterOffsetBegin=375 CharacterOffsetEnd=376 PartOfSpeech=''] [Text=-RRB- CharacterOffsetBegin=376 CharacterOffsetEnd=377 PartOfSpeech=-RRB-] [Text=. CharacterOffsetBegin=377 CharacterOffsetEnd=378 PartOfSpeech=.] 
root(ROOT-0, took-5)
det(film-2, The-1)
nsubj(took-5, film-2)
neg(took-5, never-3)
advmod(took-5, really-4)
amod(flight-7, cinematic-6)
dobj(took-5, flight-7)
punct(took-5, ---8)
expl('s-10, there-9)
parataxis(took-5, 's-10)
det(foundation-12, no-11)
nsubj('s-10, foundation-12)
prep(foundation-12, for-13)
det(animosity-15, the-14)
pobj(for-13, animosity-15)
prep(animosity-15, between-16)
pobj(between-16, Danton-17)
cc(Danton-17, and-18)
conj(Danton-17, Robespierre-19)
punct(Danton-17, ,-20)
conj(Danton-17, etc.Basically-21)
punct(Danton-17, ,-22)
det(script-24, the-23)
nsubj(weak-26, script-24)
cop(weak-26, was-25)
rcmod(Danton-17, weak-26)
punct(adapted-28, -LRB--27)
dep(weak-26, adapted-28)
prep(adapted-28, from-29)
punct(from-29, ``-30)
det(Affair-33, The-31)
nn(Affair-33, Danton-32)
pobj(from-29, Affair-33)
punct(from-29, ''-34)
punct(adapted-28, -RRB--35)
punct(took-5, .-36)

Sentence #4 (14 tokens):
And yet, the direction was masterful...it's Wajda, afterall!
[Text=And CharacterOffsetBegin=383 CharacterOffsetEnd=386 PartOfSpeech=CC] [Text=yet CharacterOffsetBegin=387 CharacterOffsetEnd=390 PartOfSpeech=RB] [Text=, CharacterOffsetBegin=390 CharacterOffsetEnd=391 PartOfSpeech=,] [Text=the CharacterOffsetBegin=392 CharacterOffsetEnd=395 PartOfSpeech=DT] [Text=direction CharacterOffsetBegin=396 CharacterOffsetEnd=405 PartOfSpeech=NN] [Text=was CharacterOffsetBegin=406 CharacterOffsetEnd=409 PartOfSpeech=VBD] [Text=masterful CharacterOffsetBegin=410 CharacterOffsetEnd=419 PartOfSpeech=JJ] [Text=... CharacterOffsetBegin=419 CharacterOffsetEnd=422 PartOfSpeech=:] [Text=it CharacterOffsetBegin=422 CharacterOffsetEnd=424 PartOfSpeech=PRP] [Text='s CharacterOffsetBegin=424 CharacterOffsetEnd=426 PartOfSpeech=VBZ] [Text=Wajda CharacterOffsetBegin=427 CharacterOffsetEnd=432 PartOfSpeech=NNP] [Text=, CharacterOffsetBegin=432 CharacterOffsetEnd=433 PartOfSpeech=,] [Text=afterall CharacterOffsetBegin=434 CharacterOffsetEnd=442 PartOfSpeech=RB] [Text=! CharacterOffsetBegin=442 CharacterOffsetEnd=443 PartOfSpeech=.] 
root(ROOT-0, masterful-7)
cc(masterful-7, And-1)
advmod(masterful-7, yet-2)
punct(masterful-7, ,-3)
det(direction-5, the-4)
nsubj(masterful-7, direction-5)
cop(masterful-7, was-6)
punct(masterful-7, ...-8)
nsubj(Wajda-11, it-9)
cop(Wajda-11, 's-10)
parataxis(masterful-7, Wajda-11)
punct(Wajda-11, ,-12)
advmod(Wajda-11, afterall-13)
punct(masterful-7, !-14)

Sentence #5 (20 tokens):
Also, there were some amazing actors BUT they never really grab the audience's attention like they should.
[Text=Also CharacterOffsetBegin=448 CharacterOffsetEnd=452 PartOfSpeech=RB] [Text=, CharacterOffsetBegin=452 CharacterOffsetEnd=453 PartOfSpeech=,] [Text=there CharacterOffsetBegin=454 CharacterOffsetEnd=459 PartOfSpeech=EX] [Text=were CharacterOffsetBegin=460 CharacterOffsetEnd=464 PartOfSpeech=VBD] [Text=some CharacterOffsetBegin=465 CharacterOffsetEnd=469 PartOfSpeech=DT] [Text=amazing CharacterOffsetBegin=470 CharacterOffsetEnd=477 PartOfSpeech=JJ] [Text=actors CharacterOffsetBegin=478 CharacterOffsetEnd=484 PartOfSpeech=NNS] [Text=BUT CharacterOffsetBegin=485 CharacterOffsetEnd=488 PartOfSpeech=VBP] [Text=they CharacterOffsetBegin=489 CharacterOffsetEnd=493 PartOfSpeech=PRP] [Text=never CharacterOffsetBegin=494 CharacterOffsetEnd=499 PartOfSpeech=RB] [Text=really CharacterOffsetBegin=500 CharacterOffsetEnd=506 PartOfSpeech=RB] [Text=grab CharacterOffsetBegin=507 CharacterOffsetEnd=511 PartOfSpeech=VB] [Text=the CharacterOffsetBegin=512 CharacterOffsetEnd=515 PartOfSpeech=DT] [Text=audience CharacterOffsetBegin=516 CharacterOffsetEnd=524 PartOfSpeech=NN] [Text='s CharacterOffsetBegin=524 CharacterOffsetEnd=526 PartOfSpeech=POS] [Text=attention CharacterOffsetBegin=527 CharacterOffsetEnd=536 PartOfSpeech=NN] [Text=like CharacterOffsetBegin=537 CharacterOffsetEnd=541 PartOfSpeech=IN] [Text=they CharacterOffsetBegin=542 CharacterOffsetEnd=546 PartOfSpeech=PRP] [Text=should CharacterOffsetBegin=547 CharacterOffsetEnd=553 PartOfSpeech=MD] [Text=. CharacterOffsetBegin=553 CharacterOffsetEnd=554 PartOfSpeech=.] 
root(ROOT-0, were-4)
advmod(were-4, Also-1)
punct(were-4, ,-2)
expl(were-4, there-3)
det(actors-7, some-5)
amod(actors-7, amazing-6)
nsubj(BUT-8, actors-7)
ccomp(were-4, BUT-8)
nsubj(grab-12, they-9)
neg(grab-12, never-10)
advmod(grab-12, really-11)
ccomp(BUT-8, grab-12)
det(audience-14, the-13)
poss(attention-16, audience-14)
possessive(audience-14, 's-15)
dobj(grab-12, attention-16)
mark(should-19, like-17)
nsubj(should-19, they-18)
dep(attention-16, should-19)
punct(were-4, .-20)

Sentence #6 (19 tokens):
Depardieu comes off as a quasi-goofy, nonchalant Danton...not exactly the image we have in mind.
[Text=Depardieu CharacterOffsetBegin=559 CharacterOffsetEnd=568 PartOfSpeech=NN] [Text=comes CharacterOffsetBegin=569 CharacterOffsetEnd=574 PartOfSpeech=VBZ] [Text=off CharacterOffsetBegin=575 CharacterOffsetEnd=578 PartOfSpeech=RP] [Text=as CharacterOffsetBegin=579 CharacterOffsetEnd=581 PartOfSpeech=IN] [Text=a CharacterOffsetBegin=582 CharacterOffsetEnd=583 PartOfSpeech=DT] [Text=quasi-goofy CharacterOffsetBegin=584 CharacterOffsetEnd=595 PartOfSpeech=JJ] [Text=, CharacterOffsetBegin=595 CharacterOffsetEnd=596 PartOfSpeech=,] [Text=nonchalant CharacterOffsetBegin=597 CharacterOffsetEnd=607 PartOfSpeech=JJ] [Text=Danton CharacterOffsetBegin=608 CharacterOffsetEnd=614 PartOfSpeech=NNP] [Text=... CharacterOffsetBegin=614 CharacterOffsetEnd=617 PartOfSpeech=:] [Text=not CharacterOffsetBegin=617 CharacterOffsetEnd=620 PartOfSpeech=RB] [Text=exactly CharacterOffsetBegin=621 CharacterOffsetEnd=628 PartOfSpeech=RB] [Text=the CharacterOffsetBegin=629 CharacterOffsetEnd=632 PartOfSpeech=DT] [Text=image CharacterOffsetBegin=633 CharacterOffsetEnd=638 PartOfSpeech=NN] [Text=we CharacterOffsetBegin=639 CharacterOffsetEnd=641 PartOfSpeech=PRP] [Text=have CharacterOffsetBegin=642 CharacterOffsetEnd=646 PartOfSpeech=VBP] [Text=in CharacterOffsetBegin=647 CharacterOffsetEnd=649 PartOfSpeech=IN] [Text=mind CharacterOffsetBegin=650 CharacterOffsetEnd=654 PartOfSpeech=NN] [Text=. CharacterOffsetBegin=654 CharacterOffsetEnd=655 PartOfSpeech=.] 
root(ROOT-0, comes-2)
nsubj(comes-2, Depardieu-1)
prt(comes-2, off-3)
prep(comes-2, as-4)
det(Danton-9, a-5)
amod(Danton-9, quasi-goofy-6)
punct(Danton-9, ,-7)
amod(Danton-9, nonchalant-8)
pobj(as-4, Danton-9)
punct(comes-2, ...-10)
neg(image-14, not-11)
advmod(image-14, exactly-12)
det(image-14, the-13)
parataxis(comes-2, image-14)
nsubj(have-16, we-15)
rcmod(image-14, have-16)
prep(have-16, in-17)
pobj(in-17, mind-18)
punct(comes-2, .-19)

Sentence #7 (25 tokens):
Woijech Pzsoniak is incredible, as usual, but again the script puts up limits even actors of great talent can't break down.
[Text=Woijech CharacterOffsetBegin=660 CharacterOffsetEnd=667 PartOfSpeech=JJ] [Text=Pzsoniak CharacterOffsetBegin=668 CharacterOffsetEnd=676 PartOfSpeech=NN] [Text=is CharacterOffsetBegin=677 CharacterOffsetEnd=679 PartOfSpeech=VBZ] [Text=incredible CharacterOffsetBegin=680 CharacterOffsetEnd=690 PartOfSpeech=JJ] [Text=, CharacterOffsetBegin=690 CharacterOffsetEnd=691 PartOfSpeech=,] [Text=as CharacterOffsetBegin=692 CharacterOffsetEnd=694 PartOfSpeech=IN] [Text=usual CharacterOffsetBegin=695 CharacterOffsetEnd=700 PartOfSpeech=JJ] [Text=, CharacterOffsetBegin=700 CharacterOffsetEnd=701 PartOfSpeech=,] [Text=but CharacterOffsetBegin=702 CharacterOffsetEnd=705 PartOfSpeech=CC] [Text=again CharacterOffsetBegin=706 CharacterOffsetEnd=711 PartOfSpeech=RB] [Text=the CharacterOffsetBegin=712 CharacterOffsetEnd=715 PartOfSpeech=DT] [Text=script CharacterOffsetBegin=716 CharacterOffsetEnd=722 PartOfSpeech=NN] [Text=puts CharacterOffsetBegin=723 CharacterOffsetEnd=727 PartOfSpeech=VBZ] [Text=up CharacterOffsetBegin=728 CharacterOffsetEnd=730 PartOfSpeech=RP] [Text=limits CharacterOffsetBegin=731 CharacterOffsetEnd=737 PartOfSpeech=NNS] [Text=even CharacterOffsetBegin=738 CharacterOffsetEnd=742 PartOfSpeech=RB] [Text=actors CharacterOffsetBegin=743 CharacterOffsetEnd=749 PartOfSpeech=NNS] [Text=of CharacterOffsetBegin=750 CharacterOffsetEnd=752 PartOfSpeech=IN] [Text=great CharacterOffsetBegin=753 CharacterOffsetEnd=758 PartOfSpeech=JJ] [Text=talent CharacterOffsetBegin=759 CharacterOffsetEnd=765 PartOfSpeech=NN] [Text=ca CharacterOffsetBegin=766 CharacterOffsetEnd=768 PartOfSpeech=MD] [Text=n't CharacterOffsetBegin=768 CharacterOffsetEnd=771 PartOfSpeech=RB] [Text=break CharacterOffsetBegin=772 CharacterOffsetEnd=777 PartOfSpeech=VB] [Text=down CharacterOffsetBegin=778 CharacterOffsetEnd=782 PartOfSpeech=RP] [Text=. CharacterOffsetBegin=782 CharacterOffsetEnd=783 PartOfSpeech=.] 
root(ROOT-0, incredible-4)
amod(Pzsoniak-2, Woijech-1)
nsubj(incredible-4, Pzsoniak-2)
cop(incredible-4, is-3)
punct(incredible-4, ,-5)
prep(incredible-4, as-6)
pobj(as-6, usual-7)
punct(incredible-4, ,-8)
cc(incredible-4, but-9)
advmod(incredible-4, again-10)
det(script-12, the-11)
nsubj(puts-13, script-12)
conj(incredible-4, puts-13)
prt(puts-13, up-14)
dobj(puts-13, limits-15)
advmod(actors-17, even-16)
nsubj(break-23, actors-17)
prep(actors-17, of-18)
amod(talent-20, great-19)
pobj(of-18, talent-20)
aux(break-23, ca-21)
neg(break-23, n't-22)
rcmod(limits-15, break-23)
prt(break-23, down-24)
punct(incredible-4, .-25)

Sentence #8 (35 tokens):
Andrzej Seweryn and Bogoslaw Linda pop up ... as Bourdon and Saint-Just...and if you're familiar with Wajda, then you'd know them.Overall, I was disappointed with this much-lauded film.
[Text=Andrzej CharacterOffsetBegin=788 CharacterOffsetEnd=795 PartOfSpeech=NNP] [Text=Seweryn CharacterOffsetBegin=796 CharacterOffsetEnd=803 PartOfSpeech=NNP] [Text=and CharacterOffsetBegin=804 CharacterOffsetEnd=807 PartOfSpeech=CC] [Text=Bogoslaw CharacterOffsetBegin=808 CharacterOffsetEnd=816 PartOfSpeech=NNP] [Text=Linda CharacterOffsetBegin=817 CharacterOffsetEnd=822 PartOfSpeech=NNP] [Text=pop CharacterOffsetBegin=823 CharacterOffsetEnd=826 PartOfSpeech=VB] [Text=up CharacterOffsetBegin=827 CharacterOffsetEnd=829 PartOfSpeech=RP] [Text=... CharacterOffsetBegin=830 CharacterOffsetEnd=833 PartOfSpeech=:] [Text=as CharacterOffsetBegin=834 CharacterOffsetEnd=836 PartOfSpeech=IN] [Text=Bourdon CharacterOffsetBegin=837 CharacterOffsetEnd=844 PartOfSpeech=NNP] [Text=and CharacterOffsetBegin=845 CharacterOffsetEnd=848 PartOfSpeech=CC] [Text=Saint-Just CharacterOffsetBegin=849 CharacterOffsetEnd=859 PartOfSpeech=NNP] [Text=... CharacterOffsetBegin=859 CharacterOffsetEnd=862 PartOfSpeech=:] [Text=and CharacterOffsetBegin=862 CharacterOffsetEnd=865 PartOfSpeech=CC] [Text=if CharacterOffsetBegin=866 CharacterOffsetEnd=868 PartOfSpeech=IN] [Text=you CharacterOffsetBegin=869 CharacterOffsetEnd=872 PartOfSpeech=PRP] [Text='re CharacterOffsetBegin=872 CharacterOffsetEnd=875 PartOfSpeech=VBP] [Text=familiar CharacterOffsetBegin=876 CharacterOffsetEnd=884 PartOfSpeech=JJ] [Text=with CharacterOffsetBegin=885 CharacterOffsetEnd=889 PartOfSpeech=IN] [Text=Wajda CharacterOffsetBegin=890 CharacterOffsetEnd=895 PartOfSpeech=NNP] [Text=, CharacterOffsetBegin=895 CharacterOffsetEnd=896 PartOfSpeech=,] [Text=then CharacterOffsetBegin=897 CharacterOffsetEnd=901 PartOfSpeech=RB] [Text=you CharacterOffsetBegin=902 CharacterOffsetEnd=905 PartOfSpeech=PRP] [Text='d CharacterOffsetBegin=905 CharacterOffsetEnd=907 PartOfSpeech=MD] [Text=know CharacterOffsetBegin=908 CharacterOffsetEnd=912 PartOfSpeech=VB] [Text=them.Overall CharacterOffsetBegin=913 CharacterOffsetEnd=925 PartOfSpeech=NNP] [Text=, CharacterOffsetBegin=925 CharacterOffsetEnd=926 PartOfSpeech=,] [Text=I CharacterOffsetBegin=927 CharacterOffsetEnd=928 PartOfSpeech=PRP] [Text=was CharacterOffsetBegin=929 CharacterOffsetEnd=932 PartOfSpeech=VBD] [Text=disappointed CharacterOffsetBegin=933 CharacterOffsetEnd=945 PartOfSpeech=VBN] [Text=with CharacterOffsetBegin=946 CharacterOffsetEnd=950 PartOfSpeech=IN] [Text=this CharacterOffsetBegin=951 CharacterOffsetEnd=955 PartOfSpeech=DT] [Text=much-lauded CharacterOffsetBegin=956 CharacterOffsetEnd=967 PartOfSpeech=JJ] [Text=film CharacterOffsetBegin=968 CharacterOffsetEnd=972 PartOfSpeech=NN] [Text=. CharacterOffsetBegin=972 CharacterOffsetEnd=973 PartOfSpeech=.] 
root(ROOT-0, Seweryn-2)
nn(Seweryn-2, Andrzej-1)
cc(Seweryn-2, and-3)
conj(Seweryn-2, Bogoslaw-4)
nsubj(pop-6, Linda-5)
rcmod(Bogoslaw-4, pop-6)
prt(pop-6, up-7)
punct(Seweryn-2, ...-8)
prep(Seweryn-2, as-9)
pobj(as-9, Bourdon-10)
cc(Bourdon-10, and-11)
conj(Bourdon-10, Saint-Just-12)
punct(Seweryn-2, ...-13)
cc(Seweryn-2, and-14)
mark(familiar-18, if-15)
nsubj(familiar-18, you-16)
cop(familiar-18, 're-17)
advcl(disappointed-30, familiar-18)
prep(familiar-18, with-19)
pobj(with-19, Wajda-20)
punct(familiar-18, ,-21)
advmod(know-25, then-22)
nsubj(know-25, you-23)
aux(know-25, 'd-24)
dep(familiar-18, know-25)
dobj(know-25, them.Overall-26)
punct(disappointed-30, ,-27)
nsubjpass(disappointed-30, I-28)
auxpass(disappointed-30, was-29)
conj(Seweryn-2, disappointed-30)
prep(disappointed-30, with-31)
det(film-34, this-32)
amod(film-34, much-lauded-33)
pobj(with-31, film-34)
punct(Seweryn-2, .-35)

Sentence #9 (11 tokens):
Great cast, great director, but no quality foundation.
[Text=Great CharacterOffsetBegin=978 CharacterOffsetEnd=983 PartOfSpeech=JJ] [Text=cast CharacterOffsetBegin=984 CharacterOffsetEnd=988 PartOfSpeech=NN] [Text=, CharacterOffsetBegin=988 CharacterOffsetEnd=989 PartOfSpeech=,] [Text=great CharacterOffsetBegin=990 CharacterOffsetEnd=995 PartOfSpeech=JJ] [Text=director CharacterOffsetBegin=996 CharacterOffsetEnd=1004 PartOfSpeech=NN] [Text=, CharacterOffsetBegin=1004 CharacterOffsetEnd=1005 PartOfSpeech=,] [Text=but CharacterOffsetBegin=1006 CharacterOffsetEnd=1009 PartOfSpeech=CC] [Text=no CharacterOffsetBegin=1010 CharacterOffsetEnd=1012 PartOfSpeech=DT] [Text=quality CharacterOffsetBegin=1013 CharacterOffsetEnd=1020 PartOfSpeech=NN] [Text=foundation CharacterOffsetBegin=1021 CharacterOffsetEnd=1031 PartOfSpeech=NN] [Text=. CharacterOffsetBegin=1031 CharacterOffsetEnd=1032 PartOfSpeech=.] 
root(ROOT-0, cast-2)
amod(cast-2, Great-1)
punct(cast-2, ,-3)
amod(director-5, great-4)
appos(cast-2, director-5)
punct(cast-2, ,-6)
cc(cast-2, but-7)
det(foundation-10, no-8)
nn(foundation-10, quality-9)
conj(cast-2, foundation-10)
punct(cast-2, .-11)

Sentence #10 (5 tokens):
Bad, undynamic script.
[Text=Bad CharacterOffsetBegin=1037 CharacterOffsetEnd=1040 PartOfSpeech=JJ] [Text=, CharacterOffsetBegin=1040 CharacterOffsetEnd=1041 PartOfSpeech=,] [Text=undynamic CharacterOffsetBegin=1042 CharacterOffsetEnd=1051 PartOfSpeech=JJ] [Text=script CharacterOffsetBegin=1052 CharacterOffsetEnd=1058 PartOfSpeech=NN] [Text=. CharacterOffsetBegin=1058 CharacterOffsetEnd=1059 PartOfSpeech=.] 
root(ROOT-0, script-4)
amod(script-4, Bad-1)
punct(script-4, ,-2)
amod(script-4, undynamic-3)
punct(script-4, .-5)

Sentence #11 (23 tokens):
We need to get in Danton (Walesa) and Robespierre's (General J) mindsets... what are their motivations?
[Text=We CharacterOffsetBegin=1064 CharacterOffsetEnd=1066 PartOfSpeech=PRP] [Text=need CharacterOffsetBegin=1067 CharacterOffsetEnd=1071 PartOfSpeech=VBP] [Text=to CharacterOffsetBegin=1072 CharacterOffsetEnd=1074 PartOfSpeech=TO] [Text=get CharacterOffsetBegin=1075 CharacterOffsetEnd=1078 PartOfSpeech=VB] [Text=in CharacterOffsetBegin=1079 CharacterOffsetEnd=1081 PartOfSpeech=IN] [Text=Danton CharacterOffsetBegin=1082 CharacterOffsetEnd=1088 PartOfSpeech=NNP] [Text=-LRB- CharacterOffsetBegin=1089 CharacterOffsetEnd=1090 PartOfSpeech=-LRB-] [Text=Walesa CharacterOffsetBegin=1090 CharacterOffsetEnd=1096 PartOfSpeech=NNP] [Text=-RRB- CharacterOffsetBegin=1096 CharacterOffsetEnd=1097 PartOfSpeech=-RRB-] [Text=and CharacterOffsetBegin=1098 CharacterOffsetEnd=1101 PartOfSpeech=CC] [Text=Robespierre CharacterOffsetBegin=1102 CharacterOffsetEnd=1113 PartOfSpeech=NNP] [Text='s CharacterOffsetBegin=1113 CharacterOffsetEnd=1115 PartOfSpeech=POS] [Text=-LRB- CharacterOffsetBegin=1116 CharacterOffsetEnd=1117 PartOfSpeech=-LRB-] [Text=General CharacterOffsetBegin=1117 CharacterOffsetEnd=1124 PartOfSpeech=NNP] [Text=J CharacterOffsetBegin=1125 CharacterOffsetEnd=1126 PartOfSpeech=NNP] [Text=-RRB- CharacterOffsetBegin=1126 CharacterOffsetEnd=1127 PartOfSpeech=-RRB-] [Text=mindsets CharacterOffsetBegin=1128 CharacterOffsetEnd=1136 PartOfSpeech=NNS] [Text=... CharacterOffsetBegin=1136 CharacterOffsetEnd=1139 PartOfSpeech=:] [Text=what CharacterOffsetBegin=1140 CharacterOffsetEnd=1144 PartOfSpeech=WP] [Text=are CharacterOffsetBegin=1145 CharacterOffsetEnd=1148 PartOfSpeech=VBP] [Text=their CharacterOffsetBegin=1149 CharacterOffsetEnd=1154 PartOfSpeech=PRP$] [Text=motivations CharacterOffsetBegin=1155 CharacterOffsetEnd=1166 PartOfSpeech=NNS] [Text=? CharacterOffsetBegin=1166 CharacterOffsetEnd=1167 PartOfSpeech=.] 
root(ROOT-0, need-2)
nsubj(need-2, We-1)
aux(get-4, to-3)
xcomp(need-2, get-4)
prep(get-4, in-5)
pobj(in-5, Danton-6)
punct(Walesa-8, -LRB--7)
appos(Danton-6, Walesa-8)
punct(Walesa-8, -RRB--9)
cc(Danton-6, and-10)
poss(mindsets-17, Robespierre-11)
possessive(Robespierre-11, 's-12)
punct(J-15, -LRB--13)
nn(J-15, General-14)
dep(mindsets-17, J-15)
punct(J-15, -RRB--16)
conj(Danton-6, mindsets-17)
punct(need-2, ...-18)
nsubj(motivations-22, what-19)
cop(motivations-22, are-20)
poss(motivations-22, their-21)
dep(need-2, motivations-22)
punct(need-2, ?-23)

Sentence #12 (5 tokens):
Eh...who knows?
[Text=Eh CharacterOffsetBegin=1172 CharacterOffsetEnd=1174 PartOfSpeech=RB] [Text=... CharacterOffsetBegin=1174 CharacterOffsetEnd=1177 PartOfSpeech=:] [Text=who CharacterOffsetBegin=1177 CharacterOffsetEnd=1180 PartOfSpeech=WP] [Text=knows CharacterOffsetBegin=1181 CharacterOffsetEnd=1186 PartOfSpeech=VBZ] [Text=? CharacterOffsetBegin=1186 CharacterOffsetEnd=1187 PartOfSpeech=.] 
root(ROOT-0, knows-4)
advmod(knows-4, Eh-1)
punct(knows-4, ...-2)
nsubj(knows-4, who-3)
punct(knows-4, ?-5)

Sentence #13 (9 tokens):
One likes women, the other powders himself?
[Text=One CharacterOffsetBegin=1192 CharacterOffsetEnd=1195 PartOfSpeech=CD] [Text=likes CharacterOffsetBegin=1196 CharacterOffsetEnd=1201 PartOfSpeech=VBZ] [Text=women CharacterOffsetBegin=1202 CharacterOffsetEnd=1207 PartOfSpeech=NNS] [Text=, CharacterOffsetBegin=1207 CharacterOffsetEnd=1208 PartOfSpeech=,] [Text=the CharacterOffsetBegin=1209 CharacterOffsetEnd=1212 PartOfSpeech=DT] [Text=other CharacterOffsetBegin=1213 CharacterOffsetEnd=1218 PartOfSpeech=JJ] [Text=powders CharacterOffsetBegin=1219 CharacterOffsetEnd=1226 PartOfSpeech=NNS] [Text=himself CharacterOffsetBegin=1227 CharacterOffsetEnd=1234 PartOfSpeech=PRP] [Text=? CharacterOffsetBegin=1234 CharacterOffsetEnd=1235 PartOfSpeech=.] 
root(ROOT-0, likes-2)
nsubj(likes-2, One-1)
dobj(likes-2, women-3)
punct(likes-2, ,-4)
det(powders-7, the-5)
amod(powders-7, other-6)
dep(likes-2, powders-7)
dep(powders-7, himself-8)
punct(likes-2, ?-9)

Sentence #14 (2 tokens):
Riiight.
[Text=Riiight CharacterOffsetBegin=1240 CharacterOffsetEnd=1247 PartOfSpeech=NN] [Text=. CharacterOffsetBegin=1247 CharacterOffsetEnd=1248 PartOfSpeech=.] 
root(ROOT-0, Riiight-1)
punct(Riiight-1, .-2)

Sentence #15 (30 tokens):
Ok, so if you're looking for a great French Revolution movie I HIGHLY recommend "La Revolution Francaise"...it's in two parts and oh-so-great!
[Text=Ok CharacterOffsetBegin=1253 CharacterOffsetEnd=1255 PartOfSpeech=NNP] [Text=, CharacterOffsetBegin=1255 CharacterOffsetEnd=1256 PartOfSpeech=,] [Text=so CharacterOffsetBegin=1257 CharacterOffsetEnd=1259 PartOfSpeech=RB] [Text=if CharacterOffsetBegin=1260 CharacterOffsetEnd=1262 PartOfSpeech=IN] [Text=you CharacterOffsetBegin=1263 CharacterOffsetEnd=1266 PartOfSpeech=PRP] [Text='re CharacterOffsetBegin=1266 CharacterOffsetEnd=1269 PartOfSpeech=VBP] [Text=looking CharacterOffsetBegin=1270 CharacterOffsetEnd=1277 PartOfSpeech=VBG] [Text=for CharacterOffsetBegin=1278 CharacterOffsetEnd=1281 PartOfSpeech=IN] [Text=a CharacterOffsetBegin=1282 CharacterOffsetEnd=1283 PartOfSpeech=DT] [Text=great CharacterOffsetBegin=1284 CharacterOffsetEnd=1289 PartOfSpeech=JJ] [Text=French CharacterOffsetBegin=1290 CharacterOffsetEnd=1296 PartOfSpeech=JJ] [Text=Revolution CharacterOffsetBegin=1297 CharacterOffsetEnd=1307 PartOfSpeech=NN] [Text=movie CharacterOffsetBegin=1308 CharacterOffsetEnd=1313 PartOfSpeech=NN] [Text=I CharacterOffsetBegin=1314 CharacterOffsetEnd=1315 PartOfSpeech=PRP] [Text=HIGHLY CharacterOffsetBegin=1316 CharacterOffsetEnd=1322 PartOfSpeech=RB] [Text=recommend CharacterOffsetBegin=1323 CharacterOffsetEnd=1332 PartOfSpeech=VB] [Text=`` CharacterOffsetBegin=1333 CharacterOffsetEnd=1334 PartOfSpeech=``] [Text=La CharacterOffsetBegin=1334 CharacterOffsetEnd=1336 PartOfSpeech=NNP] [Text=Revolution CharacterOffsetBegin=1337 CharacterOffsetEnd=1347 PartOfSpeech=NNP] [Text=Francaise CharacterOffsetBegin=1348 CharacterOffsetEnd=1357 PartOfSpeech=NNP] [Text='' CharacterOffsetBegin=1357 CharacterOffsetEnd=1358 PartOfSpeech=''] [Text=... CharacterOffsetBegin=1358 CharacterOffsetEnd=1361 PartOfSpeech=:] [Text=it CharacterOffsetBegin=1361 CharacterOffsetEnd=1363 PartOfSpeech=PRP] [Text='s CharacterOffsetBegin=1363 CharacterOffsetEnd=1365 PartOfSpeech=VBZ] [Text=in CharacterOffsetBegin=1366 CharacterOffsetEnd=1368 PartOfSpeech=IN] [Text=two CharacterOffsetBegin=1369 CharacterOffsetEnd=1372 PartOfSpeech=CD] [Text=parts CharacterOffsetBegin=1373 CharacterOffsetEnd=1378 PartOfSpeech=NNS] [Text=and CharacterOffsetBegin=1379 CharacterOffsetEnd=1382 PartOfSpeech=CC] [Text=oh-so-great CharacterOffsetBegin=1383 CharacterOffsetEnd=1394 PartOfSpeech=NN] [Text=! CharacterOffsetBegin=1394 CharacterOffsetEnd=1395 PartOfSpeech=.] 
root(ROOT-0, Ok-1)
punct(Ok-1, ,-2)
advmod(Ok-1, so-3)
mark(looking-7, if-4)
nsubj(looking-7, you-5)
aux(looking-7, 're-6)
dep(Ok-1, looking-7)
prep(looking-7, for-8)
det(movie-13, a-9)
amod(movie-13, great-10)
amod(movie-13, French-11)
nn(movie-13, Revolution-12)
pobj(for-8, movie-13)
nsubj(recommend-16, I-14)
advmod(recommend-16, HIGHLY-15)
rcmod(movie-13, recommend-16)
punct(recommend-16, ``-17)
nn(Francaise-20, La-18)
nn(Francaise-20, Revolution-19)
dobj(recommend-16, Francaise-20)
punct(recommend-16, ''-21)
punct(Ok-1, ...-22)
nsubj('s-24, it-23)
dep(Ok-1, 's-24)
prep('s-24, in-25)
num(parts-27, two-26)
pobj(in-25, parts-27)
cc(parts-27, and-28)
conj(parts-27, oh-so-great-29)
punct(Ok-1, !-30)

Sentence #16 (15 tokens):
Excellent performances, in-depth script, juicy tid bits...definitely a satisfying experience!!
[Text=Excellent CharacterOffsetBegin=1400 CharacterOffsetEnd=1409 PartOfSpeech=JJ] [Text=performances CharacterOffsetBegin=1410 CharacterOffsetEnd=1422 PartOfSpeech=NNS] [Text=, CharacterOffsetBegin=1422 CharacterOffsetEnd=1423 PartOfSpeech=,] [Text=in-depth CharacterOffsetBegin=1424 CharacterOffsetEnd=1432 PartOfSpeech=JJ] [Text=script CharacterOffsetBegin=1433 CharacterOffsetEnd=1439 PartOfSpeech=NN] [Text=, CharacterOffsetBegin=1439 CharacterOffsetEnd=1440 PartOfSpeech=,] [Text=juicy CharacterOffsetBegin=1441 CharacterOffsetEnd=1446 PartOfSpeech=NN] [Text=tid CharacterOffsetBegin=1447 CharacterOffsetEnd=1450 PartOfSpeech=NN] [Text=bits CharacterOffsetBegin=1451 CharacterOffsetEnd=1455 PartOfSpeech=NNS] [Text=... CharacterOffsetBegin=1455 CharacterOffsetEnd=1458 PartOfSpeech=:] [Text=definitely CharacterOffsetBegin=1458 CharacterOffsetEnd=1468 PartOfSpeech=RB] [Text=a CharacterOffsetBegin=1469 CharacterOffsetEnd=1470 PartOfSpeech=DT] [Text=satisfying CharacterOffsetBegin=1471 CharacterOffsetEnd=1481 PartOfSpeech=JJ] [Text=experience CharacterOffsetBegin=1482 CharacterOffsetEnd=1492 PartOfSpeech=NN] [Text=!! CharacterOffsetBegin=1492 CharacterOffsetEnd=1494 PartOfSpeech=IN] 
root(ROOT-0, performances-2)
amod(performances-2, Excellent-1)
punct(performances-2, ,-3)
amod(script-5, in-depth-4)
conj(performances-2, script-5)
punct(performances-2, ,-6)
nn(bits-9, juicy-7)
nn(bits-9, tid-8)
appos(performances-2, bits-9)
punct(performances-2, ...-10)
advmod(experience-14, definitely-11)
det(experience-14, a-12)
amod(experience-14, satisfying-13)
dep(performances-2, experience-14)
dep(experience-14, !!-15)

Sentence #17 (28 tokens):
Klaus-Maria Brandauer is a much better Danton than Depardieu...the wonderful Andrzej Seweryn apparently took some notes from "Danton" and is BRILLIANT as Robespierre.
[Text=Klaus-Maria CharacterOffsetBegin=1499 CharacterOffsetEnd=1510 PartOfSpeech=NNP] [Text=Brandauer CharacterOffsetBegin=1511 CharacterOffsetEnd=1520 PartOfSpeech=NNP] [Text=is CharacterOffsetBegin=1521 CharacterOffsetEnd=1523 PartOfSpeech=VBZ] [Text=a CharacterOffsetBegin=1524 CharacterOffsetEnd=1525 PartOfSpeech=DT] [Text=much CharacterOffsetBegin=1526 CharacterOffsetEnd=1530 PartOfSpeech=RB] [Text=better CharacterOffsetBegin=1531 CharacterOffsetEnd=1537 PartOfSpeech=JJR] [Text=Danton CharacterOffsetBegin=1538 CharacterOffsetEnd=1544 PartOfSpeech=NNP] [Text=than CharacterOffsetBegin=1545 CharacterOffsetEnd=1549 PartOfSpeech=IN] [Text=Depardieu CharacterOffsetBegin=1550 CharacterOffsetEnd=1559 PartOfSpeech=NNP] [Text=... CharacterOffsetBegin=1559 CharacterOffsetEnd=1562 PartOfSpeech=:] [Text=the CharacterOffsetBegin=1562 CharacterOffsetEnd=1565 PartOfSpeech=DT] [Text=wonderful CharacterOffsetBegin=1566 CharacterOffsetEnd=1575 PartOfSpeech=JJ] [Text=Andrzej CharacterOffsetBegin=1576 CharacterOffsetEnd=1583 PartOfSpeech=NNP] [Text=Seweryn CharacterOffsetBegin=1584 CharacterOffsetEnd=1591 PartOfSpeech=NNP] [Text=apparently CharacterOffsetBegin=1592 CharacterOffsetEnd=1602 PartOfSpeech=RB] [Text=took CharacterOffsetBegin=1603 CharacterOffsetEnd=1607 PartOfSpeech=VBD] [Text=some CharacterOffsetBegin=1608 CharacterOffsetEnd=1612 PartOfSpeech=DT] [Text=notes CharacterOffsetBegin=1613 CharacterOffsetEnd=1618 PartOfSpeech=NNS] [Text=from CharacterOffsetBegin=1619 CharacterOffsetEnd=1623 PartOfSpeech=IN] [Text=`` CharacterOffsetBegin=1624 CharacterOffsetEnd=1625 PartOfSpeech=``] [Text=Danton CharacterOffsetBegin=1625 CharacterOffsetEnd=1631 PartOfSpeech=NNP] [Text='' CharacterOffsetBegin=1631 CharacterOffsetEnd=1632 PartOfSpeech=''] [Text=and CharacterOffsetBegin=1633 CharacterOffsetEnd=1636 PartOfSpeech=CC] [Text=is CharacterOffsetBegin=1637 CharacterOffsetEnd=1639 PartOfSpeech=VBZ] [Text=BRILLIANT CharacterOffsetBegin=1640 CharacterOffsetEnd=1649 PartOfSpeech=JJ] [Text=as CharacterOffsetBegin=1650 CharacterOffsetEnd=1652 PartOfSpeech=IN] [Text=Robespierre CharacterOffsetBegin=1653 CharacterOffsetEnd=1664 PartOfSpeech=NNP] [Text=. CharacterOffsetBegin=1664 CharacterOffsetEnd=1665 PartOfSpeech=.] 
root(ROOT-0, Danton-7)
nn(Brandauer-2, Klaus-Maria-1)
nsubj(Danton-7, Brandauer-2)
cop(Danton-7, is-3)
det(Danton-7, a-4)
advmod(better-6, much-5)
amod(Danton-7, better-6)
prep(Danton-7, than-8)
pobj(than-8, Depardieu-9)
punct(Danton-7, ...-10)
det(Seweryn-14, the-11)
amod(Seweryn-14, wonderful-12)
nn(Seweryn-14, Andrzej-13)
nsubj(took-16, Seweryn-14)
advmod(took-16, apparently-15)
parataxis(Danton-7, took-16)
det(notes-18, some-17)
dobj(took-16, notes-18)
prep(took-16, from-19)
punct(Danton-21, ``-20)
pobj(from-19, Danton-21)
punct(Danton-21, ''-22)
cc(took-16, and-23)
cop(BRILLIANT-25, is-24)
conj(took-16, BRILLIANT-25)
prep(BRILLIANT-25, as-26)
pobj(as-26, Robespierre-27)
punct(Danton-7, .-28)

Sentence #18 (3 tokens):
SEE IT!
[Text=SEE CharacterOffsetBegin=1670 CharacterOffsetEnd=1673 PartOfSpeech=VB] [Text=IT CharacterOffsetBegin=1674 CharacterOffsetEnd=1676 PartOfSpeech=PRP] [Text=! CharacterOffsetBegin=1676 CharacterOffsetEnd=1677 PartOfSpeech=.] 
root(ROOT-0, SEE-1)
dobj(SEE-1, IT-2)
punct(SEE-1, !-3)

Sentence #19 (2 tokens):
NOW!
[Text=NOW CharacterOffsetBegin=1682 CharacterOffsetEnd=1685 PartOfSpeech=RB] [Text=! CharacterOffsetBegin=1685 CharacterOffsetEnd=1686 PartOfSpeech=.] 
root(ROOT-0, NOW-1)
punct(NOW-1, !-2)

Sentence #20 (25 tokens):
As for Wajda fans -- you're better off with "Man of Iron/Marble", "Promised Land", and the like.
[Text=As CharacterOffsetBegin=1691 CharacterOffsetEnd=1693 PartOfSpeech=IN] [Text=for CharacterOffsetBegin=1694 CharacterOffsetEnd=1697 PartOfSpeech=IN] [Text=Wajda CharacterOffsetBegin=1698 CharacterOffsetEnd=1703 PartOfSpeech=NNP] [Text=fans CharacterOffsetBegin=1704 CharacterOffsetEnd=1708 PartOfSpeech=NNS] [Text=-- CharacterOffsetBegin=1709 CharacterOffsetEnd=1711 PartOfSpeech=:] [Text=you CharacterOffsetBegin=1712 CharacterOffsetEnd=1715 PartOfSpeech=PRP] [Text='re CharacterOffsetBegin=1715 CharacterOffsetEnd=1718 PartOfSpeech=VBP] [Text=better CharacterOffsetBegin=1719 CharacterOffsetEnd=1725 PartOfSpeech=JJR] [Text=off CharacterOffsetBegin=1726 CharacterOffsetEnd=1729 PartOfSpeech=RP] [Text=with CharacterOffsetBegin=1730 CharacterOffsetEnd=1734 PartOfSpeech=IN] [Text=`` CharacterOffsetBegin=1735 CharacterOffsetEnd=1736 PartOfSpeech=``] [Text=Man CharacterOffsetBegin=1736 CharacterOffsetEnd=1739 PartOfSpeech=NN] [Text=of CharacterOffsetBegin=1740 CharacterOffsetEnd=1742 PartOfSpeech=IN] [Text=Iron/Marble CharacterOffsetBegin=1743 CharacterOffsetEnd=1754 PartOfSpeech=NNP] [Text='' CharacterOffsetBegin=1754 CharacterOffsetEnd=1755 PartOfSpeech=''] [Text=, CharacterOffsetBegin=1755 CharacterOffsetEnd=1756 PartOfSpeech=,] [Text=`` CharacterOffsetBegin=1757 CharacterOffsetEnd=1758 PartOfSpeech=``] [Text=Promised CharacterOffsetBegin=1758 CharacterOffsetEnd=1766 PartOfSpeech=VBD] [Text=Land CharacterOffsetBegin=1767 CharacterOffsetEnd=1771 PartOfSpeech=NNP] [Text='' CharacterOffsetBegin=1771 CharacterOffsetEnd=1772 PartOfSpeech=''] [Text=, CharacterOffsetBegin=1772 CharacterOffsetEnd=1773 PartOfSpeech=,] [Text=and CharacterOffsetBegin=1774 CharacterOffsetEnd=1777 PartOfSpeech=CC] [Text=the CharacterOffsetBegin=1778 CharacterOffsetEnd=1781 PartOfSpeech=DT] [Text=like CharacterOffsetBegin=1782 CharacterOffsetEnd=1786 PartOfSpeech=JJ] [Text=. CharacterOffsetBegin=1786 CharacterOffsetEnd=1787 PartOfSpeech=.] 
root(ROOT-0, better-8)
prep(better-8, As-1)
pcomp(As-1, for-2)
nn(fans-4, Wajda-3)
pobj(for-2, fans-4)
punct(better-8, ---5)
nsubj(better-8, you-6)
cop(better-8, 're-7)
dep(better-8, off-9)
prep(better-8, with-10)
punct(with-10, ``-11)
pobj(with-10, Man-12)
prep(Man-12, of-13)
pobj(of-13, Iron/Marble-14)
punct(with-10, ''-15)
punct(better-8, ,-16)
punct(Land-19, ``-17)
nn(Land-19, Promised-18)
dep(better-8, Land-19)
punct(Land-19, ''-20)
punct(better-8, ,-21)
cc(better-8, and-22)
det(like-24, the-23)
conj(better-8, like-24)
punct(better-8, .-25)

Sentence #21 (2 tokens):
Cheers!
[Text=Cheers CharacterOffsetBegin=1792 CharacterOffsetEnd=1798 PartOfSpeech=NNP] [Text=! CharacterOffsetBegin=1798 CharacterOffsetEnd=1799 PartOfSpeech=.] 
root(ROOT-0, Cheers-1)
punct(Cheers-1, !-2)

Sentence #22 (1 tokens):
!
[Text=! CharacterOffsetBegin=1804 CharacterOffsetEnd=1805 PartOfSpeech=.] 
root(ROOT-0, !-1)

