Sentence #1 (26 tokens):
In Mississippi, the former blues man Lazarus (Samuel L. Jackson) is in crisis, missing his wife that has just left him.
[Text=In CharacterOffsetBegin=4 CharacterOffsetEnd=6 PartOfSpeech=IN] [Text=Mississippi CharacterOffsetBegin=7 CharacterOffsetEnd=18 PartOfSpeech=NNP] [Text=, CharacterOffsetBegin=18 CharacterOffsetEnd=19 PartOfSpeech=,] [Text=the CharacterOffsetBegin=20 CharacterOffsetEnd=23 PartOfSpeech=DT] [Text=former CharacterOffsetBegin=24 CharacterOffsetEnd=30 PartOfSpeech=JJ] [Text=blues CharacterOffsetBegin=31 CharacterOffsetEnd=36 PartOfSpeech=NNS] [Text=man CharacterOffsetBegin=37 CharacterOffsetEnd=40 PartOfSpeech=NN] [Text=Lazarus CharacterOffsetBegin=41 CharacterOffsetEnd=48 PartOfSpeech=NNP] [Text=-LRB- CharacterOffsetBegin=49 CharacterOffsetEnd=50 PartOfSpeech=-LRB-] [Text=Samuel CharacterOffsetBegin=50 CharacterOffsetEnd=56 PartOfSpeech=NNP] [Text=L. CharacterOffsetBegin=57 CharacterOffsetEnd=59 PartOfSpeech=NNP] [Text=Jackson CharacterOffsetBegin=60 CharacterOffsetEnd=67 PartOfSpeech=NNP] [Text=-RRB- CharacterOffsetBegin=67 CharacterOffsetEnd=68 PartOfSpeech=-RRB-] [Text=is CharacterOffsetBegin=69 CharacterOffsetEnd=71 PartOfSpeech=VBZ] [Text=in CharacterOffsetBegin=72 CharacterOffsetEnd=74 PartOfSpeech=IN] [Text=crisis CharacterOffsetBegin=75 CharacterOffsetEnd=81 PartOfSpeech=NN] [Text=, CharacterOffsetBegin=81 CharacterOffsetEnd=82 PartOfSpeech=,] [Text=missing CharacterOffsetBegin=83 CharacterOffsetEnd=90 PartOfSpeech=VBG] [Text=his CharacterOffsetBegin=91 CharacterOffsetEnd=94 PartOfSpeech=PRP$] [Text=wife CharacterOffsetBegin=95 CharacterOffsetEnd=99 PartOfSpeech=NN] [Text=that CharacterOffsetBegin=100 CharacterOffsetEnd=104 PartOfSpeech=WDT] [Text=has CharacterOffsetBegin=105 CharacterOffsetEnd=108 PartOfSpeech=VBZ] [Text=just CharacterOffsetBegin=109 CharacterOffsetEnd=113 PartOfSpeech=RB] [Text=left CharacterOffsetBegin=114 CharacterOffsetEnd=118 PartOfSpeech=VBN] [Text=him CharacterOffsetBegin=119 CharacterOffsetEnd=122 PartOfSpeech=PRP] [Text=. CharacterOffsetBegin=122 CharacterOffsetEnd=123 PartOfSpeech=.] 
root(ROOT-0, In-1)
pobj(In-1, Mississippi-2)
punct(In-1, ,-3)
dep(,-3, the-4)
amod(the-4, former-5)
dep(former-5, blues-6)
dobj(blues-6, man-7)
nsubj(is-14, Lazarus-8)
punct(Jackson-12, -LRB--9)
nn(Jackson-12, Samuel-10)
nn(Jackson-12, L.-11)
appos(Lazarus-8, Jackson-12)
punct(Jackson-12, -RRB--13)
rcmod(man-7, is-14)
prep(is-14, in-15)
pobj(in-15, crisis-16)
punct(blues-6, ,-17)
partmod(blues-6, missing-18)
poss(wife-20, his-19)
dobj(missing-18, wife-20)
nsubj(left-24, that-21)
aux(left-24, has-22)
advmod(left-24, just-23)
rcmod(wife-20, left-24)
dobj(left-24, him-25)
punct(the-4, .-26)

Sentence #2 (28 tokens):
He finds the town slut and nymphomaniac Rae (Chritina Ricci) dumped on the road nearby his little farm, drugged, beaten and almost dead.
[Text=He CharacterOffsetBegin=128 CharacterOffsetEnd=130 PartOfSpeech=PRP] [Text=finds CharacterOffsetBegin=131 CharacterOffsetEnd=136 PartOfSpeech=VBZ] [Text=the CharacterOffsetBegin=137 CharacterOffsetEnd=140 PartOfSpeech=DT] [Text=town CharacterOffsetBegin=141 CharacterOffsetEnd=145 PartOfSpeech=NN] [Text=slut CharacterOffsetBegin=146 CharacterOffsetEnd=150 PartOfSpeech=NN] [Text=and CharacterOffsetBegin=151 CharacterOffsetEnd=154 PartOfSpeech=CC] [Text=nymphomaniac CharacterOffsetBegin=155 CharacterOffsetEnd=167 PartOfSpeech=NN] [Text=Rae CharacterOffsetBegin=168 CharacterOffsetEnd=171 PartOfSpeech=NNP] [Text=-LRB- CharacterOffsetBegin=172 CharacterOffsetEnd=173 PartOfSpeech=-LRB-] [Text=Chritina CharacterOffsetBegin=173 CharacterOffsetEnd=181 PartOfSpeech=NNP] [Text=Ricci CharacterOffsetBegin=182 CharacterOffsetEnd=187 PartOfSpeech=NNP] [Text=-RRB- CharacterOffsetBegin=187 CharacterOffsetEnd=188 PartOfSpeech=-RRB-] [Text=dumped CharacterOffsetBegin=189 CharacterOffsetEnd=195 PartOfSpeech=VBN] [Text=on CharacterOffsetBegin=196 CharacterOffsetEnd=198 PartOfSpeech=IN] [Text=the CharacterOffsetBegin=199 CharacterOffsetEnd=202 PartOfSpeech=DT] [Text=road CharacterOffsetBegin=203 CharacterOffsetEnd=207 PartOfSpeech=NN] [Text=nearby CharacterOffsetBegin=208 CharacterOffsetEnd=214 PartOfSpeech=JJ] [Text=his CharacterOffsetBegin=215 CharacterOffsetEnd=218 PartOfSpeech=PRP$] [Text=little CharacterOffsetBegin=219 CharacterOffsetEnd=225 PartOfSpeech=JJ] [Text=farm CharacterOffsetBegin=226 CharacterOffsetEnd=230 PartOfSpeech=NN] [Text=, CharacterOffsetBegin=230 CharacterOffsetEnd=231 PartOfSpeech=,] [Text=drugged CharacterOffsetBegin=232 CharacterOffsetEnd=239 PartOfSpeech=VBN] [Text=, CharacterOffsetBegin=239 CharacterOffsetEnd=240 PartOfSpeech=,] [Text=beaten CharacterOffsetBegin=241 CharacterOffsetEnd=247 PartOfSpeech=VBN] [Text=and CharacterOffsetBegin=248 CharacterOffsetEnd=251 PartOfSpeech=CC] [Text=almost CharacterOffsetBegin=252 CharacterOffsetEnd=258 PartOfSpeech=RB] [Text=dead CharacterOffsetBegin=259 CharacterOffsetEnd=263 PartOfSpeech=JJ] [Text=. CharacterOffsetBegin=263 CharacterOffsetEnd=264 PartOfSpeech=.] 
root(ROOT-0, finds-2)
nsubj(finds-2, He-1)
det(slut-5, the-3)
nn(slut-5, town-4)
dobj(finds-2, slut-5)
cc(slut-5, and-6)
conj(slut-5, nymphomaniac-7)
dep(nymphomaniac-7, Rae-8)
punct(dumped-13, -LRB--9)
nsubjpass(dumped-13, Chritina-10)
auxpass(dumped-13, Ricci-11)
punct(dumped-13, -RRB--12)
dep(Rae-8, dumped-13)
prep(dumped-13, on-14)
det(road-16, the-15)
pobj(on-14, road-16)
amod(farm-20, nearby-17)
poss(farm-20, his-18)
amod(farm-20, little-19)
dobj(dumped-13, farm-20)
punct(farm-20, ,-21)
conj(farm-20, drugged-22)
punct(farm-20, ,-23)
conj(farm-20, beaten-24)
cc(farm-20, and-25)
advmod(dead-27, almost-26)
conj(farm-20, dead-27)
punct(finds-2, .-28)

Sentence #3 (24 tokens):
Lazarus brings her home, giving medicine and nursing and nourishing her like a father, keeping her chained to control her heat.
[Text=Lazarus CharacterOffsetBegin=269 CharacterOffsetEnd=276 PartOfSpeech=NNP] [Text=brings CharacterOffsetBegin=277 CharacterOffsetEnd=283 PartOfSpeech=VBZ] [Text=her CharacterOffsetBegin=284 CharacterOffsetEnd=287 PartOfSpeech=PRP$] [Text=home CharacterOffsetBegin=288 CharacterOffsetEnd=292 PartOfSpeech=NN] [Text=, CharacterOffsetBegin=292 CharacterOffsetEnd=293 PartOfSpeech=,] [Text=giving CharacterOffsetBegin=294 CharacterOffsetEnd=300 PartOfSpeech=VBG] [Text=medicine CharacterOffsetBegin=301 CharacterOffsetEnd=309 PartOfSpeech=NN] [Text=and CharacterOffsetBegin=310 CharacterOffsetEnd=313 PartOfSpeech=CC] [Text=nursing CharacterOffsetBegin=314 CharacterOffsetEnd=321 PartOfSpeech=NN] [Text=and CharacterOffsetBegin=322 CharacterOffsetEnd=325 PartOfSpeech=CC] [Text=nourishing CharacterOffsetBegin=326 CharacterOffsetEnd=336 PartOfSpeech=VBG] [Text=her CharacterOffsetBegin=337 CharacterOffsetEnd=340 PartOfSpeech=PRP$] [Text=like CharacterOffsetBegin=341 CharacterOffsetEnd=345 PartOfSpeech=IN] [Text=a CharacterOffsetBegin=346 CharacterOffsetEnd=347 PartOfSpeech=DT] [Text=father CharacterOffsetBegin=348 CharacterOffsetEnd=354 PartOfSpeech=NN] [Text=, CharacterOffsetBegin=354 CharacterOffsetEnd=355 PartOfSpeech=,] [Text=keeping CharacterOffsetBegin=356 CharacterOffsetEnd=363 PartOfSpeech=VBG] [Text=her CharacterOffsetBegin=364 CharacterOffsetEnd=367 PartOfSpeech=PRP$] [Text=chained CharacterOffsetBegin=368 CharacterOffsetEnd=375 PartOfSpeech=JJ] [Text=to CharacterOffsetBegin=376 CharacterOffsetEnd=378 PartOfSpeech=TO] [Text=control CharacterOffsetBegin=379 CharacterOffsetEnd=386 PartOfSpeech=VB] [Text=her CharacterOffsetBegin=387 CharacterOffsetEnd=390 PartOfSpeech=PRP$] [Text=heat CharacterOffsetBegin=391 CharacterOffsetEnd=395 PartOfSpeech=NN] [Text=. CharacterOffsetBegin=395 CharacterOffsetEnd=396 PartOfSpeech=.] 
root(ROOT-0, brings-2)
nsubj(brings-2, Lazarus-1)
poss(home-4, her-3)
dobj(brings-2, home-4)
punct(brings-2, ,-5)
xcomp(brings-2, giving-6)
dobj(giving-6, medicine-7)
cc(medicine-7, and-8)
conj(medicine-7, nursing-9)
cc(giving-6, and-10)
conj(giving-6, nourishing-11)
dobj(nourishing-11, her-12)
prep(her-12, like-13)
det(father-15, a-14)
pobj(like-13, father-15)
punct(giving-6, ,-16)
partmod(giving-6, keeping-17)
poss(chained-19, her-18)
dobj(keeping-17, chained-19)
aux(control-21, to-20)
infmod(chained-19, control-21)
poss(heat-23, her-22)
dobj(control-21, heat-23)
punct(brings-2, .-24)

Sentence #4 (34 tokens):
When her boyfriend Ronnie (Justin Timberlake) is discharged from the army due to his anxiety issue, he misunderstands the relationship of Lazarus and Rae, and tries to kill him.
[Text=When CharacterOffsetBegin=401 CharacterOffsetEnd=405 PartOfSpeech=WRB] [Text=her CharacterOffsetBegin=406 CharacterOffsetEnd=409 PartOfSpeech=PRP$] [Text=boyfriend CharacterOffsetBegin=410 CharacterOffsetEnd=419 PartOfSpeech=NN] [Text=Ronnie CharacterOffsetBegin=420 CharacterOffsetEnd=426 PartOfSpeech=NNP] [Text=-LRB- CharacterOffsetBegin=427 CharacterOffsetEnd=428 PartOfSpeech=-LRB-] [Text=Justin CharacterOffsetBegin=428 CharacterOffsetEnd=434 PartOfSpeech=NNP] [Text=Timberlake CharacterOffsetBegin=435 CharacterOffsetEnd=445 PartOfSpeech=NNP] [Text=-RRB- CharacterOffsetBegin=445 CharacterOffsetEnd=446 PartOfSpeech=-RRB-] [Text=is CharacterOffsetBegin=447 CharacterOffsetEnd=449 PartOfSpeech=VBZ] [Text=discharged CharacterOffsetBegin=450 CharacterOffsetEnd=460 PartOfSpeech=VBN] [Text=from CharacterOffsetBegin=461 CharacterOffsetEnd=465 PartOfSpeech=IN] [Text=the CharacterOffsetBegin=466 CharacterOffsetEnd=469 PartOfSpeech=DT] [Text=army CharacterOffsetBegin=470 CharacterOffsetEnd=474 PartOfSpeech=NN] [Text=due CharacterOffsetBegin=475 CharacterOffsetEnd=478 PartOfSpeech=JJ] [Text=to CharacterOffsetBegin=479 CharacterOffsetEnd=481 PartOfSpeech=TO] [Text=his CharacterOffsetBegin=482 CharacterOffsetEnd=485 PartOfSpeech=PRP$] [Text=anxiety CharacterOffsetBegin=486 CharacterOffsetEnd=493 PartOfSpeech=NN] [Text=issue CharacterOffsetBegin=494 CharacterOffsetEnd=499 PartOfSpeech=NN] [Text=, CharacterOffsetBegin=499 CharacterOffsetEnd=500 PartOfSpeech=,] [Text=he CharacterOffsetBegin=501 CharacterOffsetEnd=503 PartOfSpeech=PRP] [Text=misunderstands CharacterOffsetBegin=504 CharacterOffsetEnd=518 PartOfSpeech=VBZ] [Text=the CharacterOffsetBegin=519 CharacterOffsetEnd=522 PartOfSpeech=DT] [Text=relationship CharacterOffsetBegin=523 CharacterOffsetEnd=535 PartOfSpeech=NN] [Text=of CharacterOffsetBegin=536 CharacterOffsetEnd=538 PartOfSpeech=IN] [Text=Lazarus CharacterOffsetBegin=539 CharacterOffsetEnd=546 PartOfSpeech=NNP] [Text=and CharacterOffsetBegin=547 CharacterOffsetEnd=550 PartOfSpeech=CC] [Text=Rae CharacterOffsetBegin=551 CharacterOffsetEnd=554 PartOfSpeech=NNP] [Text=, CharacterOffsetBegin=554 CharacterOffsetEnd=555 PartOfSpeech=,] [Text=and CharacterOffsetBegin=556 CharacterOffsetEnd=559 PartOfSpeech=CC] [Text=tries CharacterOffsetBegin=560 CharacterOffsetEnd=565 PartOfSpeech=VBZ] [Text=to CharacterOffsetBegin=566 CharacterOffsetEnd=568 PartOfSpeech=TO] [Text=kill CharacterOffsetBegin=569 CharacterOffsetEnd=573 PartOfSpeech=VB] [Text=him CharacterOffsetBegin=574 CharacterOffsetEnd=577 PartOfSpeech=PRP] [Text=. CharacterOffsetBegin=577 CharacterOffsetEnd=578 PartOfSpeech=.] 
root(ROOT-0, misunderstands-21)
advmod(discharged-10, When-1)
dep(discharged-10, her-2)
dep(discharged-10, boyfriend-3)
nsubjpass(discharged-10, Ronnie-4)
punct(Timberlake-7, -LRB--5)
nn(Timberlake-7, Justin-6)
appos(Ronnie-4, Timberlake-7)
punct(Timberlake-7, -RRB--8)
auxpass(discharged-10, is-9)
advcl(misunderstands-21, discharged-10)
prep(discharged-10, from-11)
det(army-13, the-12)
pobj(from-11, army-13)
prep(discharged-10, due-14)
prep(due-14, to-15)
poss(issue-18, his-16)
nn(issue-18, anxiety-17)
pobj(to-15, issue-18)
punct(misunderstands-21, ,-19)
nsubj(misunderstands-21, he-20)
det(relationship-23, the-22)
dobj(misunderstands-21, relationship-23)
prep(relationship-23, of-24)
pobj(of-24, Lazarus-25)
cc(Lazarus-25, and-26)
conj(Lazarus-25, Rae-27)
punct(misunderstands-21, ,-28)
cc(misunderstands-21, and-29)
conj(misunderstands-21, tries-30)
aux(kill-32, to-31)
xcomp(tries-30, kill-32)
dobj(kill-32, him-33)
punct(misunderstands-21, .-34)

Sentence #5 (18 tokens):
"Black Snake Moan" is a weird tale of faith, hope, love and blues.
[Text=`` CharacterOffsetBegin=578 CharacterOffsetEnd=579 PartOfSpeech=``] [Text=Black CharacterOffsetBegin=579 CharacterOffsetEnd=584 PartOfSpeech=JJ] [Text=Snake CharacterOffsetBegin=585 CharacterOffsetEnd=590 PartOfSpeech=NNP] [Text=Moan CharacterOffsetBegin=591 CharacterOffsetEnd=595 PartOfSpeech=NNP] [Text='' CharacterOffsetBegin=595 CharacterOffsetEnd=596 PartOfSpeech=''] [Text=is CharacterOffsetBegin=597 CharacterOffsetEnd=599 PartOfSpeech=VBZ] [Text=a CharacterOffsetBegin=600 CharacterOffsetEnd=601 PartOfSpeech=DT] [Text=weird CharacterOffsetBegin=602 CharacterOffsetEnd=607 PartOfSpeech=JJ] [Text=tale CharacterOffsetBegin=608 CharacterOffsetEnd=612 PartOfSpeech=NN] [Text=of CharacterOffsetBegin=613 CharacterOffsetEnd=615 PartOfSpeech=IN] [Text=faith CharacterOffsetBegin=616 CharacterOffsetEnd=621 PartOfSpeech=NN] [Text=, CharacterOffsetBegin=621 CharacterOffsetEnd=622 PartOfSpeech=,] [Text=hope CharacterOffsetBegin=623 CharacterOffsetEnd=627 PartOfSpeech=NN] [Text=, CharacterOffsetBegin=627 CharacterOffsetEnd=628 PartOfSpeech=,] [Text=love CharacterOffsetBegin=629 CharacterOffsetEnd=633 PartOfSpeech=NN] [Text=and CharacterOffsetBegin=634 CharacterOffsetEnd=637 PartOfSpeech=CC] [Text=blues CharacterOffsetBegin=638 CharacterOffsetEnd=643 PartOfSpeech=NNS] [Text=. CharacterOffsetBegin=643 CharacterOffsetEnd=644 PartOfSpeech=.] 
root(ROOT-0, tale-9)
punct(Moan-4, ``-1)
amod(Moan-4, Black-2)
nn(Moan-4, Snake-3)
nsubj(tale-9, Moan-4)
punct(Moan-4, ''-5)
cop(tale-9, is-6)
det(tale-9, a-7)
amod(tale-9, weird-8)
prep(tale-9, of-10)
pobj(of-10, faith-11)
punct(tale-9, ,-12)
appos(tale-9, hope-13)
punct(hope-13, ,-14)
conj(hope-13, love-15)
cc(hope-13, and-16)
conj(hope-13, blues-17)
punct(tale-9, .-18)

Sentence #6 (34 tokens):
The gifted Christina Ricci has an impressive performance in the role of a young tramp abused since her childhood by her father and having had sex with the whole town where she lives.
[Text=The CharacterOffsetBegin=649 CharacterOffsetEnd=652 PartOfSpeech=DT] [Text=gifted CharacterOffsetBegin=653 CharacterOffsetEnd=659 PartOfSpeech=JJ] [Text=Christina CharacterOffsetBegin=660 CharacterOffsetEnd=669 PartOfSpeech=NNP] [Text=Ricci CharacterOffsetBegin=670 CharacterOffsetEnd=675 PartOfSpeech=NNP] [Text=has CharacterOffsetBegin=676 CharacterOffsetEnd=679 PartOfSpeech=VBZ] [Text=an CharacterOffsetBegin=680 CharacterOffsetEnd=682 PartOfSpeech=DT] [Text=impressive CharacterOffsetBegin=683 CharacterOffsetEnd=693 PartOfSpeech=JJ] [Text=performance CharacterOffsetBegin=694 CharacterOffsetEnd=705 PartOfSpeech=NN] [Text=in CharacterOffsetBegin=706 CharacterOffsetEnd=708 PartOfSpeech=IN] [Text=the CharacterOffsetBegin=709 CharacterOffsetEnd=712 PartOfSpeech=DT] [Text=role CharacterOffsetBegin=713 CharacterOffsetEnd=717 PartOfSpeech=NN] [Text=of CharacterOffsetBegin=718 CharacterOffsetEnd=720 PartOfSpeech=IN] [Text=a CharacterOffsetBegin=721 CharacterOffsetEnd=722 PartOfSpeech=DT] [Text=young CharacterOffsetBegin=723 CharacterOffsetEnd=728 PartOfSpeech=JJ] [Text=tramp CharacterOffsetBegin=729 CharacterOffsetEnd=734 PartOfSpeech=NN] [Text=abused CharacterOffsetBegin=735 CharacterOffsetEnd=741 PartOfSpeech=VBD] [Text=since CharacterOffsetBegin=742 CharacterOffsetEnd=747 PartOfSpeech=IN] [Text=her CharacterOffsetBegin=748 CharacterOffsetEnd=751 PartOfSpeech=PRP$] [Text=childhood CharacterOffsetBegin=752 CharacterOffsetEnd=761 PartOfSpeech=NN] [Text=by CharacterOffsetBegin=762 CharacterOffsetEnd=764 PartOfSpeech=IN] [Text=her CharacterOffsetBegin=765 CharacterOffsetEnd=768 PartOfSpeech=PRP$] [Text=father CharacterOffsetBegin=769 CharacterOffsetEnd=775 PartOfSpeech=NN] [Text=and CharacterOffsetBegin=776 CharacterOffsetEnd=779 PartOfSpeech=CC] [Text=having CharacterOffsetBegin=780 CharacterOffsetEnd=786 PartOfSpeech=VBG] [Text=had CharacterOffsetBegin=787 CharacterOffsetEnd=790 PartOfSpeech=VBD] [Text=sex CharacterOffsetBegin=791 CharacterOffsetEnd=794 PartOfSpeech=NN] [Text=with CharacterOffsetBegin=795 CharacterOffsetEnd=799 PartOfSpeech=IN] [Text=the CharacterOffsetBegin=800 CharacterOffsetEnd=803 PartOfSpeech=DT] [Text=whole CharacterOffsetBegin=804 CharacterOffsetEnd=809 PartOfSpeech=JJ] [Text=town CharacterOffsetBegin=810 CharacterOffsetEnd=814 PartOfSpeech=NN] [Text=where CharacterOffsetBegin=815 CharacterOffsetEnd=820 PartOfSpeech=WRB] [Text=she CharacterOffsetBegin=821 CharacterOffsetEnd=824 PartOfSpeech=PRP] [Text=lives CharacterOffsetBegin=825 CharacterOffsetEnd=830 PartOfSpeech=VBZ] [Text=. CharacterOffsetBegin=830 CharacterOffsetEnd=831 PartOfSpeech=.] 
root(ROOT-0, has-5)
det(Ricci-4, The-1)
amod(Ricci-4, gifted-2)
nn(Ricci-4, Christina-3)
nsubj(has-5, Ricci-4)
det(performance-8, an-6)
amod(performance-8, impressive-7)
dobj(has-5, performance-8)
prep(performance-8, in-9)
det(role-11, the-10)
pobj(in-9, role-11)
prep(role-11, of-12)
det(tramp-15, a-13)
amod(tramp-15, young-14)
pobj(of-12, tramp-15)
partmod(tramp-15, abused-16)
prep(abused-16, since-17)
poss(childhood-19, her-18)
pobj(since-17, childhood-19)
prep(childhood-19, by-20)
poss(father-22, her-21)
pobj(by-20, father-22)
cc(has-5, and-23)
aux(had-25, having-24)
conj(has-5, had-25)
dobj(had-25, sex-26)
prep(had-25, with-27)
det(town-30, the-28)
amod(town-30, whole-29)
pobj(with-27, town-30)
advmod(lives-33, where-31)
nsubj(lives-33, she-32)
rcmod(town-30, lives-33)
punct(has-5, .-34)

Sentence #7 (25 tokens):
It is amazing the versatility of this actress, and probably this is the most mature work that I have seen Christina Ricci perform.
[Text=It CharacterOffsetBegin=836 CharacterOffsetEnd=838 PartOfSpeech=PRP] [Text=is CharacterOffsetBegin=839 CharacterOffsetEnd=841 PartOfSpeech=VBZ] [Text=amazing CharacterOffsetBegin=842 CharacterOffsetEnd=849 PartOfSpeech=JJ] [Text=the CharacterOffsetBegin=850 CharacterOffsetEnd=853 PartOfSpeech=DT] [Text=versatility CharacterOffsetBegin=854 CharacterOffsetEnd=865 PartOfSpeech=NN] [Text=of CharacterOffsetBegin=866 CharacterOffsetEnd=868 PartOfSpeech=IN] [Text=this CharacterOffsetBegin=869 CharacterOffsetEnd=873 PartOfSpeech=DT] [Text=actress CharacterOffsetBegin=874 CharacterOffsetEnd=881 PartOfSpeech=NN] [Text=, CharacterOffsetBegin=881 CharacterOffsetEnd=882 PartOfSpeech=,] [Text=and CharacterOffsetBegin=883 CharacterOffsetEnd=886 PartOfSpeech=CC] [Text=probably CharacterOffsetBegin=887 CharacterOffsetEnd=895 PartOfSpeech=RB] [Text=this CharacterOffsetBegin=896 CharacterOffsetEnd=900 PartOfSpeech=DT] [Text=is CharacterOffsetBegin=901 CharacterOffsetEnd=903 PartOfSpeech=VBZ] [Text=the CharacterOffsetBegin=904 CharacterOffsetEnd=907 PartOfSpeech=DT] [Text=most CharacterOffsetBegin=908 CharacterOffsetEnd=912 PartOfSpeech=RBS] [Text=mature CharacterOffsetBegin=913 CharacterOffsetEnd=919 PartOfSpeech=JJ] [Text=work CharacterOffsetBegin=920 CharacterOffsetEnd=924 PartOfSpeech=NN] [Text=that CharacterOffsetBegin=925 CharacterOffsetEnd=929 PartOfSpeech=IN] [Text=I CharacterOffsetBegin=930 CharacterOffsetEnd=931 PartOfSpeech=PRP] [Text=have CharacterOffsetBegin=932 CharacterOffsetEnd=936 PartOfSpeech=VBP] [Text=seen CharacterOffsetBegin=937 CharacterOffsetEnd=941 PartOfSpeech=VBN] [Text=Christina CharacterOffsetBegin=942 CharacterOffsetEnd=951 PartOfSpeech=NNP] [Text=Ricci CharacterOffsetBegin=952 CharacterOffsetEnd=957 PartOfSpeech=NNP] [Text=perform CharacterOffsetBegin=958 CharacterOffsetEnd=965 PartOfSpeech=VB] [Text=. CharacterOffsetBegin=965 CharacterOffsetEnd=966 PartOfSpeech=.] 
root(ROOT-0, amazing-3)
nsubj(amazing-3, It-1)
cop(amazing-3, is-2)
det(versatility-5, the-4)
dobj(amazing-3, versatility-5)
prep(versatility-5, of-6)
det(actress-8, this-7)
pobj(of-6, actress-8)
punct(versatility-5, ,-9)
cc(versatility-5, and-10)
advmod(work-17, probably-11)
nsubj(work-17, this-12)
cop(work-17, is-13)
det(work-17, the-14)
advmod(mature-16, most-15)
amod(work-17, mature-16)
conj(versatility-5, work-17)
mark(seen-21, that-18)
nsubj(seen-21, I-19)
aux(seen-21, have-20)
ccomp(work-17, seen-21)
nn(Ricci-23, Christina-22)
nsubj(perform-24, Ricci-23)
ccomp(seen-21, perform-24)
punct(amazing-3, .-25)

Sentence #8 (14 tokens):
Samuel L. Jackson has also a fantastic performance in the role of Lazarus.
[Text=Samuel CharacterOffsetBegin=971 CharacterOffsetEnd=977 PartOfSpeech=NNP] [Text=L. CharacterOffsetBegin=978 CharacterOffsetEnd=980 PartOfSpeech=NNP] [Text=Jackson CharacterOffsetBegin=981 CharacterOffsetEnd=988 PartOfSpeech=NNP] [Text=has CharacterOffsetBegin=989 CharacterOffsetEnd=992 PartOfSpeech=VBZ] [Text=also CharacterOffsetBegin=993 CharacterOffsetEnd=997 PartOfSpeech=RB] [Text=a CharacterOffsetBegin=998 CharacterOffsetEnd=999 PartOfSpeech=DT] [Text=fantastic CharacterOffsetBegin=1000 CharacterOffsetEnd=1009 PartOfSpeech=JJ] [Text=performance CharacterOffsetBegin=1010 CharacterOffsetEnd=1021 PartOfSpeech=NN] [Text=in CharacterOffsetBegin=1022 CharacterOffsetEnd=1024 PartOfSpeech=IN] [Text=the CharacterOffsetBegin=1025 CharacterOffsetEnd=1028 PartOfSpeech=DT] [Text=role CharacterOffsetBegin=1029 CharacterOffsetEnd=1033 PartOfSpeech=NN] [Text=of CharacterOffsetBegin=1034 CharacterOffsetEnd=1036 PartOfSpeech=IN] [Text=Lazarus CharacterOffsetBegin=1037 CharacterOffsetEnd=1044 PartOfSpeech=NNP] [Text=. CharacterOffsetBegin=1044 CharacterOffsetEnd=1045 PartOfSpeech=.] 
root(ROOT-0, performance-8)
nn(Jackson-3, Samuel-1)
nn(Jackson-3, L.-2)
nsubj(performance-8, Jackson-3)
aux(performance-8, has-4)
advmod(performance-8, also-5)
det(performance-8, a-6)
amod(performance-8, fantastic-7)
prep(performance-8, in-9)
det(role-11, the-10)
pobj(in-9, role-11)
prep(role-11, of-12)
pobj(of-12, Lazarus-13)
punct(performance-8, .-14)

Sentence #9 (20 tokens):
The soundtrack is one of the most beautiful I have ever heard in a movie, with wonderful blues.
[Text=The CharacterOffsetBegin=1050 CharacterOffsetEnd=1053 PartOfSpeech=DT] [Text=soundtrack CharacterOffsetBegin=1054 CharacterOffsetEnd=1064 PartOfSpeech=NN] [Text=is CharacterOffsetBegin=1065 CharacterOffsetEnd=1067 PartOfSpeech=VBZ] [Text=one CharacterOffsetBegin=1068 CharacterOffsetEnd=1071 PartOfSpeech=CD] [Text=of CharacterOffsetBegin=1072 CharacterOffsetEnd=1074 PartOfSpeech=IN] [Text=the CharacterOffsetBegin=1075 CharacterOffsetEnd=1078 PartOfSpeech=DT] [Text=most CharacterOffsetBegin=1079 CharacterOffsetEnd=1083 PartOfSpeech=RBS] [Text=beautiful CharacterOffsetBegin=1084 CharacterOffsetEnd=1093 PartOfSpeech=JJ] [Text=I CharacterOffsetBegin=1094 CharacterOffsetEnd=1095 PartOfSpeech=PRP] [Text=have CharacterOffsetBegin=1096 CharacterOffsetEnd=1100 PartOfSpeech=VBP] [Text=ever CharacterOffsetBegin=1101 CharacterOffsetEnd=1105 PartOfSpeech=RB] [Text=heard CharacterOffsetBegin=1106 CharacterOffsetEnd=1111 PartOfSpeech=VBN] [Text=in CharacterOffsetBegin=1112 CharacterOffsetEnd=1114 PartOfSpeech=IN] [Text=a CharacterOffsetBegin=1115 CharacterOffsetEnd=1116 PartOfSpeech=DT] [Text=movie CharacterOffsetBegin=1117 CharacterOffsetEnd=1122 PartOfSpeech=NN] [Text=, CharacterOffsetBegin=1122 CharacterOffsetEnd=1123 PartOfSpeech=,] [Text=with CharacterOffsetBegin=1124 CharacterOffsetEnd=1128 PartOfSpeech=IN] [Text=wonderful CharacterOffsetBegin=1129 CharacterOffsetEnd=1138 PartOfSpeech=JJ] [Text=blues CharacterOffsetBegin=1139 CharacterOffsetEnd=1144 PartOfSpeech=NNS] [Text=. CharacterOffsetBegin=1144 CharacterOffsetEnd=1145 PartOfSpeech=.] 
root(ROOT-0, one-4)
det(soundtrack-2, The-1)
nsubj(one-4, soundtrack-2)
cop(one-4, is-3)
prep(one-4, of-5)
det(beautiful-8, the-6)
advmod(beautiful-8, most-7)
pobj(of-5, beautiful-8)
nsubj(heard-12, I-9)
aux(heard-12, have-10)
advmod(heard-12, ever-11)
rcmod(beautiful-8, heard-12)
prep(heard-12, in-13)
det(movie-15, a-14)
pobj(in-13, movie-15)
punct(one-4, ,-16)
prep(one-4, with-17)
amod(blues-19, wonderful-18)
pobj(with-17, blues-19)
punct(one-4, .-20)

Sentence #10 (26 tokens):
My vote is eight.Title (Brazil): "Entre o Cu e o Inferno" ("Between the Heaven and the Hell")
[Text=My CharacterOffsetBegin=1150 CharacterOffsetEnd=1152 PartOfSpeech=PRP$] [Text=vote CharacterOffsetBegin=1153 CharacterOffsetEnd=1157 PartOfSpeech=NN] [Text=is CharacterOffsetBegin=1158 CharacterOffsetEnd=1160 PartOfSpeech=VBZ] [Text=eight.Title CharacterOffsetBegin=1161 CharacterOffsetEnd=1172 PartOfSpeech=NN] [Text=-LRB- CharacterOffsetBegin=1173 CharacterOffsetEnd=1174 PartOfSpeech=-LRB-] [Text=Brazil CharacterOffsetBegin=1174 CharacterOffsetEnd=1180 PartOfSpeech=NNP] [Text=-RRB- CharacterOffsetBegin=1180 CharacterOffsetEnd=1181 PartOfSpeech=-RRB-] [Text=: CharacterOffsetBegin=1181 CharacterOffsetEnd=1182 PartOfSpeech=:] [Text=`` CharacterOffsetBegin=1183 CharacterOffsetEnd=1184 PartOfSpeech=``] [Text=Entre CharacterOffsetBegin=1184 CharacterOffsetEnd=1189 PartOfSpeech=NNP] [Text=o CharacterOffsetBegin=1190 CharacterOffsetEnd=1191 PartOfSpeech=NN] [Text=Cu CharacterOffsetBegin=1192 CharacterOffsetEnd=1194 PartOfSpeech=NN] [Text=e CharacterOffsetBegin=1195 CharacterOffsetEnd=1196 PartOfSpeech=SYM] [Text=o CharacterOffsetBegin=1197 CharacterOffsetEnd=1198 PartOfSpeech=NN] [Text=Inferno CharacterOffsetBegin=1199 CharacterOffsetEnd=1206 PartOfSpeech=NNP] [Text='' CharacterOffsetBegin=1206 CharacterOffsetEnd=1207 PartOfSpeech=''] [Text=-LRB- CharacterOffsetBegin=1208 CharacterOffsetEnd=1209 PartOfSpeech=-LRB-] [Text=`` CharacterOffsetBegin=1209 CharacterOffsetEnd=1210 PartOfSpeech=``] [Text=Between CharacterOffsetBegin=1210 CharacterOffsetEnd=1217 PartOfSpeech=IN] [Text=the CharacterOffsetBegin=1218 CharacterOffsetEnd=1221 PartOfSpeech=DT] [Text=Heaven CharacterOffsetBegin=1222 CharacterOffsetEnd=1228 PartOfSpeech=NNP] [Text=and CharacterOffsetBegin=1229 CharacterOffsetEnd=1232 PartOfSpeech=CC] [Text=the CharacterOffsetBegin=1233 CharacterOffsetEnd=1236 PartOfSpeech=DT] [Text=Hell CharacterOffsetBegin=1237 CharacterOffsetEnd=1241 PartOfSpeech=NNP] [Text='' CharacterOffsetBegin=1241 CharacterOffsetEnd=1242 PartOfSpeech=''] [Text=-RRB- CharacterOffsetBegin=1242 CharacterOffsetEnd=1243 PartOfSpeech=-RRB-] 
root(ROOT-0, eight.Title-4)
poss(vote-2, My-1)
nsubj(eight.Title-4, vote-2)
cop(eight.Title-4, is-3)
punct(Brazil-6, -LRB--5)
appos(eight.Title-4, Brazil-6)
punct(Brazil-6, -RRB--7)
punct(eight.Title-4, :-8)
punct(eight.Title-4, ``-9)
nn(Inferno-15, Entre-10)
nn(Inferno-15, o-11)
nn(Inferno-15, Cu-12)
dep(Inferno-15, e-13)
nn(Inferno-15, o-14)
dep(eight.Title-4, Inferno-15)
punct(Inferno-15, ''-16)
punct(Between-19, -LRB--17)
punct(Between-19, ``-18)
dep(Inferno-15, Between-19)
det(Heaven-21, the-20)
pobj(Between-19, Heaven-21)
cc(Heaven-21, and-22)
det(Hell-24, the-23)
conj(Heaven-21, Hell-24)
punct(Between-19, ''-25)
punct(Between-19, -RRB--26)

