Sentence #1 (9 tokens):
I saw this fine flick shortly leaving college.
[Text=I CharacterOffsetBegin=4 CharacterOffsetEnd=5 PartOfSpeech=PRP] [Text=saw CharacterOffsetBegin=6 CharacterOffsetEnd=9 PartOfSpeech=VBD] [Text=this CharacterOffsetBegin=10 CharacterOffsetEnd=14 PartOfSpeech=DT] [Text=fine CharacterOffsetBegin=15 CharacterOffsetEnd=19 PartOfSpeech=JJ] [Text=flick CharacterOffsetBegin=20 CharacterOffsetEnd=25 PartOfSpeech=NN] [Text=shortly CharacterOffsetBegin=26 CharacterOffsetEnd=33 PartOfSpeech=RB] [Text=leaving CharacterOffsetBegin=34 CharacterOffsetEnd=41 PartOfSpeech=VBG] [Text=college CharacterOffsetBegin=42 CharacterOffsetEnd=49 PartOfSpeech=NN] [Text=. CharacterOffsetBegin=49 CharacterOffsetEnd=50 PartOfSpeech=.] 
root(ROOT-0, saw-2)
nsubj(saw-2, I-1)
det(flick-5, this-3)
amod(flick-5, fine-4)
dobj(saw-2, flick-5)
advmod(leaving-7, shortly-6)
xcomp(saw-2, leaving-7)
dobj(leaving-7, college-8)
punct(saw-2, .-9)

Sentence #2 (26 tokens):
As I sat there happily watching Alice go from repressed virgin to sexual adventurer, I got to wondering why her sexual encounters seemed familiar.
[Text=As CharacterOffsetBegin=55 CharacterOffsetEnd=57 PartOfSpeech=IN] [Text=I CharacterOffsetBegin=58 CharacterOffsetEnd=59 PartOfSpeech=PRP] [Text=sat CharacterOffsetBegin=60 CharacterOffsetEnd=63 PartOfSpeech=VBD] [Text=there CharacterOffsetBegin=64 CharacterOffsetEnd=69 PartOfSpeech=EX] [Text=happily CharacterOffsetBegin=70 CharacterOffsetEnd=77 PartOfSpeech=RB] [Text=watching CharacterOffsetBegin=78 CharacterOffsetEnd=86 PartOfSpeech=VBG] [Text=Alice CharacterOffsetBegin=87 CharacterOffsetEnd=92 PartOfSpeech=NNP] [Text=go CharacterOffsetBegin=93 CharacterOffsetEnd=95 PartOfSpeech=VB] [Text=from CharacterOffsetBegin=96 CharacterOffsetEnd=100 PartOfSpeech=IN] [Text=repressed CharacterOffsetBegin=101 CharacterOffsetEnd=110 PartOfSpeech=VBN] [Text=virgin CharacterOffsetBegin=111 CharacterOffsetEnd=117 PartOfSpeech=JJ] [Text=to CharacterOffsetBegin=118 CharacterOffsetEnd=120 PartOfSpeech=TO] [Text=sexual CharacterOffsetBegin=121 CharacterOffsetEnd=127 PartOfSpeech=JJ] [Text=adventurer CharacterOffsetBegin=128 CharacterOffsetEnd=138 PartOfSpeech=NN] [Text=, CharacterOffsetBegin=138 CharacterOffsetEnd=139 PartOfSpeech=,] [Text=I CharacterOffsetBegin=140 CharacterOffsetEnd=141 PartOfSpeech=PRP] [Text=got CharacterOffsetBegin=142 CharacterOffsetEnd=145 PartOfSpeech=VBD] [Text=to CharacterOffsetBegin=146 CharacterOffsetEnd=148 PartOfSpeech=TO] [Text=wondering CharacterOffsetBegin=149 CharacterOffsetEnd=158 PartOfSpeech=VBG] [Text=why CharacterOffsetBegin=159 CharacterOffsetEnd=162 PartOfSpeech=WRB] [Text=her CharacterOffsetBegin=163 CharacterOffsetEnd=166 PartOfSpeech=PRP$] [Text=sexual CharacterOffsetBegin=167 CharacterOffsetEnd=173 PartOfSpeech=JJ] [Text=encounters CharacterOffsetBegin=174 CharacterOffsetEnd=184 PartOfSpeech=NNS] [Text=seemed CharacterOffsetBegin=185 CharacterOffsetEnd=191 PartOfSpeech=VBD] [Text=familiar CharacterOffsetBegin=192 CharacterOffsetEnd=200 PartOfSpeech=JJ] [Text=. CharacterOffsetBegin=200 CharacterOffsetEnd=201 PartOfSpeech=.] 
root(ROOT-0, go-8)
mark(sat-3, As-1)
nsubj(sat-3, I-2)
advcl(go-8, sat-3)
expl(go-8, there-4)
advmod(watching-6, happily-5)
dep(go-8, watching-6)
nsubj(go-8, Alice-7)
prep(go-8, from-9)
pobj(from-9, repressed-10)
amod(repressed-10, virgin-11)
prep(virgin-11, to-12)
amod(adventurer-14, sexual-13)
pobj(to-12, adventurer-14)
punct(go-8, ,-15)
nsubj(got-17, I-16)
ccomp(go-8, got-17)
prep(got-17, to-18)
pcomp(to-18, wondering-19)
advmod(familiar-25, why-20)
poss(encounters-23, her-21)
amod(encounters-23, sexual-22)
nsubj(familiar-25, encounters-23)
cop(familiar-25, seemed-24)
advcl(wondering-19, familiar-25)
punct(go-8, .-26)

Sentence #3 (9 tokens):
Then I remembered-- Intro Psych 101 Lecture!
[Text=Then CharacterOffsetBegin=206 CharacterOffsetEnd=210 PartOfSpeech=RB] [Text=I CharacterOffsetBegin=211 CharacterOffsetEnd=212 PartOfSpeech=PRP] [Text=remembered CharacterOffsetBegin=213 CharacterOffsetEnd=223 PartOfSpeech=VBD] [Text=-- CharacterOffsetBegin=223 CharacterOffsetEnd=225 PartOfSpeech=:] [Text=Intro CharacterOffsetBegin=226 CharacterOffsetEnd=231 PartOfSpeech=NNP] [Text=Psych CharacterOffsetBegin=232 CharacterOffsetEnd=237 PartOfSpeech=NNP] [Text=101 CharacterOffsetBegin=238 CharacterOffsetEnd=241 PartOfSpeech=CD] [Text=Lecture CharacterOffsetBegin=242 CharacterOffsetEnd=249 PartOfSpeech=NN] [Text=! CharacterOffsetBegin=249 CharacterOffsetEnd=250 PartOfSpeech=.] 
root(ROOT-0, remembered-3)
advmod(remembered-3, Then-1)
nsubj(remembered-3, I-2)
punct(remembered-3, ---4)
nn(Lecture-8, Intro-5)
nn(Lecture-8, Psych-6)
num(Lecture-8, 101-7)
parataxis(remembered-3, Lecture-8)
punct(remembered-3, !-9)

Sentence #4 (44 tokens):
One of the lectures dealt with the Psycho-Sexual Stages of Developement, basically the shift over time on what part of the body and its attendant stimulations gets our main attention, as well as the changing emphasis on what gives us pleasure.
[Text=One CharacterOffsetBegin=255 CharacterOffsetEnd=258 PartOfSpeech=CD] [Text=of CharacterOffsetBegin=259 CharacterOffsetEnd=261 PartOfSpeech=IN] [Text=the CharacterOffsetBegin=262 CharacterOffsetEnd=265 PartOfSpeech=DT] [Text=lectures CharacterOffsetBegin=266 CharacterOffsetEnd=274 PartOfSpeech=VBZ] [Text=dealt CharacterOffsetBegin=275 CharacterOffsetEnd=280 PartOfSpeech=VBN] [Text=with CharacterOffsetBegin=281 CharacterOffsetEnd=285 PartOfSpeech=IN] [Text=the CharacterOffsetBegin=286 CharacterOffsetEnd=289 PartOfSpeech=DT] [Text=Psycho-Sexual CharacterOffsetBegin=290 CharacterOffsetEnd=303 PartOfSpeech=JJ] [Text=Stages CharacterOffsetBegin=304 CharacterOffsetEnd=310 PartOfSpeech=NNS] [Text=of CharacterOffsetBegin=311 CharacterOffsetEnd=313 PartOfSpeech=IN] [Text=Developement CharacterOffsetBegin=314 CharacterOffsetEnd=326 PartOfSpeech=NNP] [Text=, CharacterOffsetBegin=326 CharacterOffsetEnd=327 PartOfSpeech=,] [Text=basically CharacterOffsetBegin=328 CharacterOffsetEnd=337 PartOfSpeech=RB] [Text=the CharacterOffsetBegin=338 CharacterOffsetEnd=341 PartOfSpeech=DT] [Text=shift CharacterOffsetBegin=342 CharacterOffsetEnd=347 PartOfSpeech=NN] [Text=over CharacterOffsetBegin=348 CharacterOffsetEnd=352 PartOfSpeech=IN] [Text=time CharacterOffsetBegin=353 CharacterOffsetEnd=357 PartOfSpeech=NN] [Text=on CharacterOffsetBegin=358 CharacterOffsetEnd=360 PartOfSpeech=IN] [Text=what CharacterOffsetBegin=361 CharacterOffsetEnd=365 PartOfSpeech=WP] [Text=part CharacterOffsetBegin=366 CharacterOffsetEnd=370 PartOfSpeech=NN] [Text=of CharacterOffsetBegin=371 CharacterOffsetEnd=373 PartOfSpeech=IN] [Text=the CharacterOffsetBegin=374 CharacterOffsetEnd=377 PartOfSpeech=DT] [Text=body CharacterOffsetBegin=378 CharacterOffsetEnd=382 PartOfSpeech=NN] [Text=and CharacterOffsetBegin=383 CharacterOffsetEnd=386 PartOfSpeech=CC] [Text=its CharacterOffsetBegin=387 CharacterOffsetEnd=390 PartOfSpeech=PRP$] [Text=attendant CharacterOffsetBegin=391 CharacterOffsetEnd=400 PartOfSpeech=JJ] [Text=stimulations CharacterOffsetBegin=401 CharacterOffsetEnd=413 PartOfSpeech=NNS] [Text=gets CharacterOffsetBegin=414 CharacterOffsetEnd=418 PartOfSpeech=VBZ] [Text=our CharacterOffsetBegin=419 CharacterOffsetEnd=422 PartOfSpeech=PRP$] [Text=main CharacterOffsetBegin=423 CharacterOffsetEnd=427 PartOfSpeech=JJ] [Text=attention CharacterOffsetBegin=428 CharacterOffsetEnd=437 PartOfSpeech=NN] [Text=, CharacterOffsetBegin=437 CharacterOffsetEnd=438 PartOfSpeech=,] [Text=as CharacterOffsetBegin=439 CharacterOffsetEnd=441 PartOfSpeech=RB] [Text=well CharacterOffsetBegin=442 CharacterOffsetEnd=446 PartOfSpeech=RB] [Text=as CharacterOffsetBegin=447 CharacterOffsetEnd=449 PartOfSpeech=IN] [Text=the CharacterOffsetBegin=450 CharacterOffsetEnd=453 PartOfSpeech=DT] [Text=changing CharacterOffsetBegin=454 CharacterOffsetEnd=462 PartOfSpeech=VBG] [Text=emphasis CharacterOffsetBegin=463 CharacterOffsetEnd=471 PartOfSpeech=NN] [Text=on CharacterOffsetBegin=472 CharacterOffsetEnd=474 PartOfSpeech=IN] [Text=what CharacterOffsetBegin=475 CharacterOffsetEnd=479 PartOfSpeech=WP] [Text=gives CharacterOffsetBegin=480 CharacterOffsetEnd=485 PartOfSpeech=VBZ] [Text=us CharacterOffsetBegin=486 CharacterOffsetEnd=488 PartOfSpeech=PRP] [Text=pleasure CharacterOffsetBegin=489 CharacterOffsetEnd=497 PartOfSpeech=NN] [Text=. CharacterOffsetBegin=497 CharacterOffsetEnd=498 PartOfSpeech=.] 
root(ROOT-0, One-1)
prep(One-1, of-2)
det(lectures-4, the-3)
pobj(of-2, lectures-4)
partmod(lectures-4, dealt-5)
prep(dealt-5, with-6)
det(Stages-9, the-7)
amod(Stages-9, Psycho-Sexual-8)
pobj(with-6, Stages-9)
prep(Stages-9, of-10)
pobj(of-10, Developement-11)
punct(One-1, ,-12)
advmod(shift-15, basically-13)
det(shift-15, the-14)
nsubj(gets-28, shift-15)
prep(shift-15, over-16)
pobj(over-16, time-17)
prep(shift-15, on-18)
det(part-20, what-19)
pobj(on-18, part-20)
prep(part-20, of-21)
det(body-23, the-22)
pobj(of-21, body-23)
cc(body-23, and-24)
poss(stimulations-27, its-25)
amod(stimulations-27, attendant-26)
conj(body-23, stimulations-27)
rcmod(One-1, gets-28)
poss(attention-31, our-29)
amod(attention-31, main-30)
dobj(gets-28, attention-31)
punct(One-1, ,-32)
advmod(well-34, as-33)
cc(One-1, well-34)
mwe(well-34, as-35)
det(emphasis-38, the-36)
amod(emphasis-38, changing-37)
conj(One-1, emphasis-38)
prep(emphasis-38, on-39)
nsubj(gives-41, what-40)
pcomp(on-39, gives-41)
nsubj(pleasure-43, us-42)
xcomp(gives-41, pleasure-43)
punct(One-1, .-44)

Sentence #5 (16 tokens):
Alice's first encounter is being bathed, with emphasis on the genitals and bottom.
[Text=Alice CharacterOffsetBegin=503 CharacterOffsetEnd=508 PartOfSpeech=NNP] [Text='s CharacterOffsetBegin=508 CharacterOffsetEnd=510 PartOfSpeech=POS] [Text=first CharacterOffsetBegin=511 CharacterOffsetEnd=516 PartOfSpeech=JJ] [Text=encounter CharacterOffsetBegin=517 CharacterOffsetEnd=526 PartOfSpeech=NN] [Text=is CharacterOffsetBegin=527 CharacterOffsetEnd=529 PartOfSpeech=VBZ] [Text=being CharacterOffsetBegin=530 CharacterOffsetEnd=535 PartOfSpeech=VBG] [Text=bathed CharacterOffsetBegin=536 CharacterOffsetEnd=542 PartOfSpeech=VBN] [Text=, CharacterOffsetBegin=542 CharacterOffsetEnd=543 PartOfSpeech=,] [Text=with CharacterOffsetBegin=544 CharacterOffsetEnd=548 PartOfSpeech=IN] [Text=emphasis CharacterOffsetBegin=549 CharacterOffsetEnd=557 PartOfSpeech=NN] [Text=on CharacterOffsetBegin=558 CharacterOffsetEnd=560 PartOfSpeech=IN] [Text=the CharacterOffsetBegin=561 CharacterOffsetEnd=564 PartOfSpeech=DT] [Text=genitals CharacterOffsetBegin=565 CharacterOffsetEnd=573 PartOfSpeech=NNS] [Text=and CharacterOffsetBegin=574 CharacterOffsetEnd=577 PartOfSpeech=CC] [Text=bottom CharacterOffsetBegin=578 CharacterOffsetEnd=584 PartOfSpeech=NN] [Text=. CharacterOffsetBegin=584 CharacterOffsetEnd=585 PartOfSpeech=.] 
root(ROOT-0, bathed-7)
poss(encounter-4, Alice-1)
possessive(Alice-1, 's-2)
amod(encounter-4, first-3)
nsubjpass(bathed-7, encounter-4)
aux(bathed-7, is-5)
auxpass(bathed-7, being-6)
punct(bathed-7, ,-8)
prep(bathed-7, with-9)
pobj(with-9, emphasis-10)
prep(emphasis-10, on-11)
det(genitals-13, the-12)
pobj(on-11, genitals-13)
cc(genitals-13, and-14)
conj(genitals-13, bottom-15)
punct(bathed-7, .-16)

Sentence #6 (14 tokens):
Her next encounter is an oral one with the Mad Hatter's dingaling.
[Text=Her CharacterOffsetBegin=590 CharacterOffsetEnd=593 PartOfSpeech=PRP$] [Text=next CharacterOffsetBegin=594 CharacterOffsetEnd=598 PartOfSpeech=JJ] [Text=encounter CharacterOffsetBegin=599 CharacterOffsetEnd=608 PartOfSpeech=NN] [Text=is CharacterOffsetBegin=609 CharacterOffsetEnd=611 PartOfSpeech=VBZ] [Text=an CharacterOffsetBegin=612 CharacterOffsetEnd=614 PartOfSpeech=DT] [Text=oral CharacterOffsetBegin=615 CharacterOffsetEnd=619 PartOfSpeech=JJ] [Text=one CharacterOffsetBegin=620 CharacterOffsetEnd=623 PartOfSpeech=CD] [Text=with CharacterOffsetBegin=624 CharacterOffsetEnd=628 PartOfSpeech=IN] [Text=the CharacterOffsetBegin=629 CharacterOffsetEnd=632 PartOfSpeech=DT] [Text=Mad CharacterOffsetBegin=633 CharacterOffsetEnd=636 PartOfSpeech=NNP] [Text=Hatter CharacterOffsetBegin=637 CharacterOffsetEnd=643 PartOfSpeech=NNP] [Text='s CharacterOffsetBegin=643 CharacterOffsetEnd=645 PartOfSpeech=POS] [Text=dingaling CharacterOffsetBegin=646 CharacterOffsetEnd=655 PartOfSpeech=NN] [Text=. CharacterOffsetBegin=655 CharacterOffsetEnd=656 PartOfSpeech=.] 
root(ROOT-0, one-7)
poss(encounter-3, Her-1)
amod(encounter-3, next-2)
nsubj(one-7, encounter-3)
cop(one-7, is-4)
det(one-7, an-5)
amod(one-7, oral-6)
prep(one-7, with-8)
det(Hatter-11, the-9)
nn(Hatter-11, Mad-10)
poss(dingaling-13, Hatter-11)
possessive(Hatter-11, 's-12)
pobj(with-8, dingaling-13)
punct(one-7, .-14)

Sentence #7 (24 tokens):
I forget the rest of the lecture and the order of Alice's encounters, but I do remember how well they matched.
[Text=I CharacterOffsetBegin=661 CharacterOffsetEnd=662 PartOfSpeech=PRP] [Text=forget CharacterOffsetBegin=663 CharacterOffsetEnd=669 PartOfSpeech=VBP] [Text=the CharacterOffsetBegin=670 CharacterOffsetEnd=673 PartOfSpeech=DT] [Text=rest CharacterOffsetBegin=674 CharacterOffsetEnd=678 PartOfSpeech=NN] [Text=of CharacterOffsetBegin=679 CharacterOffsetEnd=681 PartOfSpeech=IN] [Text=the CharacterOffsetBegin=682 CharacterOffsetEnd=685 PartOfSpeech=DT] [Text=lecture CharacterOffsetBegin=686 CharacterOffsetEnd=693 PartOfSpeech=NN] [Text=and CharacterOffsetBegin=694 CharacterOffsetEnd=697 PartOfSpeech=CC] [Text=the CharacterOffsetBegin=698 CharacterOffsetEnd=701 PartOfSpeech=DT] [Text=order CharacterOffsetBegin=702 CharacterOffsetEnd=707 PartOfSpeech=NN] [Text=of CharacterOffsetBegin=708 CharacterOffsetEnd=710 PartOfSpeech=IN] [Text=Alice CharacterOffsetBegin=711 CharacterOffsetEnd=716 PartOfSpeech=NNP] [Text='s CharacterOffsetBegin=716 CharacterOffsetEnd=718 PartOfSpeech=POS] [Text=encounters CharacterOffsetBegin=719 CharacterOffsetEnd=729 PartOfSpeech=NNS] [Text=, CharacterOffsetBegin=729 CharacterOffsetEnd=730 PartOfSpeech=,] [Text=but CharacterOffsetBegin=731 CharacterOffsetEnd=734 PartOfSpeech=CC] [Text=I CharacterOffsetBegin=735 CharacterOffsetEnd=736 PartOfSpeech=PRP] [Text=do CharacterOffsetBegin=737 CharacterOffsetEnd=739 PartOfSpeech=VBP] [Text=remember CharacterOffsetBegin=740 CharacterOffsetEnd=748 PartOfSpeech=VB] [Text=how CharacterOffsetBegin=749 CharacterOffsetEnd=752 PartOfSpeech=WRB] [Text=well CharacterOffsetBegin=753 CharacterOffsetEnd=757 PartOfSpeech=RB] [Text=they CharacterOffsetBegin=758 CharacterOffsetEnd=762 PartOfSpeech=PRP] [Text=matched CharacterOffsetBegin=763 CharacterOffsetEnd=770 PartOfSpeech=VBD] [Text=. CharacterOffsetBegin=770 CharacterOffsetEnd=771 PartOfSpeech=.] 
root(ROOT-0, forget-2)
nsubj(forget-2, I-1)
det(rest-4, the-3)
dobj(forget-2, rest-4)
prep(rest-4, of-5)
det(lecture-7, the-6)
pobj(of-5, lecture-7)
cc(forget-2, and-8)
det(order-10, the-9)
conj(forget-2, order-10)
prep(order-10, of-11)
poss(encounters-14, Alice-12)
possessive(Alice-12, 's-13)
pobj(of-11, encounters-14)
punct(forget-2, ,-15)
cc(forget-2, but-16)
nsubj(remember-19, I-17)
aux(remember-19, do-18)
conj(forget-2, remember-19)
advmod(well-21, how-20)
advmod(matched-23, well-21)
nsubj(matched-23, they-22)
ccomp(remember-19, matched-23)
punct(forget-2, .-24)

Sentence #8 (27 tokens):
It's interesting to see a skin flick with some brains behind it, rather than the cliche "I'm here to deliver your pizza.
[Text=It CharacterOffsetBegin=776 CharacterOffsetEnd=778 PartOfSpeech=PRP] [Text='s CharacterOffsetBegin=778 CharacterOffsetEnd=780 PartOfSpeech=VBZ] [Text=interesting CharacterOffsetBegin=781 CharacterOffsetEnd=792 PartOfSpeech=JJ] [Text=to CharacterOffsetBegin=793 CharacterOffsetEnd=795 PartOfSpeech=TO] [Text=see CharacterOffsetBegin=796 CharacterOffsetEnd=799 PartOfSpeech=VB] [Text=a CharacterOffsetBegin=800 CharacterOffsetEnd=801 PartOfSpeech=DT] [Text=skin CharacterOffsetBegin=802 CharacterOffsetEnd=806 PartOfSpeech=NN] [Text=flick CharacterOffsetBegin=807 CharacterOffsetEnd=812 PartOfSpeech=NN] [Text=with CharacterOffsetBegin=813 CharacterOffsetEnd=817 PartOfSpeech=IN] [Text=some CharacterOffsetBegin=818 CharacterOffsetEnd=822 PartOfSpeech=DT] [Text=brains CharacterOffsetBegin=823 CharacterOffsetEnd=829 PartOfSpeech=NNS] [Text=behind CharacterOffsetBegin=830 CharacterOffsetEnd=836 PartOfSpeech=IN] [Text=it CharacterOffsetBegin=837 CharacterOffsetEnd=839 PartOfSpeech=PRP] [Text=, CharacterOffsetBegin=839 CharacterOffsetEnd=840 PartOfSpeech=,] [Text=rather CharacterOffsetBegin=841 CharacterOffsetEnd=847 PartOfSpeech=RB] [Text=than CharacterOffsetBegin=848 CharacterOffsetEnd=852 PartOfSpeech=IN] [Text=the CharacterOffsetBegin=853 CharacterOffsetEnd=856 PartOfSpeech=DT] [Text=cliche CharacterOffsetBegin=857 CharacterOffsetEnd=863 PartOfSpeech=NN] [Text=`` CharacterOffsetBegin=864 CharacterOffsetEnd=865 PartOfSpeech=``] [Text=I CharacterOffsetBegin=865 CharacterOffsetEnd=866 PartOfSpeech=PRP] [Text='m CharacterOffsetBegin=866 CharacterOffsetEnd=868 PartOfSpeech=VBP] [Text=here CharacterOffsetBegin=869 CharacterOffsetEnd=873 PartOfSpeech=RB] [Text=to CharacterOffsetBegin=874 CharacterOffsetEnd=876 PartOfSpeech=TO] [Text=deliver CharacterOffsetBegin=877 CharacterOffsetEnd=884 PartOfSpeech=VB] [Text=your CharacterOffsetBegin=885 CharacterOffsetEnd=889 PartOfSpeech=PRP$] [Text=pizza CharacterOffsetBegin=890 CharacterOffsetEnd=895 PartOfSpeech=NN] [Text=. CharacterOffsetBegin=895 CharacterOffsetEnd=896 PartOfSpeech=.] 
root(ROOT-0, interesting-3)
nsubj(interesting-3, It-1)
cop(interesting-3, 's-2)
aux(see-5, to-4)
xcomp(interesting-3, see-5)
det(flick-8, a-6)
nn(flick-8, skin-7)
dobj(see-5, flick-8)
prep(see-5, with-9)
det(brains-11, some-10)
pobj(with-9, brains-11)
prep(brains-11, behind-12)
pobj(behind-12, it-13)
punct(see-5, ,-14)
advmod(than-16, rather-15)
prep(see-5, than-16)
det(cliche-18, the-17)
pobj(than-16, cliche-18)
punct('m-21, ``-19)
nsubj('m-21, I-20)
dep(cliche-18, 'm-21)
advmod('m-21, here-22)
aux(deliver-24, to-23)
xcomp('m-21, deliver-24)
poss(pizza-26, your-25)
dobj(deliver-24, pizza-26)
punct(interesting-3, .-27)

Sentence #9 (4 tokens):
Let's screw.
[Text=Let CharacterOffsetBegin=901 CharacterOffsetEnd=904 PartOfSpeech=VB] [Text='s CharacterOffsetBegin=904 CharacterOffsetEnd=906 PartOfSpeech=PRP] [Text=screw CharacterOffsetBegin=907 CharacterOffsetEnd=912 PartOfSpeech=VB] [Text=. CharacterOffsetBegin=912 CharacterOffsetEnd=913 PartOfSpeech=.] 
root(ROOT-0, Let-1)
nsubj(screw-3, 's-2)
ccomp(Let-1, screw-3)
punct(Let-1, .-4)

Sentence #10 (24 tokens):
"I don't see how Kristin DeBell's career could be wrecked by this film, as it was her first film.
[Text=`` CharacterOffsetBegin=918 CharacterOffsetEnd=919 PartOfSpeech=``] [Text=I CharacterOffsetBegin=919 CharacterOffsetEnd=920 PartOfSpeech=PRP] [Text=do CharacterOffsetBegin=921 CharacterOffsetEnd=923 PartOfSpeech=VBP] [Text=n't CharacterOffsetBegin=923 CharacterOffsetEnd=926 PartOfSpeech=RB] [Text=see CharacterOffsetBegin=927 CharacterOffsetEnd=930 PartOfSpeech=VB] [Text=how CharacterOffsetBegin=931 CharacterOffsetEnd=934 PartOfSpeech=WRB] [Text=Kristin CharacterOffsetBegin=935 CharacterOffsetEnd=942 PartOfSpeech=NNP] [Text=DeBell CharacterOffsetBegin=943 CharacterOffsetEnd=949 PartOfSpeech=NNP] [Text='s CharacterOffsetBegin=949 CharacterOffsetEnd=951 PartOfSpeech=POS] [Text=career CharacterOffsetBegin=952 CharacterOffsetEnd=958 PartOfSpeech=NN] [Text=could CharacterOffsetBegin=959 CharacterOffsetEnd=964 PartOfSpeech=MD] [Text=be CharacterOffsetBegin=965 CharacterOffsetEnd=967 PartOfSpeech=VB] [Text=wrecked CharacterOffsetBegin=968 CharacterOffsetEnd=975 PartOfSpeech=VBN] [Text=by CharacterOffsetBegin=976 CharacterOffsetEnd=978 PartOfSpeech=IN] [Text=this CharacterOffsetBegin=979 CharacterOffsetEnd=983 PartOfSpeech=DT] [Text=film CharacterOffsetBegin=984 CharacterOffsetEnd=988 PartOfSpeech=NN] [Text=, CharacterOffsetBegin=988 CharacterOffsetEnd=989 PartOfSpeech=,] [Text=as CharacterOffsetBegin=990 CharacterOffsetEnd=992 PartOfSpeech=IN] [Text=it CharacterOffsetBegin=993 CharacterOffsetEnd=995 PartOfSpeech=PRP] [Text=was CharacterOffsetBegin=996 CharacterOffsetEnd=999 PartOfSpeech=VBD] [Text=her CharacterOffsetBegin=1000 CharacterOffsetEnd=1003 PartOfSpeech=PRP$] [Text=first CharacterOffsetBegin=1004 CharacterOffsetEnd=1009 PartOfSpeech=JJ] [Text=film CharacterOffsetBegin=1010 CharacterOffsetEnd=1014 PartOfSpeech=NN] [Text=. CharacterOffsetBegin=1014 CharacterOffsetEnd=1015 PartOfSpeech=.] 
root(ROOT-0, see-5)
punct(see-5, ``-1)
nsubj(see-5, I-2)
aux(see-5, do-3)
neg(see-5, n't-4)
advmod(wrecked-13, how-6)
nn(DeBell-8, Kristin-7)
poss(career-10, DeBell-8)
possessive(DeBell-8, 's-9)
nsubjpass(wrecked-13, career-10)
aux(wrecked-13, could-11)
auxpass(wrecked-13, be-12)
ccomp(see-5, wrecked-13)
prep(wrecked-13, by-14)
det(film-16, this-15)
pobj(by-14, film-16)
punct(wrecked-13, ,-17)
mark(film-23, as-18)
nsubj(film-23, it-19)
cop(film-23, was-20)
poss(film-23, her-21)
amod(film-23, first-22)
advcl(wrecked-13, film-23)
punct(see-5, .-24)

Sentence #11 (30 tokens):
And Reagan's tiresome hypocrisies had yet to mar this land when it was released, but in a way he and his stooge Meese did affect Ms DeBell.
[Text=And CharacterOffsetBegin=1020 CharacterOffsetEnd=1023 PartOfSpeech=CC] [Text=Reagan CharacterOffsetBegin=1024 CharacterOffsetEnd=1030 PartOfSpeech=NNP] [Text='s CharacterOffsetBegin=1030 CharacterOffsetEnd=1032 PartOfSpeech=POS] [Text=tiresome CharacterOffsetBegin=1033 CharacterOffsetEnd=1041 PartOfSpeech=JJ] [Text=hypocrisies CharacterOffsetBegin=1042 CharacterOffsetEnd=1053 PartOfSpeech=NNS] [Text=had CharacterOffsetBegin=1054 CharacterOffsetEnd=1057 PartOfSpeech=VBD] [Text=yet CharacterOffsetBegin=1058 CharacterOffsetEnd=1061 PartOfSpeech=RB] [Text=to CharacterOffsetBegin=1062 CharacterOffsetEnd=1064 PartOfSpeech=TO] [Text=mar CharacterOffsetBegin=1065 CharacterOffsetEnd=1068 PartOfSpeech=FW] [Text=this CharacterOffsetBegin=1069 CharacterOffsetEnd=1073 PartOfSpeech=DT] [Text=land CharacterOffsetBegin=1074 CharacterOffsetEnd=1078 PartOfSpeech=NN] [Text=when CharacterOffsetBegin=1079 CharacterOffsetEnd=1083 PartOfSpeech=WRB] [Text=it CharacterOffsetBegin=1084 CharacterOffsetEnd=1086 PartOfSpeech=PRP] [Text=was CharacterOffsetBegin=1087 CharacterOffsetEnd=1090 PartOfSpeech=VBD] [Text=released CharacterOffsetBegin=1091 CharacterOffsetEnd=1099 PartOfSpeech=VBN] [Text=, CharacterOffsetBegin=1099 CharacterOffsetEnd=1100 PartOfSpeech=,] [Text=but CharacterOffsetBegin=1101 CharacterOffsetEnd=1104 PartOfSpeech=CC] [Text=in CharacterOffsetBegin=1105 CharacterOffsetEnd=1107 PartOfSpeech=IN] [Text=a CharacterOffsetBegin=1108 CharacterOffsetEnd=1109 PartOfSpeech=DT] [Text=way CharacterOffsetBegin=1110 CharacterOffsetEnd=1113 PartOfSpeech=NN] [Text=he CharacterOffsetBegin=1114 CharacterOffsetEnd=1116 PartOfSpeech=PRP] [Text=and CharacterOffsetBegin=1117 CharacterOffsetEnd=1120 PartOfSpeech=CC] [Text=his CharacterOffsetBegin=1121 CharacterOffsetEnd=1124 PartOfSpeech=PRP$] [Text=stooge CharacterOffsetBegin=1125 CharacterOffsetEnd=1131 PartOfSpeech=NN] [Text=Meese CharacterOffsetBegin=1132 CharacterOffsetEnd=1137 PartOfSpeech=NNP] [Text=did CharacterOffsetBegin=1138 CharacterOffsetEnd=1141 PartOfSpeech=VBD] [Text=affect CharacterOffsetBegin=1142 CharacterOffsetEnd=1148 PartOfSpeech=VB] [Text=Ms CharacterOffsetBegin=1149 CharacterOffsetEnd=1151 PartOfSpeech=NNP] [Text=DeBell CharacterOffsetBegin=1152 CharacterOffsetEnd=1158 PartOfSpeech=NNP] [Text=. CharacterOffsetBegin=1158 CharacterOffsetEnd=1159 PartOfSpeech=.] 
root(ROOT-0, had-6)
cc(had-6, And-1)
poss(hypocrisies-5, Reagan-2)
possessive(Reagan-2, 's-3)
amod(hypocrisies-5, tiresome-4)
nsubj(had-6, hypocrisies-5)
advmod(had-6, yet-7)
prep(had-6, to-8)
pobj(to-8, mar-9)
det(land-11, this-10)
dobj(mar-9, land-11)
advmod(released-15, when-12)
nsubjpass(released-15, it-13)
auxpass(released-15, was-14)
advcl(mar-9, released-15)
punct(mar-9, ,-16)
cc(mar-9, but-17)
conj(mar-9, in-18)
det(way-20, a-19)
pobj(in-18, way-20)
nsubj(affect-27, he-21)
cc(he-21, and-22)
poss(Meese-25, his-23)
nn(Meese-25, stooge-24)
conj(he-21, Meese-25)
aux(affect-27, did-26)
rcmod(way-20, affect-27)
nn(DeBell-29, Ms-28)
dobj(affect-27, DeBell-29)
punct(had-6, .-30)

Sentence #12 (30 tokens):
When Meese was staging his anti-pornography commission (to distract people from his own criminal activities), Meese hired the services of an anti-porn activist named Judith Reisner.
[Text=When CharacterOffsetBegin=1164 CharacterOffsetEnd=1168 PartOfSpeech=WRB] [Text=Meese CharacterOffsetBegin=1169 CharacterOffsetEnd=1174 PartOfSpeech=NNP] [Text=was CharacterOffsetBegin=1175 CharacterOffsetEnd=1178 PartOfSpeech=VBD] [Text=staging CharacterOffsetBegin=1179 CharacterOffsetEnd=1186 PartOfSpeech=VBG] [Text=his CharacterOffsetBegin=1187 CharacterOffsetEnd=1190 PartOfSpeech=PRP$] [Text=anti-pornography CharacterOffsetBegin=1191 CharacterOffsetEnd=1207 PartOfSpeech=JJ] [Text=commission CharacterOffsetBegin=1208 CharacterOffsetEnd=1218 PartOfSpeech=NN] [Text=-LRB- CharacterOffsetBegin=1219 CharacterOffsetEnd=1220 PartOfSpeech=-LRB-] [Text=to CharacterOffsetBegin=1220 CharacterOffsetEnd=1222 PartOfSpeech=TO] [Text=distract CharacterOffsetBegin=1223 CharacterOffsetEnd=1231 PartOfSpeech=VB] [Text=people CharacterOffsetBegin=1232 CharacterOffsetEnd=1238 PartOfSpeech=NNS] [Text=from CharacterOffsetBegin=1239 CharacterOffsetEnd=1243 PartOfSpeech=IN] [Text=his CharacterOffsetBegin=1244 CharacterOffsetEnd=1247 PartOfSpeech=PRP$] [Text=own CharacterOffsetBegin=1248 CharacterOffsetEnd=1251 PartOfSpeech=JJ] [Text=criminal CharacterOffsetBegin=1252 CharacterOffsetEnd=1260 PartOfSpeech=JJ] [Text=activities CharacterOffsetBegin=1261 CharacterOffsetEnd=1271 PartOfSpeech=NNS] [Text=-RRB- CharacterOffsetBegin=1271 CharacterOffsetEnd=1272 PartOfSpeech=-RRB-] [Text=, CharacterOffsetBegin=1272 CharacterOffsetEnd=1273 PartOfSpeech=,] [Text=Meese CharacterOffsetBegin=1274 CharacterOffsetEnd=1279 PartOfSpeech=NNP] [Text=hired CharacterOffsetBegin=1280 CharacterOffsetEnd=1285 PartOfSpeech=VBD] [Text=the CharacterOffsetBegin=1286 CharacterOffsetEnd=1289 PartOfSpeech=DT] [Text=services CharacterOffsetBegin=1290 CharacterOffsetEnd=1298 PartOfSpeech=NNS] [Text=of CharacterOffsetBegin=1299 CharacterOffsetEnd=1301 PartOfSpeech=IN] [Text=an CharacterOffsetBegin=1302 CharacterOffsetEnd=1304 PartOfSpeech=DT] [Text=anti-porn CharacterOffsetBegin=1305 CharacterOffsetEnd=1314 PartOfSpeech=JJ] [Text=activist CharacterOffsetBegin=1315 CharacterOffsetEnd=1323 PartOfSpeech=NN] [Text=named CharacterOffsetBegin=1324 CharacterOffsetEnd=1329 PartOfSpeech=VBN] [Text=Judith CharacterOffsetBegin=1330 CharacterOffsetEnd=1336 PartOfSpeech=NNP] [Text=Reisner CharacterOffsetBegin=1337 CharacterOffsetEnd=1344 PartOfSpeech=NNP] [Text=. CharacterOffsetBegin=1344 CharacterOffsetEnd=1345 PartOfSpeech=.] 
root(ROOT-0, hired-20)
advmod(staging-4, When-1)
nsubj(staging-4, Meese-2)
aux(staging-4, was-3)
advcl(hired-20, staging-4)
poss(commission-7, his-5)
amod(commission-7, anti-pornography-6)
dobj(staging-4, commission-7)
punct(distract-10, -LRB--8)
aux(distract-10, to-9)
dep(commission-7, distract-10)
dobj(distract-10, people-11)
prep(distract-10, from-12)
poss(activities-16, his-13)
amod(activities-16, own-14)
amod(activities-16, criminal-15)
pobj(from-12, activities-16)
punct(distract-10, -RRB--17)
punct(hired-20, ,-18)
nsubj(hired-20, Meese-19)
det(services-22, the-21)
dobj(hired-20, services-22)
prep(services-22, of-23)
det(activist-26, an-24)
amod(activist-26, anti-porn-25)
pobj(of-23, activist-26)
partmod(activist-26, named-27)
nn(Reisner-29, Judith-28)
dep(named-27, Reisner-29)
punct(hired-20, .-30)

Sentence #13 (11 tokens):
Reisner was obsessed with images she perceived as child pornography.
[Text=Reisner CharacterOffsetBegin=1350 CharacterOffsetEnd=1357 PartOfSpeech=NNP] [Text=was CharacterOffsetBegin=1358 CharacterOffsetEnd=1361 PartOfSpeech=VBD] [Text=obsessed CharacterOffsetBegin=1362 CharacterOffsetEnd=1370 PartOfSpeech=VBN] [Text=with CharacterOffsetBegin=1371 CharacterOffsetEnd=1375 PartOfSpeech=IN] [Text=images CharacterOffsetBegin=1376 CharacterOffsetEnd=1382 PartOfSpeech=NNS] [Text=she CharacterOffsetBegin=1383 CharacterOffsetEnd=1386 PartOfSpeech=PRP] [Text=perceived CharacterOffsetBegin=1387 CharacterOffsetEnd=1396 PartOfSpeech=VBN] [Text=as CharacterOffsetBegin=1397 CharacterOffsetEnd=1399 PartOfSpeech=IN] [Text=child CharacterOffsetBegin=1400 CharacterOffsetEnd=1405 PartOfSpeech=NN] [Text=pornography CharacterOffsetBegin=1406 CharacterOffsetEnd=1417 PartOfSpeech=NN] [Text=. CharacterOffsetBegin=1417 CharacterOffsetEnd=1418 PartOfSpeech=.] 
root(ROOT-0, obsessed-3)
nsubjpass(obsessed-3, Reisner-1)
auxpass(obsessed-3, was-2)
prep(obsessed-3, with-4)
pobj(with-4, images-5)
dep(images-5, she-6)
partmod(she-6, perceived-7)
prep(perceived-7, as-8)
nn(pornography-10, child-9)
pobj(as-8, pornography-10)
punct(obsessed-3, .-11)

Sentence #14 (43 tokens):
She saw the "Alice" cover Ms DeBell did for Playboy and promptly announced she had scientifically proven that Ms DeBell was in fact a photo collage of parts from several grown women and the face of a ten year old.
[Text=She CharacterOffsetBegin=1423 CharacterOffsetEnd=1426 PartOfSpeech=PRP] [Text=saw CharacterOffsetBegin=1427 CharacterOffsetEnd=1430 PartOfSpeech=VBD] [Text=the CharacterOffsetBegin=1431 CharacterOffsetEnd=1434 PartOfSpeech=DT] [Text=`` CharacterOffsetBegin=1435 CharacterOffsetEnd=1436 PartOfSpeech=``] [Text=Alice CharacterOffsetBegin=1436 CharacterOffsetEnd=1441 PartOfSpeech=NNP] [Text='' CharacterOffsetBegin=1441 CharacterOffsetEnd=1442 PartOfSpeech=''] [Text=cover CharacterOffsetBegin=1443 CharacterOffsetEnd=1448 PartOfSpeech=NN] [Text=Ms CharacterOffsetBegin=1449 CharacterOffsetEnd=1451 PartOfSpeech=NNP] [Text=DeBell CharacterOffsetBegin=1452 CharacterOffsetEnd=1458 PartOfSpeech=NNP] [Text=did CharacterOffsetBegin=1459 CharacterOffsetEnd=1462 PartOfSpeech=VBD] [Text=for CharacterOffsetBegin=1463 CharacterOffsetEnd=1466 PartOfSpeech=IN] [Text=Playboy CharacterOffsetBegin=1467 CharacterOffsetEnd=1474 PartOfSpeech=NNP] [Text=and CharacterOffsetBegin=1475 CharacterOffsetEnd=1478 PartOfSpeech=CC] [Text=promptly CharacterOffsetBegin=1479 CharacterOffsetEnd=1487 PartOfSpeech=RB] [Text=announced CharacterOffsetBegin=1488 CharacterOffsetEnd=1497 PartOfSpeech=VBD] [Text=she CharacterOffsetBegin=1498 CharacterOffsetEnd=1501 PartOfSpeech=PRP] [Text=had CharacterOffsetBegin=1502 CharacterOffsetEnd=1505 PartOfSpeech=VBD] [Text=scientifically CharacterOffsetBegin=1506 CharacterOffsetEnd=1520 PartOfSpeech=RB] [Text=proven CharacterOffsetBegin=1521 CharacterOffsetEnd=1527 PartOfSpeech=VBN] [Text=that CharacterOffsetBegin=1528 CharacterOffsetEnd=1532 PartOfSpeech=IN] [Text=Ms CharacterOffsetBegin=1533 CharacterOffsetEnd=1535 PartOfSpeech=NNP] [Text=DeBell CharacterOffsetBegin=1536 CharacterOffsetEnd=1542 PartOfSpeech=NNP] [Text=was CharacterOffsetBegin=1543 CharacterOffsetEnd=1546 PartOfSpeech=VBD] [Text=in CharacterOffsetBegin=1547 CharacterOffsetEnd=1549 PartOfSpeech=IN] [Text=fact CharacterOffsetBegin=1550 CharacterOffsetEnd=1554 PartOfSpeech=NN] [Text=a CharacterOffsetBegin=1555 CharacterOffsetEnd=1556 PartOfSpeech=DT] [Text=photo CharacterOffsetBegin=1557 CharacterOffsetEnd=1562 PartOfSpeech=NN] [Text=collage CharacterOffsetBegin=1563 CharacterOffsetEnd=1570 PartOfSpeech=NN] [Text=of CharacterOffsetBegin=1571 CharacterOffsetEnd=1573 PartOfSpeech=IN] [Text=parts CharacterOffsetBegin=1574 CharacterOffsetEnd=1579 PartOfSpeech=NNS] [Text=from CharacterOffsetBegin=1580 CharacterOffsetEnd=1584 PartOfSpeech=IN] [Text=several CharacterOffsetBegin=1585 CharacterOffsetEnd=1592 PartOfSpeech=JJ] [Text=grown CharacterOffsetBegin=1593 CharacterOffsetEnd=1598 PartOfSpeech=JJ] [Text=women CharacterOffsetBegin=1599 CharacterOffsetEnd=1604 PartOfSpeech=NNS] [Text=and CharacterOffsetBegin=1605 CharacterOffsetEnd=1608 PartOfSpeech=CC] [Text=the CharacterOffsetBegin=1609 CharacterOffsetEnd=1612 PartOfSpeech=DT] [Text=face CharacterOffsetBegin=1613 CharacterOffsetEnd=1617 PartOfSpeech=NN] [Text=of CharacterOffsetBegin=1618 CharacterOffsetEnd=1620 PartOfSpeech=IN] [Text=a CharacterOffsetBegin=1621 CharacterOffsetEnd=1622 PartOfSpeech=DT] [Text=ten CharacterOffsetBegin=1623 CharacterOffsetEnd=1626 PartOfSpeech=CD] [Text=year CharacterOffsetBegin=1627 CharacterOffsetEnd=1631 PartOfSpeech=NN] [Text=old CharacterOffsetBegin=1632 CharacterOffsetEnd=1635 PartOfSpeech=JJ] [Text=. CharacterOffsetBegin=1635 CharacterOffsetEnd=1636 PartOfSpeech=.] 
root(ROOT-0, saw-2)
nsubj(saw-2, She-1)
det(cover-7, the-3)
punct(cover-7, ``-4)
dep(cover-7, Alice-5)
punct(cover-7, ''-6)
dobj(saw-2, cover-7)
nn(DeBell-9, Ms-8)
nsubj(did-10, DeBell-9)
rcmod(cover-7, did-10)
prep(did-10, for-11)
pobj(for-11, Playboy-12)
cc(saw-2, and-13)
advmod(announced-15, promptly-14)
conj(saw-2, announced-15)
nsubj(proven-19, she-16)
aux(proven-19, had-17)
advmod(proven-19, scientifically-18)
ccomp(announced-15, proven-19)
mark(collage-28, that-20)
nn(DeBell-22, Ms-21)
nsubj(collage-28, DeBell-22)
cop(collage-28, was-23)
prep(collage-28, in-24)
pobj(in-24, fact-25)
det(collage-28, a-26)
nn(collage-28, photo-27)
ccomp(proven-19, collage-28)
prep(collage-28, of-29)
pobj(of-29, parts-30)
prep(collage-28, from-31)
amod(women-34, several-32)
amod(women-34, grown-33)
pobj(from-31, women-34)
cc(women-34, and-35)
det(face-37, the-36)
conj(women-34, face-37)
prep(face-37, of-38)
det(year-41, a-39)
num(year-41, ten-40)
npadvmod(old-42, year-41)
pcomp(of-38, old-42)
punct(saw-2, .-43)

Sentence #15 (4 tokens):
Yeah, right....
[Text=Yeah CharacterOffsetBegin=1641 CharacterOffsetEnd=1645 PartOfSpeech=UH] [Text=, CharacterOffsetBegin=1645 CharacterOffsetEnd=1646 PartOfSpeech=,] [Text=right CharacterOffsetBegin=1647 CharacterOffsetEnd=1652 PartOfSpeech=RB] [Text=... CharacterOffsetBegin=1652 CharacterOffsetEnd=1656 PartOfSpeech=:] 
root(ROOT-0, Yeah-1)
punct(Yeah-1, ,-2)
appos(Yeah-1, right-3)
punct(Yeah-1, ...-4)

