Sentence #1 (21 tokens):
Having reviewed 3 of the 4 Perry and Croft sitcoms, I thought I would get them all done now.
[Text=Having CharacterOffsetBegin=4 CharacterOffsetEnd=10 PartOfSpeech=VBG] [Text=reviewed CharacterOffsetBegin=11 CharacterOffsetEnd=19 PartOfSpeech=VBN] [Text=3 CharacterOffsetBegin=20 CharacterOffsetEnd=21 PartOfSpeech=CD] [Text=of CharacterOffsetBegin=22 CharacterOffsetEnd=24 PartOfSpeech=IN] [Text=the CharacterOffsetBegin=25 CharacterOffsetEnd=28 PartOfSpeech=DT] [Text=4 CharacterOffsetBegin=29 CharacterOffsetEnd=30 PartOfSpeech=CD] [Text=Perry CharacterOffsetBegin=31 CharacterOffsetEnd=36 PartOfSpeech=NNP] [Text=and CharacterOffsetBegin=37 CharacterOffsetEnd=40 PartOfSpeech=CC] [Text=Croft CharacterOffsetBegin=41 CharacterOffsetEnd=46 PartOfSpeech=NNP] [Text=sitcoms CharacterOffsetBegin=47 CharacterOffsetEnd=54 PartOfSpeech=NNS] [Text=, CharacterOffsetBegin=54 CharacterOffsetEnd=55 PartOfSpeech=,] [Text=I CharacterOffsetBegin=56 CharacterOffsetEnd=57 PartOfSpeech=PRP] [Text=thought CharacterOffsetBegin=58 CharacterOffsetEnd=65 PartOfSpeech=VBD] [Text=I CharacterOffsetBegin=66 CharacterOffsetEnd=67 PartOfSpeech=PRP] [Text=would CharacterOffsetBegin=68 CharacterOffsetEnd=73 PartOfSpeech=MD] [Text=get CharacterOffsetBegin=74 CharacterOffsetEnd=77 PartOfSpeech=VB] [Text=them CharacterOffsetBegin=78 CharacterOffsetEnd=82 PartOfSpeech=PRP] [Text=all CharacterOffsetBegin=83 CharacterOffsetEnd=86 PartOfSpeech=DT] [Text=done CharacterOffsetBegin=87 CharacterOffsetEnd=91 PartOfSpeech=VBN] [Text=now CharacterOffsetBegin=92 CharacterOffsetEnd=95 PartOfSpeech=RB] [Text=. CharacterOffsetBegin=95 CharacterOffsetEnd=96 PartOfSpeech=.] 
root(ROOT-0, thought-13)
aux(reviewed-2, Having-1)
partmod(thought-13, reviewed-2)
dobj(reviewed-2, 3-3)
prep(3-3, of-4)
det(Perry-7, the-5)
num(Perry-7, 4-6)
pobj(of-4, Perry-7)
cc(Perry-7, and-8)
nn(sitcoms-10, Croft-9)
conj(Perry-7, sitcoms-10)
punct(thought-13, ,-11)
nsubj(thought-13, I-12)
nsubj(get-16, I-14)
aux(get-16, would-15)
ccomp(thought-13, get-16)
nsubj(done-19, them-17)
dep(done-19, all-18)
xcomp(get-16, done-19)
advmod(done-19, now-20)
punct(thought-13, .-21)

Sentence #2 (26 tokens):
Dads Army, is my all time favourite sitcom, It ain't half hot Mum is also a classic as is You Rang M'Lord.
[Text=Dads CharacterOffsetBegin=101 CharacterOffsetEnd=105 PartOfSpeech=NNS] [Text=Army CharacterOffsetBegin=106 CharacterOffsetEnd=110 PartOfSpeech=NNP] [Text=, CharacterOffsetBegin=110 CharacterOffsetEnd=111 PartOfSpeech=,] [Text=is CharacterOffsetBegin=112 CharacterOffsetEnd=114 PartOfSpeech=VBZ] [Text=my CharacterOffsetBegin=115 CharacterOffsetEnd=117 PartOfSpeech=PRP$] [Text=all CharacterOffsetBegin=118 CharacterOffsetEnd=121 PartOfSpeech=DT] [Text=time CharacterOffsetBegin=122 CharacterOffsetEnd=126 PartOfSpeech=NN] [Text=favourite CharacterOffsetBegin=127 CharacterOffsetEnd=136 PartOfSpeech=JJ] [Text=sitcom CharacterOffsetBegin=137 CharacterOffsetEnd=143 PartOfSpeech=NN] [Text=, CharacterOffsetBegin=143 CharacterOffsetEnd=144 PartOfSpeech=,] [Text=It CharacterOffsetBegin=145 CharacterOffsetEnd=147 PartOfSpeech=PRP] [Text=ai CharacterOffsetBegin=148 CharacterOffsetEnd=150 PartOfSpeech=VBP] [Text=n't CharacterOffsetBegin=150 CharacterOffsetEnd=153 PartOfSpeech=RB] [Text=half CharacterOffsetBegin=154 CharacterOffsetEnd=158 PartOfSpeech=JJ] [Text=hot CharacterOffsetBegin=159 CharacterOffsetEnd=162 PartOfSpeech=JJ] [Text=Mum CharacterOffsetBegin=163 CharacterOffsetEnd=166 PartOfSpeech=NN] [Text=is CharacterOffsetBegin=167 CharacterOffsetEnd=169 PartOfSpeech=VBZ] [Text=also CharacterOffsetBegin=170 CharacterOffsetEnd=174 PartOfSpeech=RB] [Text=a CharacterOffsetBegin=175 CharacterOffsetEnd=176 PartOfSpeech=DT] [Text=classic CharacterOffsetBegin=177 CharacterOffsetEnd=184 PartOfSpeech=JJ] [Text=as CharacterOffsetBegin=185 CharacterOffsetEnd=187 PartOfSpeech=IN] [Text=is CharacterOffsetBegin=188 CharacterOffsetEnd=190 PartOfSpeech=VBZ] [Text=You CharacterOffsetBegin=191 CharacterOffsetEnd=194 PartOfSpeech=PRP] [Text=Rang CharacterOffsetBegin=195 CharacterOffsetEnd=199 PartOfSpeech=VBD] [Text=M'Lord CharacterOffsetBegin=200 CharacterOffsetEnd=206 PartOfSpeech=NN] [Text=. CharacterOffsetBegin=206 CharacterOffsetEnd=207 PartOfSpeech=.] 
root(ROOT-0, sitcom-9)
nn(Army-2, Dads-1)
nsubj(sitcom-9, Army-2)
punct(Army-2, ,-3)
cop(sitcom-9, is-4)
poss(sitcom-9, my-5)
dep(time-7, all-6)
dep(sitcom-9, time-7)
amod(sitcom-9, favourite-8)
punct(sitcom-9, ,-10)
nsubj(Mum-16, It-11)
cop(Mum-16, ai-12)
neg(Mum-16, n't-13)
amod(Mum-16, half-14)
amod(Mum-16, hot-15)
nsubj(classic-20, Mum-16)
cop(classic-20, is-17)
advmod(classic-20, also-18)
det(classic-20, a-19)
rcmod(sitcom-9, classic-20)
prep(classic-20, as-21)
pcomp(as-21, is-22)
nsubj(Rang-24, You-23)
dep(is-22, Rang-24)
dobj(Rang-24, M'Lord-25)
punct(sitcom-9, .-26)

Sentence #3 (37 tokens):
I don't regard Hi De Hi as a classic, but it is still funny.It's about a holiday camp, similar to Butlins, but instead of red coats, it's yellow coats.
[Text=I CharacterOffsetBegin=212 CharacterOffsetEnd=213 PartOfSpeech=PRP] [Text=do CharacterOffsetBegin=214 CharacterOffsetEnd=216 PartOfSpeech=VBP] [Text=n't CharacterOffsetBegin=216 CharacterOffsetEnd=219 PartOfSpeech=RB] [Text=regard CharacterOffsetBegin=220 CharacterOffsetEnd=226 PartOfSpeech=VB] [Text=Hi CharacterOffsetBegin=227 CharacterOffsetEnd=229 PartOfSpeech=NNP] [Text=De CharacterOffsetBegin=230 CharacterOffsetEnd=232 PartOfSpeech=NNP] [Text=Hi CharacterOffsetBegin=233 CharacterOffsetEnd=235 PartOfSpeech=NNP] [Text=as CharacterOffsetBegin=236 CharacterOffsetEnd=238 PartOfSpeech=IN] [Text=a CharacterOffsetBegin=239 CharacterOffsetEnd=240 PartOfSpeech=DT] [Text=classic CharacterOffsetBegin=241 CharacterOffsetEnd=248 PartOfSpeech=JJ] [Text=, CharacterOffsetBegin=248 CharacterOffsetEnd=249 PartOfSpeech=,] [Text=but CharacterOffsetBegin=250 CharacterOffsetEnd=253 PartOfSpeech=CC] [Text=it CharacterOffsetBegin=254 CharacterOffsetEnd=256 PartOfSpeech=PRP] [Text=is CharacterOffsetBegin=257 CharacterOffsetEnd=259 PartOfSpeech=VBZ] [Text=still CharacterOffsetBegin=260 CharacterOffsetEnd=265 PartOfSpeech=RB] [Text=funny.It CharacterOffsetBegin=266 CharacterOffsetEnd=274 PartOfSpeech=NN] [Text='s CharacterOffsetBegin=274 CharacterOffsetEnd=276 PartOfSpeech=POS] [Text=about CharacterOffsetBegin=277 CharacterOffsetEnd=282 PartOfSpeech=IN] [Text=a CharacterOffsetBegin=283 CharacterOffsetEnd=284 PartOfSpeech=DT] [Text=holiday CharacterOffsetBegin=285 CharacterOffsetEnd=292 PartOfSpeech=NN] [Text=camp CharacterOffsetBegin=293 CharacterOffsetEnd=297 PartOfSpeech=NN] [Text=, CharacterOffsetBegin=297 CharacterOffsetEnd=298 PartOfSpeech=,] [Text=similar CharacterOffsetBegin=299 CharacterOffsetEnd=306 PartOfSpeech=JJ] [Text=to CharacterOffsetBegin=307 CharacterOffsetEnd=309 PartOfSpeech=TO] [Text=Butlins CharacterOffsetBegin=310 CharacterOffsetEnd=317 PartOfSpeech=NNS] [Text=, CharacterOffsetBegin=317 CharacterOffsetEnd=318 PartOfSpeech=,] [Text=but CharacterOffsetBegin=319 CharacterOffsetEnd=322 PartOfSpeech=CC] [Text=instead CharacterOffsetBegin=323 CharacterOffsetEnd=330 PartOfSpeech=RB] [Text=of CharacterOffsetBegin=331 CharacterOffsetEnd=333 PartOfSpeech=IN] [Text=red CharacterOffsetBegin=334 CharacterOffsetEnd=337 PartOfSpeech=JJ] [Text=coats CharacterOffsetBegin=338 CharacterOffsetEnd=343 PartOfSpeech=NNS] [Text=, CharacterOffsetBegin=343 CharacterOffsetEnd=344 PartOfSpeech=,] [Text=it CharacterOffsetBegin=345 CharacterOffsetEnd=347 PartOfSpeech=PRP] [Text='s CharacterOffsetBegin=347 CharacterOffsetEnd=349 PartOfSpeech=VBZ] [Text=yellow CharacterOffsetBegin=350 CharacterOffsetEnd=356 PartOfSpeech=JJ] [Text=coats CharacterOffsetBegin=357 CharacterOffsetEnd=362 PartOfSpeech=NNS] [Text=. CharacterOffsetBegin=362 CharacterOffsetEnd=363 PartOfSpeech=.] 
root(ROOT-0, regard-4)
nsubj(regard-4, I-1)
aux(regard-4, do-2)
neg(regard-4, n't-3)
nn(Hi-7, Hi-5)
nn(Hi-7, De-6)
dobj(regard-4, Hi-7)
prep(regard-4, as-8)
det(classic-10, a-9)
pobj(as-8, classic-10)
punct(regard-4, ,-11)
cc(regard-4, but-12)
nsubj(funny.It-16, it-13)
cop(funny.It-16, is-14)
advmod(funny.It-16, still-15)
conj(regard-4, funny.It-16)
possessive(funny.It-16, 's-17)
prep(funny.It-16, about-18)
det(camp-21, a-19)
nn(camp-21, holiday-20)
pobj(about-18, camp-21)
punct(funny.It-16, ,-22)
amod(funny.It-16, similar-23)
prep(similar-23, to-24)
pobj(to-24, Butlins-25)
punct(funny.It-16, ,-26)
cc(funny.It-16, but-27)
advmod(of-29, instead-28)
conj(funny.It-16, of-29)
amod(coats-31, red-30)
pobj(of-29, coats-31)
punct(regard-4, ,-32)
nsubj(yellow-35, it-33)
cop(yellow-35, 's-34)
ccomp(regard-4, yellow-35)
dobj(yellow-35, coats-36)
punct(regard-4, .-37)

Sentence #4 (20 tokens):
It is ran by Jeffery Fairbrother, a well meaning man, but has the personality of a sock.
[Text=It CharacterOffsetBegin=368 CharacterOffsetEnd=370 PartOfSpeech=PRP] [Text=is CharacterOffsetBegin=371 CharacterOffsetEnd=373 PartOfSpeech=VBZ] [Text=ran CharacterOffsetBegin=374 CharacterOffsetEnd=377 PartOfSpeech=VBN] [Text=by CharacterOffsetBegin=378 CharacterOffsetEnd=380 PartOfSpeech=IN] [Text=Jeffery CharacterOffsetBegin=381 CharacterOffsetEnd=388 PartOfSpeech=NNP] [Text=Fairbrother CharacterOffsetBegin=389 CharacterOffsetEnd=400 PartOfSpeech=NNP] [Text=, CharacterOffsetBegin=400 CharacterOffsetEnd=401 PartOfSpeech=,] [Text=a CharacterOffsetBegin=402 CharacterOffsetEnd=403 PartOfSpeech=DT] [Text=well CharacterOffsetBegin=404 CharacterOffsetEnd=408 PartOfSpeech=RB] [Text=meaning CharacterOffsetBegin=409 CharacterOffsetEnd=416 PartOfSpeech=VBG] [Text=man CharacterOffsetBegin=417 CharacterOffsetEnd=420 PartOfSpeech=NN] [Text=, CharacterOffsetBegin=420 CharacterOffsetEnd=421 PartOfSpeech=,] [Text=but CharacterOffsetBegin=422 CharacterOffsetEnd=425 PartOfSpeech=CC] [Text=has CharacterOffsetBegin=426 CharacterOffsetEnd=429 PartOfSpeech=VBZ] [Text=the CharacterOffsetBegin=430 CharacterOffsetEnd=433 PartOfSpeech=DT] [Text=personality CharacterOffsetBegin=434 CharacterOffsetEnd=445 PartOfSpeech=NN] [Text=of CharacterOffsetBegin=446 CharacterOffsetEnd=448 PartOfSpeech=IN] [Text=a CharacterOffsetBegin=449 CharacterOffsetEnd=450 PartOfSpeech=DT] [Text=sock CharacterOffsetBegin=451 CharacterOffsetEnd=455 PartOfSpeech=NN] [Text=. CharacterOffsetBegin=455 CharacterOffsetEnd=456 PartOfSpeech=.] 
root(ROOT-0, ran-3)
nsubjpass(ran-3, It-1)
auxpass(ran-3, is-2)
prep(ran-3, by-4)
nn(Fairbrother-6, Jeffery-5)
pobj(by-4, Fairbrother-6)
punct(Fairbrother-6, ,-7)
det(man-11, a-8)
advmod(meaning-10, well-9)
amod(man-11, meaning-10)
appos(Fairbrother-6, man-11)
punct(ran-3, ,-12)
cc(ran-3, but-13)
conj(ran-3, has-14)
det(personality-16, the-15)
dobj(has-14, personality-16)
prep(personality-16, of-17)
det(sock-19, a-18)
pobj(of-17, sock-19)
punct(ran-3, .-20)

Sentence #5 (52 tokens):
The staff include fun entertainment manager Ted, his sidekick Spike (he ended up being thrown in the swimming pool nearly every episode), yellow coat Gladys, careless maid Peggy who longed to be a yellow coat and the Punch and Judy man Mr Partridge who hates kids.
[Text=The CharacterOffsetBegin=461 CharacterOffsetEnd=464 PartOfSpeech=DT] [Text=staff CharacterOffsetBegin=465 CharacterOffsetEnd=470 PartOfSpeech=NN] [Text=include CharacterOffsetBegin=471 CharacterOffsetEnd=478 PartOfSpeech=VBP] [Text=fun CharacterOffsetBegin=479 CharacterOffsetEnd=482 PartOfSpeech=NN] [Text=entertainment CharacterOffsetBegin=483 CharacterOffsetEnd=496 PartOfSpeech=NN] [Text=manager CharacterOffsetBegin=497 CharacterOffsetEnd=504 PartOfSpeech=NN] [Text=Ted CharacterOffsetBegin=505 CharacterOffsetEnd=508 PartOfSpeech=NNP] [Text=, CharacterOffsetBegin=508 CharacterOffsetEnd=509 PartOfSpeech=,] [Text=his CharacterOffsetBegin=510 CharacterOffsetEnd=513 PartOfSpeech=PRP$] [Text=sidekick CharacterOffsetBegin=514 CharacterOffsetEnd=522 PartOfSpeech=NN] [Text=Spike CharacterOffsetBegin=523 CharacterOffsetEnd=528 PartOfSpeech=NN] [Text=-LRB- CharacterOffsetBegin=529 CharacterOffsetEnd=530 PartOfSpeech=-LRB-] [Text=he CharacterOffsetBegin=530 CharacterOffsetEnd=532 PartOfSpeech=PRP] [Text=ended CharacterOffsetBegin=533 CharacterOffsetEnd=538 PartOfSpeech=VBD] [Text=up CharacterOffsetBegin=539 CharacterOffsetEnd=541 PartOfSpeech=RP] [Text=being CharacterOffsetBegin=542 CharacterOffsetEnd=547 PartOfSpeech=VBG] [Text=thrown CharacterOffsetBegin=548 CharacterOffsetEnd=554 PartOfSpeech=VBN] [Text=in CharacterOffsetBegin=555 CharacterOffsetEnd=557 PartOfSpeech=IN] [Text=the CharacterOffsetBegin=558 CharacterOffsetEnd=561 PartOfSpeech=DT] [Text=swimming CharacterOffsetBegin=562 CharacterOffsetEnd=570 PartOfSpeech=NN] [Text=pool CharacterOffsetBegin=571 CharacterOffsetEnd=575 PartOfSpeech=NN] [Text=nearly CharacterOffsetBegin=576 CharacterOffsetEnd=582 PartOfSpeech=RB] [Text=every CharacterOffsetBegin=583 CharacterOffsetEnd=588 PartOfSpeech=DT] [Text=episode CharacterOffsetBegin=589 CharacterOffsetEnd=596 PartOfSpeech=NN] [Text=-RRB- CharacterOffsetBegin=596 CharacterOffsetEnd=597 PartOfSpeech=-RRB-] [Text=, CharacterOffsetBegin=597 CharacterOffsetEnd=598 PartOfSpeech=,] [Text=yellow CharacterOffsetBegin=599 CharacterOffsetEnd=605 PartOfSpeech=JJ] [Text=coat CharacterOffsetBegin=606 CharacterOffsetEnd=610 PartOfSpeech=NN] [Text=Gladys CharacterOffsetBegin=611 CharacterOffsetEnd=617 PartOfSpeech=NNP] [Text=, CharacterOffsetBegin=617 CharacterOffsetEnd=618 PartOfSpeech=,] [Text=careless CharacterOffsetBegin=619 CharacterOffsetEnd=627 PartOfSpeech=JJ] [Text=maid CharacterOffsetBegin=628 CharacterOffsetEnd=632 PartOfSpeech=NN] [Text=Peggy CharacterOffsetBegin=633 CharacterOffsetEnd=638 PartOfSpeech=NNP] [Text=who CharacterOffsetBegin=639 CharacterOffsetEnd=642 PartOfSpeech=WP] [Text=longed CharacterOffsetBegin=643 CharacterOffsetEnd=649 PartOfSpeech=VBD] [Text=to CharacterOffsetBegin=650 CharacterOffsetEnd=652 PartOfSpeech=TO] [Text=be CharacterOffsetBegin=653 CharacterOffsetEnd=655 PartOfSpeech=VB] [Text=a CharacterOffsetBegin=656 CharacterOffsetEnd=657 PartOfSpeech=DT] [Text=yellow CharacterOffsetBegin=658 CharacterOffsetEnd=664 PartOfSpeech=JJ] [Text=coat CharacterOffsetBegin=665 CharacterOffsetEnd=669 PartOfSpeech=NN] [Text=and CharacterOffsetBegin=670 CharacterOffsetEnd=673 PartOfSpeech=CC] [Text=the CharacterOffsetBegin=674 CharacterOffsetEnd=677 PartOfSpeech=DT] [Text=Punch CharacterOffsetBegin=678 CharacterOffsetEnd=683 PartOfSpeech=NN] [Text=and CharacterOffsetBegin=684 CharacterOffsetEnd=687 PartOfSpeech=CC] [Text=Judy CharacterOffsetBegin=688 CharacterOffsetEnd=692 PartOfSpeech=NNP] [Text=man CharacterOffsetBegin=693 CharacterOffsetEnd=696 PartOfSpeech=NN] [Text=Mr CharacterOffsetBegin=697 CharacterOffsetEnd=699 PartOfSpeech=NNP] [Text=Partridge CharacterOffsetBegin=700 CharacterOffsetEnd=709 PartOfSpeech=NNP] [Text=who CharacterOffsetBegin=710 CharacterOffsetEnd=713 PartOfSpeech=WP] [Text=hates CharacterOffsetBegin=714 CharacterOffsetEnd=719 PartOfSpeech=VBZ] [Text=kids CharacterOffsetBegin=720 CharacterOffsetEnd=724 PartOfSpeech=NNS] [Text=. CharacterOffsetBegin=724 CharacterOffsetEnd=725 PartOfSpeech=.] 
root(ROOT-0, include-3)
det(staff-2, The-1)
nsubj(include-3, staff-2)
amod(manager-6, fun-4)
nn(manager-6, entertainment-5)
dobj(include-3, manager-6)
dep(manager-6, Ted-7)
punct(Ted-7, ,-8)
poss(Spike-11, his-9)
nn(Spike-11, sidekick-10)
appos(Ted-7, Spike-11)
punct(ended-14, -LRB--12)
nsubj(ended-14, he-13)
rcmod(Spike-11, ended-14)
prt(ended-14, up-15)
auxpass(thrown-17, being-16)
dep(ended-14, thrown-17)
prep(thrown-17, in-18)
det(pool-21, the-19)
nn(pool-21, swimming-20)
pobj(in-18, pool-21)
advmod(episode-24, nearly-22)
det(episode-24, every-23)
dep(thrown-17, episode-24)
punct(episode-24, -RRB--25)
punct(ended-14, ,-26)
amod(Gladys-29, yellow-27)
nn(Gladys-29, coat-28)
dep(ended-14, Gladys-29)
punct(Gladys-29, ,-30)
amod(Peggy-33, careless-31)
nn(Peggy-33, maid-32)
appos(Gladys-29, Peggy-33)
nsubj(longed-35, who-34)
rcmod(Peggy-33, longed-35)
aux(coat-40, to-36)
cop(coat-40, be-37)
det(coat-40, a-38)
amod(coat-40, yellow-39)
xcomp(longed-35, coat-40)
cc(coat-40, and-41)
det(Punch-43, the-42)
conj(coat-40, Punch-43)
cc(Punch-43, and-44)
nn(Partridge-48, Judy-45)
nn(Partridge-48, man-46)
nn(Partridge-48, Mr-47)
conj(Punch-43, Partridge-48)
nsubj(hates-50, who-49)
rcmod(Punch-43, hates-50)
dobj(hates-50, kids-51)
punct(include-3, .-52)

Sentence #6 (25 tokens):
Situations occurred mostly round the swimming pool, where someone would be thrown in every episode (with there clothes on of course).
[Text=Situations CharacterOffsetBegin=730 CharacterOffsetEnd=740 PartOfSpeech=NNS] [Text=occurred CharacterOffsetBegin=741 CharacterOffsetEnd=749 PartOfSpeech=VBD] [Text=mostly CharacterOffsetBegin=750 CharacterOffsetEnd=756 PartOfSpeech=RB] [Text=round CharacterOffsetBegin=757 CharacterOffsetEnd=762 PartOfSpeech=JJ] [Text=the CharacterOffsetBegin=763 CharacterOffsetEnd=766 PartOfSpeech=DT] [Text=swimming CharacterOffsetBegin=767 CharacterOffsetEnd=775 PartOfSpeech=NN] [Text=pool CharacterOffsetBegin=776 CharacterOffsetEnd=780 PartOfSpeech=NN] [Text=, CharacterOffsetBegin=780 CharacterOffsetEnd=781 PartOfSpeech=,] [Text=where CharacterOffsetBegin=782 CharacterOffsetEnd=787 PartOfSpeech=WRB] [Text=someone CharacterOffsetBegin=788 CharacterOffsetEnd=795 PartOfSpeech=NN] [Text=would CharacterOffsetBegin=796 CharacterOffsetEnd=801 PartOfSpeech=MD] [Text=be CharacterOffsetBegin=802 CharacterOffsetEnd=804 PartOfSpeech=VB] [Text=thrown CharacterOffsetBegin=805 CharacterOffsetEnd=811 PartOfSpeech=VBN] [Text=in CharacterOffsetBegin=812 CharacterOffsetEnd=814 PartOfSpeech=IN] [Text=every CharacterOffsetBegin=815 CharacterOffsetEnd=820 PartOfSpeech=DT] [Text=episode CharacterOffsetBegin=821 CharacterOffsetEnd=828 PartOfSpeech=NN] [Text=-LRB- CharacterOffsetBegin=829 CharacterOffsetEnd=830 PartOfSpeech=-LRB-] [Text=with CharacterOffsetBegin=830 CharacterOffsetEnd=834 PartOfSpeech=IN] [Text=there CharacterOffsetBegin=835 CharacterOffsetEnd=840 PartOfSpeech=EX] [Text=clothes CharacterOffsetBegin=841 CharacterOffsetEnd=848 PartOfSpeech=NNS] [Text=on CharacterOffsetBegin=849 CharacterOffsetEnd=851 PartOfSpeech=IN] [Text=of CharacterOffsetBegin=852 CharacterOffsetEnd=854 PartOfSpeech=IN] [Text=course CharacterOffsetBegin=855 CharacterOffsetEnd=861 PartOfSpeech=NN] [Text=-RRB- CharacterOffsetBegin=861 CharacterOffsetEnd=862 PartOfSpeech=-RRB-] [Text=. CharacterOffsetBegin=862 CharacterOffsetEnd=863 PartOfSpeech=.] 
root(ROOT-0, occurred-2)
nsubj(occurred-2, Situations-1)
advmod(round-4, mostly-3)
dep(occurred-2, round-4)
det(pool-7, the-5)
nn(pool-7, swimming-6)
dobj(round-4, pool-7)
punct(pool-7, ,-8)
advmod(thrown-13, where-9)
nsubjpass(thrown-13, someone-10)
aux(thrown-13, would-11)
auxpass(thrown-13, be-12)
rcmod(pool-7, thrown-13)
prep(thrown-13, in-14)
det(episode-16, every-15)
pobj(in-14, episode-16)
punct(with-18, -LRB--17)
prep(episode-16, with-18)
expl(clothes-20, there-19)
pobj(with-18, clothes-20)
dep(clothes-20, on-21)
prep(on-21, of-22)
pobj(of-22, course-23)
punct(with-18, -RRB--24)
punct(occurred-2, .-25)

Sentence #7 (8 tokens):
Not a classic, but still funny.
[Text=Not CharacterOffsetBegin=863 CharacterOffsetEnd=866 PartOfSpeech=RB] [Text=a CharacterOffsetBegin=867 CharacterOffsetEnd=868 PartOfSpeech=DT] [Text=classic CharacterOffsetBegin=869 CharacterOffsetEnd=876 PartOfSpeech=JJ] [Text=, CharacterOffsetBegin=876 CharacterOffsetEnd=877 PartOfSpeech=,] [Text=but CharacterOffsetBegin=878 CharacterOffsetEnd=881 PartOfSpeech=CC] [Text=still CharacterOffsetBegin=882 CharacterOffsetEnd=887 PartOfSpeech=RB] [Text=funny CharacterOffsetBegin=888 CharacterOffsetEnd=893 PartOfSpeech=JJ] [Text=. CharacterOffsetBegin=893 CharacterOffsetEnd=894 PartOfSpeech=.] 
root(ROOT-0, classic-3)
neg(classic-3, Not-1)
det(classic-3, a-2)
punct(classic-3, ,-4)
cc(classic-3, but-5)
advmod(funny-7, still-6)
conj(classic-3, funny-7)
punct(classic-3, .-8)

Sentence #8 (22 tokens):
Jeffery Fairbrother left half way through, so this, a bit like Only Fools and Horses, outstayed its welcome.
[Text=Jeffery CharacterOffsetBegin=899 CharacterOffsetEnd=906 PartOfSpeech=NNP] [Text=Fairbrother CharacterOffsetBegin=907 CharacterOffsetEnd=918 PartOfSpeech=NNP] [Text=left CharacterOffsetBegin=919 CharacterOffsetEnd=923 PartOfSpeech=VBD] [Text=half CharacterOffsetBegin=924 CharacterOffsetEnd=928 PartOfSpeech=DT] [Text=way CharacterOffsetBegin=929 CharacterOffsetEnd=932 PartOfSpeech=NN] [Text=through CharacterOffsetBegin=933 CharacterOffsetEnd=940 PartOfSpeech=IN] [Text=, CharacterOffsetBegin=940 CharacterOffsetEnd=941 PartOfSpeech=,] [Text=so CharacterOffsetBegin=942 CharacterOffsetEnd=944 PartOfSpeech=IN] [Text=this CharacterOffsetBegin=945 CharacterOffsetEnd=949 PartOfSpeech=DT] [Text=, CharacterOffsetBegin=949 CharacterOffsetEnd=950 PartOfSpeech=,] [Text=a CharacterOffsetBegin=951 CharacterOffsetEnd=952 PartOfSpeech=DT] [Text=bit CharacterOffsetBegin=953 CharacterOffsetEnd=956 PartOfSpeech=NN] [Text=like CharacterOffsetBegin=957 CharacterOffsetEnd=961 PartOfSpeech=IN] [Text=Only CharacterOffsetBegin=962 CharacterOffsetEnd=966 PartOfSpeech=JJ] [Text=Fools CharacterOffsetBegin=967 CharacterOffsetEnd=972 PartOfSpeech=NNS] [Text=and CharacterOffsetBegin=973 CharacterOffsetEnd=976 PartOfSpeech=CC] [Text=Horses CharacterOffsetBegin=977 CharacterOffsetEnd=983 PartOfSpeech=NNS] [Text=, CharacterOffsetBegin=983 CharacterOffsetEnd=984 PartOfSpeech=,] [Text=outstayed CharacterOffsetBegin=985 CharacterOffsetEnd=994 PartOfSpeech=VBD] [Text=its CharacterOffsetBegin=995 CharacterOffsetEnd=998 PartOfSpeech=PRP$] [Text=welcome CharacterOffsetBegin=999 CharacterOffsetEnd=1006 PartOfSpeech=JJ] [Text=. CharacterOffsetBegin=1006 CharacterOffsetEnd=1007 PartOfSpeech=.] 
root(ROOT-0, left-3)
nn(Fairbrother-2, Jeffery-1)
nsubj(left-3, Fairbrother-2)
det(way-5, half-4)
dobj(left-3, way-5)
advmod(left-3, through-6)
punct(left-3, ,-7)
mark(outstayed-19, so-8)
nsubj(outstayed-19, this-9)
punct(this-9, ,-10)
det(bit-12, a-11)
appos(this-9, bit-12)
prep(bit-12, like-13)
amod(Fools-15, Only-14)
pobj(like-13, Fools-15)
cc(Fools-15, and-16)
conj(Fools-15, Horses-17)
punct(this-9, ,-18)
advcl(left-3, outstayed-19)
poss(welcome-21, its-20)
dobj(outstayed-19, welcome-21)
punct(left-3, .-22)

Sentence #9 (22 tokens):
Jimmy Perry was actually a red coat at Butlins.Best Episode: Peggy's Big Chance, series 2, episode 2.
[Text=Jimmy CharacterOffsetBegin=1012 CharacterOffsetEnd=1017 PartOfSpeech=NNP] [Text=Perry CharacterOffsetBegin=1018 CharacterOffsetEnd=1023 PartOfSpeech=NNP] [Text=was CharacterOffsetBegin=1024 CharacterOffsetEnd=1027 PartOfSpeech=VBD] [Text=actually CharacterOffsetBegin=1028 CharacterOffsetEnd=1036 PartOfSpeech=RB] [Text=a CharacterOffsetBegin=1037 CharacterOffsetEnd=1038 PartOfSpeech=DT] [Text=red CharacterOffsetBegin=1039 CharacterOffsetEnd=1042 PartOfSpeech=JJ] [Text=coat CharacterOffsetBegin=1043 CharacterOffsetEnd=1047 PartOfSpeech=NN] [Text=at CharacterOffsetBegin=1048 CharacterOffsetEnd=1050 PartOfSpeech=IN] [Text=Butlins.Best CharacterOffsetBegin=1051 CharacterOffsetEnd=1063 PartOfSpeech=NNP] [Text=Episode CharacterOffsetBegin=1064 CharacterOffsetEnd=1071 PartOfSpeech=NNP] [Text=: CharacterOffsetBegin=1071 CharacterOffsetEnd=1072 PartOfSpeech=:] [Text=Peggy CharacterOffsetBegin=1073 CharacterOffsetEnd=1078 PartOfSpeech=NNP] [Text='s CharacterOffsetBegin=1078 CharacterOffsetEnd=1080 PartOfSpeech=POS] [Text=Big CharacterOffsetBegin=1081 CharacterOffsetEnd=1084 PartOfSpeech=JJ] [Text=Chance CharacterOffsetBegin=1085 CharacterOffsetEnd=1091 PartOfSpeech=NN] [Text=, CharacterOffsetBegin=1091 CharacterOffsetEnd=1092 PartOfSpeech=,] [Text=series CharacterOffsetBegin=1093 CharacterOffsetEnd=1099 PartOfSpeech=NN] [Text=2 CharacterOffsetBegin=1100 CharacterOffsetEnd=1101 PartOfSpeech=CD] [Text=, CharacterOffsetBegin=1101 CharacterOffsetEnd=1102 PartOfSpeech=,] [Text=episode CharacterOffsetBegin=1103 CharacterOffsetEnd=1110 PartOfSpeech=NN] [Text=2 CharacterOffsetBegin=1111 CharacterOffsetEnd=1112 PartOfSpeech=CD] [Text=. CharacterOffsetBegin=1112 CharacterOffsetEnd=1113 PartOfSpeech=.] 
root(ROOT-0, coat-7)
nn(Perry-2, Jimmy-1)
nsubj(coat-7, Perry-2)
cop(coat-7, was-3)
advmod(coat-7, actually-4)
det(coat-7, a-5)
amod(coat-7, red-6)
prep(coat-7, at-8)
nn(Episode-10, Butlins.Best-9)
pobj(at-8, Episode-10)
punct(coat-7, :-11)
poss(Chance-15, Peggy-12)
possessive(Peggy-12, 's-13)
amod(Chance-15, Big-14)
dep(coat-7, Chance-15)
punct(Chance-15, ,-16)
appos(Chance-15, series-17)
num(series-17, 2-18)
punct(Chance-15, ,-19)
appos(Chance-15, episode-20)
num(episode-20, 2-21)
punct(coat-7, .-22)

