Sentence #1 (12 tokens):
There are moments when you don't want those deep drama-series.
[Text=There CharacterOffsetBegin=4 CharacterOffsetEnd=9 PartOfSpeech=EX] [Text=are CharacterOffsetBegin=10 CharacterOffsetEnd=13 PartOfSpeech=VBP] [Text=moments CharacterOffsetBegin=14 CharacterOffsetEnd=21 PartOfSpeech=NNS] [Text=when CharacterOffsetBegin=22 CharacterOffsetEnd=26 PartOfSpeech=WRB] [Text=you CharacterOffsetBegin=27 CharacterOffsetEnd=30 PartOfSpeech=PRP] [Text=do CharacterOffsetBegin=31 CharacterOffsetEnd=33 PartOfSpeech=VBP] [Text=n't CharacterOffsetBegin=33 CharacterOffsetEnd=36 PartOfSpeech=RB] [Text=want CharacterOffsetBegin=37 CharacterOffsetEnd=41 PartOfSpeech=VB] [Text=those CharacterOffsetBegin=42 CharacterOffsetEnd=47 PartOfSpeech=DT] [Text=deep CharacterOffsetBegin=48 CharacterOffsetEnd=52 PartOfSpeech=JJ] [Text=drama-series CharacterOffsetBegin=53 CharacterOffsetEnd=65 PartOfSpeech=NNS] [Text=. CharacterOffsetBegin=65 CharacterOffsetEnd=66 PartOfSpeech=.] 
root(ROOT-0, are-2)
expl(are-2, There-1)
nsubj(are-2, moments-3)
advmod(want-8, when-4)
nsubj(want-8, you-5)
aux(want-8, do-6)
neg(want-8, n't-7)
rcmod(moments-3, want-8)
det(drama-series-11, those-9)
amod(drama-series-11, deep-10)
dobj(want-8, drama-series-11)
punct(are-2, .-12)

Sentence #2 (24 tokens):
When you don't want series with heavy stories or a must to watch every single episode to be able to hang on.
[Text=When CharacterOffsetBegin=71 CharacterOffsetEnd=75 PartOfSpeech=WRB] [Text=you CharacterOffsetBegin=76 CharacterOffsetEnd=79 PartOfSpeech=PRP] [Text=do CharacterOffsetBegin=80 CharacterOffsetEnd=82 PartOfSpeech=VBP] [Text=n't CharacterOffsetBegin=82 CharacterOffsetEnd=85 PartOfSpeech=RB] [Text=want CharacterOffsetBegin=86 CharacterOffsetEnd=90 PartOfSpeech=VB] [Text=series CharacterOffsetBegin=91 CharacterOffsetEnd=97 PartOfSpeech=NN] [Text=with CharacterOffsetBegin=98 CharacterOffsetEnd=102 PartOfSpeech=IN] [Text=heavy CharacterOffsetBegin=103 CharacterOffsetEnd=108 PartOfSpeech=JJ] [Text=stories CharacterOffsetBegin=109 CharacterOffsetEnd=116 PartOfSpeech=NNS] [Text=or CharacterOffsetBegin=117 CharacterOffsetEnd=119 PartOfSpeech=CC] [Text=a CharacterOffsetBegin=120 CharacterOffsetEnd=121 PartOfSpeech=DT] [Text=must CharacterOffsetBegin=122 CharacterOffsetEnd=126 PartOfSpeech=MD] [Text=to CharacterOffsetBegin=127 CharacterOffsetEnd=129 PartOfSpeech=TO] [Text=watch CharacterOffsetBegin=130 CharacterOffsetEnd=135 PartOfSpeech=VB] [Text=every CharacterOffsetBegin=136 CharacterOffsetEnd=141 PartOfSpeech=DT] [Text=single CharacterOffsetBegin=142 CharacterOffsetEnd=148 PartOfSpeech=JJ] [Text=episode CharacterOffsetBegin=149 CharacterOffsetEnd=156 PartOfSpeech=NN] [Text=to CharacterOffsetBegin=157 CharacterOffsetEnd=159 PartOfSpeech=TO] [Text=be CharacterOffsetBegin=160 CharacterOffsetEnd=162 PartOfSpeech=VB] [Text=able CharacterOffsetBegin=163 CharacterOffsetEnd=167 PartOfSpeech=JJ] [Text=to CharacterOffsetBegin=168 CharacterOffsetEnd=170 PartOfSpeech=TO] [Text=hang CharacterOffsetBegin=171 CharacterOffsetEnd=175 PartOfSpeech=VB] [Text=on CharacterOffsetBegin=176 CharacterOffsetEnd=178 PartOfSpeech=IN] [Text=. CharacterOffsetBegin=178 CharacterOffsetEnd=179 PartOfSpeech=.] 
root(ROOT-0, want-5)
advmod(want-5, When-1)
nsubj(want-5, you-2)
aux(want-5, do-3)
neg(want-5, n't-4)
dobj(want-5, series-6)
prep(series-6, with-7)
amod(stories-9, heavy-8)
pobj(with-7, stories-9)
cc(stories-9, or-10)
det(must-12, a-11)
conj(stories-9, must-12)
aux(watch-14, to-13)
xcomp(must-12, watch-14)
det(episode-17, every-15)
amod(episode-17, single-16)
nsubj(able-20, episode-17)
aux(able-20, to-18)
cop(able-20, be-19)
xcomp(watch-14, able-20)
aux(hang-22, to-21)
xcomp(able-20, hang-22)
prt(hang-22, on-23)
punct(want-5, .-24)

Sentence #3 (21 tokens):
There are moments when you just want to watch a simple series, with lots of action and cool characters.
[Text=There CharacterOffsetBegin=184 CharacterOffsetEnd=189 PartOfSpeech=EX] [Text=are CharacterOffsetBegin=190 CharacterOffsetEnd=193 PartOfSpeech=VBP] [Text=moments CharacterOffsetBegin=194 CharacterOffsetEnd=201 PartOfSpeech=NNS] [Text=when CharacterOffsetBegin=202 CharacterOffsetEnd=206 PartOfSpeech=WRB] [Text=you CharacterOffsetBegin=207 CharacterOffsetEnd=210 PartOfSpeech=PRP] [Text=just CharacterOffsetBegin=211 CharacterOffsetEnd=215 PartOfSpeech=RB] [Text=want CharacterOffsetBegin=216 CharacterOffsetEnd=220 PartOfSpeech=VBP] [Text=to CharacterOffsetBegin=221 CharacterOffsetEnd=223 PartOfSpeech=TO] [Text=watch CharacterOffsetBegin=224 CharacterOffsetEnd=229 PartOfSpeech=VB] [Text=a CharacterOffsetBegin=230 CharacterOffsetEnd=231 PartOfSpeech=DT] [Text=simple CharacterOffsetBegin=232 CharacterOffsetEnd=238 PartOfSpeech=JJ] [Text=series CharacterOffsetBegin=239 CharacterOffsetEnd=245 PartOfSpeech=NN] [Text=, CharacterOffsetBegin=245 CharacterOffsetEnd=246 PartOfSpeech=,] [Text=with CharacterOffsetBegin=247 CharacterOffsetEnd=251 PartOfSpeech=IN] [Text=lots CharacterOffsetBegin=252 CharacterOffsetEnd=256 PartOfSpeech=NNS] [Text=of CharacterOffsetBegin=257 CharacterOffsetEnd=259 PartOfSpeech=IN] [Text=action CharacterOffsetBegin=260 CharacterOffsetEnd=266 PartOfSpeech=NN] [Text=and CharacterOffsetBegin=267 CharacterOffsetEnd=270 PartOfSpeech=CC] [Text=cool CharacterOffsetBegin=271 CharacterOffsetEnd=275 PartOfSpeech=JJ] [Text=characters CharacterOffsetBegin=276 CharacterOffsetEnd=286 PartOfSpeech=NNS] [Text=. CharacterOffsetBegin=286 CharacterOffsetEnd=287 PartOfSpeech=.] 
root(ROOT-0, are-2)
expl(are-2, There-1)
nsubj(are-2, moments-3)
advmod(want-7, when-4)
nsubj(want-7, you-5)
advmod(want-7, just-6)
advcl(are-2, want-7)
aux(watch-9, to-8)
xcomp(want-7, watch-9)
det(series-12, a-10)
amod(series-12, simple-11)
dobj(watch-9, series-12)
punct(are-2, ,-13)
prep(are-2, with-14)
pobj(with-14, lots-15)
prep(lots-15, of-16)
pobj(of-16, action-17)
cc(action-17, and-18)
amod(characters-20, cool-19)
conj(action-17, characters-20)
punct(are-2, .-21)

Sentence #4 (9 tokens):
For those moments, you have Cleopatra 2525.
[Text=For CharacterOffsetBegin=292 CharacterOffsetEnd=295 PartOfSpeech=IN] [Text=those CharacterOffsetBegin=296 CharacterOffsetEnd=301 PartOfSpeech=DT] [Text=moments CharacterOffsetBegin=302 CharacterOffsetEnd=309 PartOfSpeech=NNS] [Text=, CharacterOffsetBegin=309 CharacterOffsetEnd=310 PartOfSpeech=,] [Text=you CharacterOffsetBegin=311 CharacterOffsetEnd=314 PartOfSpeech=PRP] [Text=have CharacterOffsetBegin=315 CharacterOffsetEnd=319 PartOfSpeech=VBP] [Text=Cleopatra CharacterOffsetBegin=320 CharacterOffsetEnd=329 PartOfSpeech=NNP] [Text=2525 CharacterOffsetBegin=330 CharacterOffsetEnd=334 PartOfSpeech=CD] [Text=. CharacterOffsetBegin=334 CharacterOffsetEnd=335 PartOfSpeech=.] 
root(ROOT-0, have-6)
prep(have-6, For-1)
det(moments-3, those-2)
pobj(For-1, moments-3)
punct(have-6, ,-4)
nsubj(have-6, you-5)
dobj(have-6, Cleopatra-7)
num(Cleopatra-7, 2525-8)
punct(have-6, .-9)

Sentence #5 (12 tokens):
I was one of those who actually enjoyed Charlie's Angels.
[Text=I CharacterOffsetBegin=335 CharacterOffsetEnd=336 PartOfSpeech=PRP] [Text=was CharacterOffsetBegin=337 CharacterOffsetEnd=340 PartOfSpeech=VBD] [Text=one CharacterOffsetBegin=341 CharacterOffsetEnd=344 PartOfSpeech=CD] [Text=of CharacterOffsetBegin=345 CharacterOffsetEnd=347 PartOfSpeech=IN] [Text=those CharacterOffsetBegin=348 CharacterOffsetEnd=353 PartOfSpeech=DT] [Text=who CharacterOffsetBegin=354 CharacterOffsetEnd=357 PartOfSpeech=WP] [Text=actually CharacterOffsetBegin=358 CharacterOffsetEnd=366 PartOfSpeech=RB] [Text=enjoyed CharacterOffsetBegin=367 CharacterOffsetEnd=374 PartOfSpeech=VBD] [Text=Charlie CharacterOffsetBegin=375 CharacterOffsetEnd=382 PartOfSpeech=NNP] [Text='s CharacterOffsetBegin=382 CharacterOffsetEnd=384 PartOfSpeech=POS] [Text=Angels CharacterOffsetBegin=385 CharacterOffsetEnd=391 PartOfSpeech=NNPS] [Text=. CharacterOffsetBegin=391 CharacterOffsetEnd=392 PartOfSpeech=.] 
root(ROOT-0, one-3)
nsubj(one-3, I-1)
cop(one-3, was-2)
prep(one-3, of-4)
pobj(of-4, those-5)
nsubj(enjoyed-8, who-6)
advmod(enjoyed-8, actually-7)
rcmod(those-5, enjoyed-8)
poss(Angels-11, Charlie-9)
possessive(Charlie-9, 's-10)
dobj(enjoyed-8, Angels-11)
punct(one-3, .-12)

Sentence #6 (9 tokens):
Critics said it was to superficial and silly.
[Text=Critics CharacterOffsetBegin=397 CharacterOffsetEnd=404 PartOfSpeech=NNS] [Text=said CharacterOffsetBegin=405 CharacterOffsetEnd=409 PartOfSpeech=VBD] [Text=it CharacterOffsetBegin=410 CharacterOffsetEnd=412 PartOfSpeech=PRP] [Text=was CharacterOffsetBegin=413 CharacterOffsetEnd=416 PartOfSpeech=VBD] [Text=to CharacterOffsetBegin=417 CharacterOffsetEnd=419 PartOfSpeech=TO] [Text=superficial CharacterOffsetBegin=420 CharacterOffsetEnd=431 PartOfSpeech=JJ] [Text=and CharacterOffsetBegin=432 CharacterOffsetEnd=435 PartOfSpeech=CC] [Text=silly CharacterOffsetBegin=436 CharacterOffsetEnd=441 PartOfSpeech=JJ] [Text=. CharacterOffsetBegin=441 CharacterOffsetEnd=442 PartOfSpeech=.] 
root(ROOT-0, said-2)
nsubj(said-2, Critics-1)
nsubj(was-4, it-3)
ccomp(said-2, was-4)
prep(was-4, to-5)
pobj(to-5, superficial-6)
cc(superficial-6, and-7)
conj(superficial-6, silly-8)
punct(said-2, .-9)

Sentence #7 (10 tokens):
But the thing is, that's the point!
[Text=But CharacterOffsetBegin=447 CharacterOffsetEnd=450 PartOfSpeech=CC] [Text=the CharacterOffsetBegin=451 CharacterOffsetEnd=454 PartOfSpeech=DT] [Text=thing CharacterOffsetBegin=455 CharacterOffsetEnd=460 PartOfSpeech=NN] [Text=is CharacterOffsetBegin=461 CharacterOffsetEnd=463 PartOfSpeech=VBZ] [Text=, CharacterOffsetBegin=463 CharacterOffsetEnd=464 PartOfSpeech=,] [Text=that CharacterOffsetBegin=465 CharacterOffsetEnd=469 PartOfSpeech=DT] [Text='s CharacterOffsetBegin=469 CharacterOffsetEnd=471 PartOfSpeech=VBZ] [Text=the CharacterOffsetBegin=472 CharacterOffsetEnd=475 PartOfSpeech=DT] [Text=point CharacterOffsetBegin=476 CharacterOffsetEnd=481 PartOfSpeech=NN] [Text=! CharacterOffsetBegin=481 CharacterOffsetEnd=482 PartOfSpeech=.] 
root(ROOT-0, is-4)
cc(is-4, But-1)
det(thing-3, the-2)
nsubj(is-4, thing-3)
punct(is-4, ,-5)
nsubj(point-9, that-6)
cop(point-9, 's-7)
det(point-9, the-8)
ccomp(is-4, point-9)
punct(is-4, !-10)

Sentence #8 (13 tokens):
People who can't relax and expected a serious movie hated it.
[Text=People CharacterOffsetBegin=487 CharacterOffsetEnd=493 PartOfSpeech=NNS] [Text=who CharacterOffsetBegin=494 CharacterOffsetEnd=497 PartOfSpeech=WP] [Text=ca CharacterOffsetBegin=498 CharacterOffsetEnd=500 PartOfSpeech=MD] [Text=n't CharacterOffsetBegin=500 CharacterOffsetEnd=503 PartOfSpeech=RB] [Text=relax CharacterOffsetBegin=504 CharacterOffsetEnd=509 PartOfSpeech=VB] [Text=and CharacterOffsetBegin=510 CharacterOffsetEnd=513 PartOfSpeech=CC] [Text=expected CharacterOffsetBegin=514 CharacterOffsetEnd=522 PartOfSpeech=VBD] [Text=a CharacterOffsetBegin=523 CharacterOffsetEnd=524 PartOfSpeech=DT] [Text=serious CharacterOffsetBegin=525 CharacterOffsetEnd=532 PartOfSpeech=JJ] [Text=movie CharacterOffsetBegin=533 CharacterOffsetEnd=538 PartOfSpeech=NN] [Text=hated CharacterOffsetBegin=539 CharacterOffsetEnd=544 PartOfSpeech=VBD] [Text=it CharacterOffsetBegin=545 CharacterOffsetEnd=547 PartOfSpeech=PRP] [Text=. CharacterOffsetBegin=547 CharacterOffsetEnd=548 PartOfSpeech=.] 
root(ROOT-0, People-1)
nsubj(relax-5, who-2)
aux(relax-5, ca-3)
neg(relax-5, n't-4)
rcmod(People-1, relax-5)
cc(relax-5, and-6)
conj(relax-5, expected-7)
det(movie-10, a-8)
amod(movie-10, serious-9)
nsubj(hated-11, movie-10)
ccomp(expected-7, hated-11)
dobj(hated-11, it-12)
punct(People-1, .-13)

Sentence #9 (9 tokens):
It's exactly the same with Cleopatra 2525.
[Text=It CharacterOffsetBegin=553 CharacterOffsetEnd=555 PartOfSpeech=PRP] [Text='s CharacterOffsetBegin=555 CharacterOffsetEnd=557 PartOfSpeech=VBZ] [Text=exactly CharacterOffsetBegin=558 CharacterOffsetEnd=565 PartOfSpeech=RB] [Text=the CharacterOffsetBegin=566 CharacterOffsetEnd=569 PartOfSpeech=DT] [Text=same CharacterOffsetBegin=570 CharacterOffsetEnd=574 PartOfSpeech=JJ] [Text=with CharacterOffsetBegin=575 CharacterOffsetEnd=579 PartOfSpeech=IN] [Text=Cleopatra CharacterOffsetBegin=580 CharacterOffsetEnd=589 PartOfSpeech=NNP] [Text=2525 CharacterOffsetBegin=590 CharacterOffsetEnd=594 PartOfSpeech=CD] [Text=. CharacterOffsetBegin=594 CharacterOffsetEnd=595 PartOfSpeech=.] 
root(ROOT-0, same-5)
nsubj(same-5, It-1)
cop(same-5, 's-2)
advmod(same-5, exactly-3)
det(same-5, the-4)
prep(same-5, with-6)
pobj(with-6, Cleopatra-7)
num(Cleopatra-7, 2525-8)
punct(same-5, .-9)

Sentence #10 (4 tokens):
It is superficial.
[Text=It CharacterOffsetBegin=600 CharacterOffsetEnd=602 PartOfSpeech=PRP] [Text=is CharacterOffsetBegin=603 CharacterOffsetEnd=605 PartOfSpeech=VBZ] [Text=superficial CharacterOffsetBegin=606 CharacterOffsetEnd=617 PartOfSpeech=JJ] [Text=. CharacterOffsetBegin=617 CharacterOffsetEnd=618 PartOfSpeech=.] 
root(ROOT-0, superficial-3)
nsubj(superficial-3, It-1)
cop(superficial-3, is-2)
punct(superficial-3, .-4)

Sentence #11 (7 tokens):
It has silly and unrealistic characters.
[Text=It CharacterOffsetBegin=623 CharacterOffsetEnd=625 PartOfSpeech=PRP] [Text=has CharacterOffsetBegin=626 CharacterOffsetEnd=629 PartOfSpeech=VBZ] [Text=silly CharacterOffsetBegin=630 CharacterOffsetEnd=635 PartOfSpeech=JJ] [Text=and CharacterOffsetBegin=636 CharacterOffsetEnd=639 PartOfSpeech=CC] [Text=unrealistic CharacterOffsetBegin=640 CharacterOffsetEnd=651 PartOfSpeech=JJ] [Text=characters CharacterOffsetBegin=652 CharacterOffsetEnd=662 PartOfSpeech=NNS] [Text=. CharacterOffsetBegin=662 CharacterOffsetEnd=663 PartOfSpeech=.] 
root(ROOT-0, has-2)
nsubj(has-2, It-1)
amod(characters-6, silly-3)
cc(silly-3, and-4)
conj(silly-3, unrealistic-5)
dobj(has-2, characters-6)
punct(has-2, .-7)

Sentence #12 (8 tokens):
And that's why I like it.
[Text=And CharacterOffsetBegin=668 CharacterOffsetEnd=671 PartOfSpeech=CC] [Text=that CharacterOffsetBegin=672 CharacterOffsetEnd=676 PartOfSpeech=DT] [Text='s CharacterOffsetBegin=676 CharacterOffsetEnd=678 PartOfSpeech=VBZ] [Text=why CharacterOffsetBegin=679 CharacterOffsetEnd=682 PartOfSpeech=WRB] [Text=I CharacterOffsetBegin=683 CharacterOffsetEnd=684 PartOfSpeech=PRP] [Text=like CharacterOffsetBegin=685 CharacterOffsetEnd=689 PartOfSpeech=VBP] [Text=it CharacterOffsetBegin=690 CharacterOffsetEnd=692 PartOfSpeech=PRP] [Text=. CharacterOffsetBegin=692 CharacterOffsetEnd=693 PartOfSpeech=.] 
root(ROOT-0, 's-3)
cc('s-3, And-1)
nsubj('s-3, that-2)
advmod(like-6, why-4)
nsubj(like-6, I-5)
advcl('s-3, like-6)
dobj(like-6, it-7)
punct('s-3, .-8)

Sentence #13 (14 tokens):
It isn't like any other series.The first season wasn't very good.
[Text=It CharacterOffsetBegin=698 CharacterOffsetEnd=700 PartOfSpeech=PRP] [Text=is CharacterOffsetBegin=701 CharacterOffsetEnd=703 PartOfSpeech=VBZ] [Text=n't CharacterOffsetBegin=703 CharacterOffsetEnd=706 PartOfSpeech=RB] [Text=like CharacterOffsetBegin=707 CharacterOffsetEnd=711 PartOfSpeech=VB] [Text=any CharacterOffsetBegin=712 CharacterOffsetEnd=715 PartOfSpeech=DT] [Text=other CharacterOffsetBegin=716 CharacterOffsetEnd=721 PartOfSpeech=JJ] [Text=series.The CharacterOffsetBegin=722 CharacterOffsetEnd=732 PartOfSpeech=NN] [Text=first CharacterOffsetBegin=733 CharacterOffsetEnd=738 PartOfSpeech=JJ] [Text=season CharacterOffsetBegin=739 CharacterOffsetEnd=745 PartOfSpeech=NN] [Text=was CharacterOffsetBegin=746 CharacterOffsetEnd=749 PartOfSpeech=VBD] [Text=n't CharacterOffsetBegin=749 CharacterOffsetEnd=752 PartOfSpeech=RB] [Text=very CharacterOffsetBegin=753 CharacterOffsetEnd=757 PartOfSpeech=RB] [Text=good CharacterOffsetBegin=758 CharacterOffsetEnd=762 PartOfSpeech=JJ] [Text=. CharacterOffsetBegin=762 CharacterOffsetEnd=763 PartOfSpeech=.] 
root(ROOT-0, like-4)
nsubj(like-4, It-1)
aux(like-4, is-2)
neg(like-4, n't-3)
det(season-9, any-5)
amod(season-9, other-6)
nn(season-9, series.The-7)
amod(season-9, first-8)
nsubj(good-13, season-9)
cop(good-13, was-10)
neg(good-13, n't-11)
advmod(good-13, very-12)
ccomp(like-4, good-13)
punct(like-4, .-14)

Sentence #14 (11 tokens):
The character Cleo was irritating and a little too much.
[Text=The CharacterOffsetBegin=768 CharacterOffsetEnd=771 PartOfSpeech=DT] [Text=character CharacterOffsetBegin=772 CharacterOffsetEnd=781 PartOfSpeech=NN] [Text=Cleo CharacterOffsetBegin=782 CharacterOffsetEnd=786 PartOfSpeech=NNP] [Text=was CharacterOffsetBegin=787 CharacterOffsetEnd=790 PartOfSpeech=VBD] [Text=irritating CharacterOffsetBegin=791 CharacterOffsetEnd=801 PartOfSpeech=JJ] [Text=and CharacterOffsetBegin=802 CharacterOffsetEnd=805 PartOfSpeech=CC] [Text=a CharacterOffsetBegin=806 CharacterOffsetEnd=807 PartOfSpeech=DT] [Text=little CharacterOffsetBegin=808 CharacterOffsetEnd=814 PartOfSpeech=JJ] [Text=too CharacterOffsetBegin=815 CharacterOffsetEnd=818 PartOfSpeech=RB] [Text=much CharacterOffsetBegin=819 CharacterOffsetEnd=823 PartOfSpeech=RB] [Text=. CharacterOffsetBegin=823 CharacterOffsetEnd=824 PartOfSpeech=.] 
root(ROOT-0, irritating-5)
det(Cleo-3, The-1)
nn(Cleo-3, character-2)
nsubj(irritating-5, Cleo-3)
cop(irritating-5, was-4)
cc(irritating-5, and-6)
det(little-8, a-7)
conj(irritating-5, little-8)
advmod(much-10, too-9)
advmod(little-8, much-10)
punct(irritating-5, .-11)

Sentence #15 (19 tokens):
The story was a little lame, and you didn't get to know the characters very much.
[Text=The CharacterOffsetBegin=829 CharacterOffsetEnd=832 PartOfSpeech=DT] [Text=story CharacterOffsetBegin=833 CharacterOffsetEnd=838 PartOfSpeech=NN] [Text=was CharacterOffsetBegin=839 CharacterOffsetEnd=842 PartOfSpeech=VBD] [Text=a CharacterOffsetBegin=843 CharacterOffsetEnd=844 PartOfSpeech=DT] [Text=little CharacterOffsetBegin=845 CharacterOffsetEnd=851 PartOfSpeech=JJ] [Text=lame CharacterOffsetBegin=852 CharacterOffsetEnd=856 PartOfSpeech=JJ] [Text=, CharacterOffsetBegin=856 CharacterOffsetEnd=857 PartOfSpeech=,] [Text=and CharacterOffsetBegin=858 CharacterOffsetEnd=861 PartOfSpeech=CC] [Text=you CharacterOffsetBegin=862 CharacterOffsetEnd=865 PartOfSpeech=PRP] [Text=did CharacterOffsetBegin=866 CharacterOffsetEnd=869 PartOfSpeech=VBD] [Text=n't CharacterOffsetBegin=869 CharacterOffsetEnd=872 PartOfSpeech=RB] [Text=get CharacterOffsetBegin=873 CharacterOffsetEnd=876 PartOfSpeech=VB] [Text=to CharacterOffsetBegin=877 CharacterOffsetEnd=879 PartOfSpeech=TO] [Text=know CharacterOffsetBegin=880 CharacterOffsetEnd=884 PartOfSpeech=VB] [Text=the CharacterOffsetBegin=885 CharacterOffsetEnd=888 PartOfSpeech=DT] [Text=characters CharacterOffsetBegin=889 CharacterOffsetEnd=899 PartOfSpeech=NNS] [Text=very CharacterOffsetBegin=900 CharacterOffsetEnd=904 PartOfSpeech=RB] [Text=much CharacterOffsetBegin=905 CharacterOffsetEnd=909 PartOfSpeech=RB] [Text=. CharacterOffsetBegin=909 CharacterOffsetEnd=910 PartOfSpeech=.] 
root(ROOT-0, lame-6)
det(story-2, The-1)
nsubj(lame-6, story-2)
cop(lame-6, was-3)
det(lame-6, a-4)
amod(lame-6, little-5)
punct(lame-6, ,-7)
cc(lame-6, and-8)
nsubj(get-12, you-9)
aux(get-12, did-10)
neg(get-12, n't-11)
conj(lame-6, get-12)
aux(know-14, to-13)
xcomp(get-12, know-14)
det(characters-16, the-15)
dobj(know-14, characters-16)
advmod(much-18, very-17)
advmod(know-14, much-18)
punct(lame-6, .-19)

Sentence #16 (28 tokens):
But hey, they only had 20 minutes in every episode.In the last 5-6 episodes of Cleopatra 2525, they finally gave the series full 40-minutes length.
[Text=But CharacterOffsetBegin=915 CharacterOffsetEnd=918 PartOfSpeech=CC] [Text=hey CharacterOffsetBegin=919 CharacterOffsetEnd=922 PartOfSpeech=RB] [Text=, CharacterOffsetBegin=922 CharacterOffsetEnd=923 PartOfSpeech=,] [Text=they CharacterOffsetBegin=924 CharacterOffsetEnd=928 PartOfSpeech=PRP] [Text=only CharacterOffsetBegin=929 CharacterOffsetEnd=933 PartOfSpeech=RB] [Text=had CharacterOffsetBegin=934 CharacterOffsetEnd=937 PartOfSpeech=VBD] [Text=20 CharacterOffsetBegin=938 CharacterOffsetEnd=940 PartOfSpeech=CD] [Text=minutes CharacterOffsetBegin=941 CharacterOffsetEnd=948 PartOfSpeech=NNS] [Text=in CharacterOffsetBegin=949 CharacterOffsetEnd=951 PartOfSpeech=IN] [Text=every CharacterOffsetBegin=952 CharacterOffsetEnd=957 PartOfSpeech=DT] [Text=episode.In CharacterOffsetBegin=958 CharacterOffsetEnd=968 PartOfSpeech=NN] [Text=the CharacterOffsetBegin=969 CharacterOffsetEnd=972 PartOfSpeech=DT] [Text=last CharacterOffsetBegin=973 CharacterOffsetEnd=977 PartOfSpeech=JJ] [Text=5-6 CharacterOffsetBegin=978 CharacterOffsetEnd=981 PartOfSpeech=JJ] [Text=episodes CharacterOffsetBegin=982 CharacterOffsetEnd=990 PartOfSpeech=NNS] [Text=of CharacterOffsetBegin=991 CharacterOffsetEnd=993 PartOfSpeech=IN] [Text=Cleopatra CharacterOffsetBegin=994 CharacterOffsetEnd=1003 PartOfSpeech=NNP] [Text=2525 CharacterOffsetBegin=1004 CharacterOffsetEnd=1008 PartOfSpeech=CD] [Text=, CharacterOffsetBegin=1008 CharacterOffsetEnd=1009 PartOfSpeech=,] [Text=they CharacterOffsetBegin=1010 CharacterOffsetEnd=1014 PartOfSpeech=PRP] [Text=finally CharacterOffsetBegin=1015 CharacterOffsetEnd=1022 PartOfSpeech=RB] [Text=gave CharacterOffsetBegin=1023 CharacterOffsetEnd=1027 PartOfSpeech=VBD] [Text=the CharacterOffsetBegin=1028 CharacterOffsetEnd=1031 PartOfSpeech=DT] [Text=series CharacterOffsetBegin=1032 CharacterOffsetEnd=1038 PartOfSpeech=NN] [Text=full CharacterOffsetBegin=1039 CharacterOffsetEnd=1043 PartOfSpeech=JJ] [Text=40-minutes CharacterOffsetBegin=1044 CharacterOffsetEnd=1054 PartOfSpeech=NNS] [Text=length CharacterOffsetBegin=1055 CharacterOffsetEnd=1061 PartOfSpeech=NN] [Text=. CharacterOffsetBegin=1061 CharacterOffsetEnd=1062 PartOfSpeech=.] 
root(ROOT-0, had-6)
cc(had-6, But-1)
advmod(had-6, hey-2)
punct(had-6, ,-3)
nsubj(had-6, they-4)
advmod(had-6, only-5)
num(minutes-8, 20-7)
dobj(had-6, minutes-8)
prep(had-6, in-9)
det(episode.In-11, every-10)
pobj(in-9, episode.In-11)
det(episodes-15, the-12)
amod(episodes-15, last-13)
amod(episodes-15, 5-6-14)
dobj(had-6, episodes-15)
prep(episodes-15, of-16)
pobj(of-16, Cleopatra-17)
num(Cleopatra-17, 2525-18)
punct(had-6, ,-19)
nsubj(gave-22, they-20)
advmod(gave-22, finally-21)
ccomp(had-6, gave-22)
det(series-24, the-23)
iobj(gave-22, series-24)
amod(length-27, full-25)
nn(length-27, 40-minutes-26)
dobj(gave-22, length-27)
punct(had-6, .-28)

Sentence #17 (10 tokens):
And it was here I started to love it.
[Text=And CharacterOffsetBegin=1067 CharacterOffsetEnd=1070 PartOfSpeech=CC] [Text=it CharacterOffsetBegin=1071 CharacterOffsetEnd=1073 PartOfSpeech=PRP] [Text=was CharacterOffsetBegin=1074 CharacterOffsetEnd=1077 PartOfSpeech=VBD] [Text=here CharacterOffsetBegin=1078 CharacterOffsetEnd=1082 PartOfSpeech=RB] [Text=I CharacterOffsetBegin=1083 CharacterOffsetEnd=1084 PartOfSpeech=PRP] [Text=started CharacterOffsetBegin=1085 CharacterOffsetEnd=1092 PartOfSpeech=VBD] [Text=to CharacterOffsetBegin=1093 CharacterOffsetEnd=1095 PartOfSpeech=TO] [Text=love CharacterOffsetBegin=1096 CharacterOffsetEnd=1100 PartOfSpeech=VB] [Text=it CharacterOffsetBegin=1101 CharacterOffsetEnd=1103 PartOfSpeech=PRP] [Text=. CharacterOffsetBegin=1103 CharacterOffsetEnd=1104 PartOfSpeech=.] 
root(ROOT-0, was-3)
cc(was-3, And-1)
nsubj(was-3, it-2)
advmod(was-3, here-4)
nsubj(started-6, I-5)
ccomp(was-3, started-6)
aux(love-8, to-7)
xcomp(started-6, love-8)
dobj(love-8, it-9)
punct(was-3, .-10)

Sentence #18 (12 tokens):
The series finally started to grow into a very qualitative series.
[Text=The CharacterOffsetBegin=1109 CharacterOffsetEnd=1112 PartOfSpeech=DT] [Text=series CharacterOffsetBegin=1113 CharacterOffsetEnd=1119 PartOfSpeech=NN] [Text=finally CharacterOffsetBegin=1120 CharacterOffsetEnd=1127 PartOfSpeech=RB] [Text=started CharacterOffsetBegin=1128 CharacterOffsetEnd=1135 PartOfSpeech=VBD] [Text=to CharacterOffsetBegin=1136 CharacterOffsetEnd=1138 PartOfSpeech=TO] [Text=grow CharacterOffsetBegin=1139 CharacterOffsetEnd=1143 PartOfSpeech=VB] [Text=into CharacterOffsetBegin=1144 CharacterOffsetEnd=1148 PartOfSpeech=IN] [Text=a CharacterOffsetBegin=1149 CharacterOffsetEnd=1150 PartOfSpeech=DT] [Text=very CharacterOffsetBegin=1151 CharacterOffsetEnd=1155 PartOfSpeech=RB] [Text=qualitative CharacterOffsetBegin=1156 CharacterOffsetEnd=1167 PartOfSpeech=JJ] [Text=series CharacterOffsetBegin=1168 CharacterOffsetEnd=1174 PartOfSpeech=NN] [Text=. CharacterOffsetBegin=1174 CharacterOffsetEnd=1175 PartOfSpeech=.] 
root(ROOT-0, started-4)
det(series-2, The-1)
nsubj(started-4, series-2)
advmod(started-4, finally-3)
aux(grow-6, to-5)
xcomp(started-4, grow-6)
prep(grow-6, into-7)
det(series-11, a-8)
advmod(qualitative-10, very-9)
amod(series-11, qualitative-10)
pobj(into-7, series-11)
punct(started-4, .-12)

Sentence #19 (9 tokens):
Too bad they had to cancel the series.
[Text=Too CharacterOffsetBegin=1180 CharacterOffsetEnd=1183 PartOfSpeech=RB] [Text=bad CharacterOffsetBegin=1184 CharacterOffsetEnd=1187 PartOfSpeech=JJ] [Text=they CharacterOffsetBegin=1188 CharacterOffsetEnd=1192 PartOfSpeech=PRP] [Text=had CharacterOffsetBegin=1193 CharacterOffsetEnd=1196 PartOfSpeech=VBD] [Text=to CharacterOffsetBegin=1197 CharacterOffsetEnd=1199 PartOfSpeech=TO] [Text=cancel CharacterOffsetBegin=1200 CharacterOffsetEnd=1206 PartOfSpeech=VB] [Text=the CharacterOffsetBegin=1207 CharacterOffsetEnd=1210 PartOfSpeech=DT] [Text=series CharacterOffsetBegin=1211 CharacterOffsetEnd=1217 PartOfSpeech=NN] [Text=. CharacterOffsetBegin=1217 CharacterOffsetEnd=1218 PartOfSpeech=.] 
root(ROOT-0, bad-2)
advmod(bad-2, Too-1)
nsubj(had-4, they-3)
ccomp(bad-2, had-4)
aux(cancel-6, to-5)
xcomp(had-4, cancel-6)
det(series-8, the-7)
dobj(cancel-6, series-8)
punct(bad-2, .-9)

Sentence #20 (12 tokens):
Because the last episodes of Cleopatra 2525 actually was very good.
[Text=Because CharacterOffsetBegin=1223 CharacterOffsetEnd=1230 PartOfSpeech=IN] [Text=the CharacterOffsetBegin=1231 CharacterOffsetEnd=1234 PartOfSpeech=DT] [Text=last CharacterOffsetBegin=1235 CharacterOffsetEnd=1239 PartOfSpeech=JJ] [Text=episodes CharacterOffsetBegin=1240 CharacterOffsetEnd=1248 PartOfSpeech=NNS] [Text=of CharacterOffsetBegin=1249 CharacterOffsetEnd=1251 PartOfSpeech=IN] [Text=Cleopatra CharacterOffsetBegin=1252 CharacterOffsetEnd=1261 PartOfSpeech=NNP] [Text=2525 CharacterOffsetBegin=1262 CharacterOffsetEnd=1266 PartOfSpeech=CD] [Text=actually CharacterOffsetBegin=1267 CharacterOffsetEnd=1275 PartOfSpeech=RB] [Text=was CharacterOffsetBegin=1276 CharacterOffsetEnd=1279 PartOfSpeech=VBD] [Text=very CharacterOffsetBegin=1280 CharacterOffsetEnd=1284 PartOfSpeech=RB] [Text=good CharacterOffsetBegin=1285 CharacterOffsetEnd=1289 PartOfSpeech=JJ] [Text=. CharacterOffsetBegin=1289 CharacterOffsetEnd=1290 PartOfSpeech=.] 
root(ROOT-0, good-11)
mark(good-11, Because-1)
det(episodes-4, the-2)
amod(episodes-4, last-3)
nsubj(good-11, episodes-4)
prep(episodes-4, of-5)
pobj(of-5, Cleopatra-6)
num(Cleopatra-6, 2525-7)
advmod(good-11, actually-8)
cop(good-11, was-9)
advmod(good-11, very-10)
punct(good-11, .-12)

Sentence #21 (10 tokens):
I will never forget Hel, Sarge and Cleo.
[Text=I CharacterOffsetBegin=1295 CharacterOffsetEnd=1296 PartOfSpeech=PRP] [Text=will CharacterOffsetBegin=1297 CharacterOffsetEnd=1301 PartOfSpeech=MD] [Text=never CharacterOffsetBegin=1302 CharacterOffsetEnd=1307 PartOfSpeech=RB] [Text=forget CharacterOffsetBegin=1308 CharacterOffsetEnd=1314 PartOfSpeech=VB] [Text=Hel CharacterOffsetBegin=1315 CharacterOffsetEnd=1318 PartOfSpeech=NNP] [Text=, CharacterOffsetBegin=1318 CharacterOffsetEnd=1319 PartOfSpeech=,] [Text=Sarge CharacterOffsetBegin=1320 CharacterOffsetEnd=1325 PartOfSpeech=NNP] [Text=and CharacterOffsetBegin=1326 CharacterOffsetEnd=1329 PartOfSpeech=CC] [Text=Cleo CharacterOffsetBegin=1330 CharacterOffsetEnd=1334 PartOfSpeech=NNP] [Text=. CharacterOffsetBegin=1334 CharacterOffsetEnd=1335 PartOfSpeech=.] 
root(ROOT-0, forget-4)
nsubj(forget-4, I-1)
aux(forget-4, will-2)
neg(forget-4, never-3)
dobj(forget-4, Hel-5)
punct(Hel-5, ,-6)
conj(Hel-5, Sarge-7)
cc(Hel-5, and-8)
conj(Hel-5, Cleo-9)
punct(forget-4, .-10)

Sentence #22 (12 tokens):
Unique characters that only the creators of Xena could have created!
[Text=Unique CharacterOffsetBegin=1340 CharacterOffsetEnd=1346 PartOfSpeech=JJ] [Text=characters CharacterOffsetBegin=1347 CharacterOffsetEnd=1357 PartOfSpeech=NNS] [Text=that CharacterOffsetBegin=1358 CharacterOffsetEnd=1362 PartOfSpeech=WDT] [Text=only CharacterOffsetBegin=1363 CharacterOffsetEnd=1367 PartOfSpeech=RB] [Text=the CharacterOffsetBegin=1368 CharacterOffsetEnd=1371 PartOfSpeech=DT] [Text=creators CharacterOffsetBegin=1372 CharacterOffsetEnd=1380 PartOfSpeech=NNS] [Text=of CharacterOffsetBegin=1381 CharacterOffsetEnd=1383 PartOfSpeech=IN] [Text=Xena CharacterOffsetBegin=1384 CharacterOffsetEnd=1388 PartOfSpeech=NNP] [Text=could CharacterOffsetBegin=1389 CharacterOffsetEnd=1394 PartOfSpeech=MD] [Text=have CharacterOffsetBegin=1395 CharacterOffsetEnd=1399 PartOfSpeech=VB] [Text=created CharacterOffsetBegin=1400 CharacterOffsetEnd=1407 PartOfSpeech=VBN] [Text=! CharacterOffsetBegin=1407 CharacterOffsetEnd=1408 PartOfSpeech=.] 
root(ROOT-0, characters-2)
amod(characters-2, Unique-1)
dobj(created-11, that-3)
advmod(creators-6, only-4)
det(creators-6, the-5)
nsubj(created-11, creators-6)
prep(creators-6, of-7)
pobj(of-7, Xena-8)
aux(created-11, could-9)
aux(created-11, have-10)
rcmod(characters-2, created-11)
punct(characters-2, !-12)

