Sentence #1 (17 tokens):
I do not have much to say than this is a great finish to the story.
[Text=I CharacterOffsetBegin=4 CharacterOffsetEnd=5 PartOfSpeech=PRP] [Text=do CharacterOffsetBegin=6 CharacterOffsetEnd=8 PartOfSpeech=VBP] [Text=not CharacterOffsetBegin=9 CharacterOffsetEnd=12 PartOfSpeech=RB] [Text=have CharacterOffsetBegin=13 CharacterOffsetEnd=17 PartOfSpeech=VB] [Text=much CharacterOffsetBegin=18 CharacterOffsetEnd=22 PartOfSpeech=JJ] [Text=to CharacterOffsetBegin=23 CharacterOffsetEnd=25 PartOfSpeech=TO] [Text=say CharacterOffsetBegin=26 CharacterOffsetEnd=29 PartOfSpeech=VB] [Text=than CharacterOffsetBegin=30 CharacterOffsetEnd=34 PartOfSpeech=IN] [Text=this CharacterOffsetBegin=35 CharacterOffsetEnd=39 PartOfSpeech=DT] [Text=is CharacterOffsetBegin=40 CharacterOffsetEnd=42 PartOfSpeech=VBZ] [Text=a CharacterOffsetBegin=43 CharacterOffsetEnd=44 PartOfSpeech=DT] [Text=great CharacterOffsetBegin=45 CharacterOffsetEnd=50 PartOfSpeech=JJ] [Text=finish CharacterOffsetBegin=51 CharacterOffsetEnd=57 PartOfSpeech=NN] [Text=to CharacterOffsetBegin=58 CharacterOffsetEnd=60 PartOfSpeech=TO] [Text=the CharacterOffsetBegin=61 CharacterOffsetEnd=64 PartOfSpeech=DT] [Text=story CharacterOffsetBegin=65 CharacterOffsetEnd=70 PartOfSpeech=NN] [Text=. CharacterOffsetBegin=70 CharacterOffsetEnd=71 PartOfSpeech=.] 
root(ROOT-0, have-4)
nsubj(have-4, I-1)
aux(have-4, do-2)
neg(have-4, not-3)
dobj(have-4, much-5)
aux(say-7, to-6)
infmod(much-5, say-7)
mark(finish-13, than-8)
nsubj(finish-13, this-9)
cop(finish-13, is-10)
det(finish-13, a-11)
amod(finish-13, great-12)
advcl(have-4, finish-13)
prep(finish-13, to-14)
det(story-16, the-15)
pobj(to-14, story-16)
punct(have-4, .-17)

Sentence #2 (40 tokens):
Most people have said that there is not enough plot and its just eye candy.But think about it, everything was explained in FFVII you cannot add more plot to such a grand story it would ruin it.
[Text=Most CharacterOffsetBegin=76 CharacterOffsetEnd=80 PartOfSpeech=JJS] [Text=people CharacterOffsetBegin=81 CharacterOffsetEnd=87 PartOfSpeech=NNS] [Text=have CharacterOffsetBegin=88 CharacterOffsetEnd=92 PartOfSpeech=VBP] [Text=said CharacterOffsetBegin=93 CharacterOffsetEnd=97 PartOfSpeech=VBN] [Text=that CharacterOffsetBegin=98 CharacterOffsetEnd=102 PartOfSpeech=IN] [Text=there CharacterOffsetBegin=103 CharacterOffsetEnd=108 PartOfSpeech=EX] [Text=is CharacterOffsetBegin=109 CharacterOffsetEnd=111 PartOfSpeech=VBZ] [Text=not CharacterOffsetBegin=112 CharacterOffsetEnd=115 PartOfSpeech=RB] [Text=enough CharacterOffsetBegin=116 CharacterOffsetEnd=122 PartOfSpeech=JJ] [Text=plot CharacterOffsetBegin=123 CharacterOffsetEnd=127 PartOfSpeech=NN] [Text=and CharacterOffsetBegin=128 CharacterOffsetEnd=131 PartOfSpeech=CC] [Text=its CharacterOffsetBegin=132 CharacterOffsetEnd=135 PartOfSpeech=PRP$] [Text=just CharacterOffsetBegin=136 CharacterOffsetEnd=140 PartOfSpeech=RB] [Text=eye CharacterOffsetBegin=141 CharacterOffsetEnd=144 PartOfSpeech=NN] [Text=candy.But CharacterOffsetBegin=145 CharacterOffsetEnd=154 PartOfSpeech=NN] [Text=think CharacterOffsetBegin=155 CharacterOffsetEnd=160 PartOfSpeech=VBP] [Text=about CharacterOffsetBegin=161 CharacterOffsetEnd=166 PartOfSpeech=IN] [Text=it CharacterOffsetBegin=167 CharacterOffsetEnd=169 PartOfSpeech=PRP] [Text=, CharacterOffsetBegin=169 CharacterOffsetEnd=170 PartOfSpeech=,] [Text=everything CharacterOffsetBegin=171 CharacterOffsetEnd=181 PartOfSpeech=NN] [Text=was CharacterOffsetBegin=182 CharacterOffsetEnd=185 PartOfSpeech=VBD] [Text=explained CharacterOffsetBegin=186 CharacterOffsetEnd=195 PartOfSpeech=VBN] [Text=in CharacterOffsetBegin=196 CharacterOffsetEnd=198 PartOfSpeech=IN] [Text=FFVII CharacterOffsetBegin=199 CharacterOffsetEnd=204 PartOfSpeech=NNP] [Text=you CharacterOffsetBegin=205 CharacterOffsetEnd=208 PartOfSpeech=PRP] [Text=can CharacterOffsetBegin=209 CharacterOffsetEnd=212 PartOfSpeech=MD] [Text=not CharacterOffsetBegin=212 CharacterOffsetEnd=215 PartOfSpeech=RB] [Text=add CharacterOffsetBegin=216 CharacterOffsetEnd=219 PartOfSpeech=VB] [Text=more CharacterOffsetBegin=220 CharacterOffsetEnd=224 PartOfSpeech=JJR] [Text=plot CharacterOffsetBegin=225 CharacterOffsetEnd=229 PartOfSpeech=NN] [Text=to CharacterOffsetBegin=230 CharacterOffsetEnd=232 PartOfSpeech=TO] [Text=such CharacterOffsetBegin=233 CharacterOffsetEnd=237 PartOfSpeech=PDT] [Text=a CharacterOffsetBegin=238 CharacterOffsetEnd=239 PartOfSpeech=DT] [Text=grand CharacterOffsetBegin=240 CharacterOffsetEnd=245 PartOfSpeech=JJ] [Text=story CharacterOffsetBegin=246 CharacterOffsetEnd=251 PartOfSpeech=NN] [Text=it CharacterOffsetBegin=252 CharacterOffsetEnd=254 PartOfSpeech=PRP] [Text=would CharacterOffsetBegin=255 CharacterOffsetEnd=260 PartOfSpeech=MD] [Text=ruin CharacterOffsetBegin=261 CharacterOffsetEnd=265 PartOfSpeech=VB] [Text=it CharacterOffsetBegin=266 CharacterOffsetEnd=268 PartOfSpeech=PRP] [Text=. CharacterOffsetBegin=268 CharacterOffsetEnd=269 PartOfSpeech=.] 
root(ROOT-0, said-4)
amod(people-2, Most-1)
nsubj(said-4, people-2)
aux(said-4, have-3)
mark(is-7, that-5)
expl(is-7, there-6)
ccomp(said-4, is-7)
neg(is-7, not-8)
amod(plot-10, enough-9)
nsubj(think-16, plot-10)
cc(plot-10, and-11)
poss(candy.But-15, its-12)
amod(candy.But-15, just-13)
nn(candy.But-15, eye-14)
conj(plot-10, candy.But-15)
dep(is-7, think-16)
prep(think-16, about-17)
pobj(about-17, it-18)
punct(said-4, ,-19)
nsubjpass(explained-22, everything-20)
auxpass(explained-22, was-21)
ccomp(said-4, explained-22)
prep(explained-22, in-23)
pobj(in-23, FFVII-24)
nsubj(add-28, you-25)
aux(add-28, can-26)
neg(add-28, not-27)
rcmod(FFVII-24, add-28)
amod(plot-30, more-29)
dobj(add-28, plot-30)
prep(add-28, to-31)
amod(story-35, such-32)
det(story-35, a-33)
amod(story-35, grand-34)
pobj(to-31, story-35)
nsubj(ruin-38, it-36)
aux(ruin-38, would-37)
rcmod(story-35, ruin-38)
dobj(ruin-38, it-39)
punct(said-4, .-40)

Sentence #3 (22 tokens):
They did the best that they could do and I think that this should be taken more as A Final FMV.
[Text=They CharacterOffsetBegin=274 CharacterOffsetEnd=278 PartOfSpeech=PRP] [Text=did CharacterOffsetBegin=279 CharacterOffsetEnd=282 PartOfSpeech=VBD] [Text=the CharacterOffsetBegin=283 CharacterOffsetEnd=286 PartOfSpeech=DT] [Text=best CharacterOffsetBegin=287 CharacterOffsetEnd=291 PartOfSpeech=JJS] [Text=that CharacterOffsetBegin=292 CharacterOffsetEnd=296 PartOfSpeech=IN] [Text=they CharacterOffsetBegin=297 CharacterOffsetEnd=301 PartOfSpeech=PRP] [Text=could CharacterOffsetBegin=302 CharacterOffsetEnd=307 PartOfSpeech=MD] [Text=do CharacterOffsetBegin=308 CharacterOffsetEnd=310 PartOfSpeech=VB] [Text=and CharacterOffsetBegin=311 CharacterOffsetEnd=314 PartOfSpeech=CC] [Text=I CharacterOffsetBegin=315 CharacterOffsetEnd=316 PartOfSpeech=PRP] [Text=think CharacterOffsetBegin=317 CharacterOffsetEnd=322 PartOfSpeech=VBP] [Text=that CharacterOffsetBegin=323 CharacterOffsetEnd=327 PartOfSpeech=IN] [Text=this CharacterOffsetBegin=328 CharacterOffsetEnd=332 PartOfSpeech=DT] [Text=should CharacterOffsetBegin=333 CharacterOffsetEnd=339 PartOfSpeech=MD] [Text=be CharacterOffsetBegin=340 CharacterOffsetEnd=342 PartOfSpeech=VB] [Text=taken CharacterOffsetBegin=343 CharacterOffsetEnd=348 PartOfSpeech=VBN] [Text=more CharacterOffsetBegin=349 CharacterOffsetEnd=353 PartOfSpeech=RBR] [Text=as CharacterOffsetBegin=354 CharacterOffsetEnd=356 PartOfSpeech=IN] [Text=A CharacterOffsetBegin=357 CharacterOffsetEnd=358 PartOfSpeech=DT] [Text=Final CharacterOffsetBegin=359 CharacterOffsetEnd=364 PartOfSpeech=JJ] [Text=FMV CharacterOffsetBegin=365 CharacterOffsetEnd=368 PartOfSpeech=NN] [Text=. CharacterOffsetBegin=368 CharacterOffsetEnd=369 PartOfSpeech=.] 
root(ROOT-0, did-2)
nsubj(did-2, They-1)
det(best-4, the-3)
dobj(did-2, best-4)
mark(do-8, that-5)
nsubj(do-8, they-6)
aux(do-8, could-7)
ccomp(best-4, do-8)
cc(did-2, and-9)
nsubj(think-11, I-10)
conj(did-2, think-11)
mark(taken-16, that-12)
nsubjpass(taken-16, this-13)
aux(taken-16, should-14)
auxpass(taken-16, be-15)
ccomp(think-11, taken-16)
advmod(taken-16, more-17)
prep(more-17, as-18)
det(FMV-21, A-19)
amod(FMV-21, Final-20)
pobj(as-18, FMV-21)
punct(did-2, .-22)

Sentence #4 (1 tokens):
.
[Text=. CharacterOffsetBegin=369 CharacterOffsetEnd=370 PartOfSpeech=.] 
root(ROOT-0, .-1)

Sentence #5 (4 tokens):
the last fight.
[Text=the CharacterOffsetBegin=371 CharacterOffsetEnd=374 PartOfSpeech=DT] [Text=last CharacterOffsetBegin=375 CharacterOffsetEnd=379 PartOfSpeech=JJ] [Text=fight CharacterOffsetBegin=380 CharacterOffsetEnd=385 PartOfSpeech=NN] [Text=. CharacterOffsetBegin=385 CharacterOffsetEnd=386 PartOfSpeech=.] 
root(ROOT-0, fight-3)
det(fight-3, the-1)
amod(fight-3, last-2)
punct(fight-3, .-4)

Sentence #6 (23 tokens):
Graphics - 10/10, Absolutely amazing Story 8.5/10 - don't think they could of expanded it that much more.
[Text=Graphics CharacterOffsetBegin=391 CharacterOffsetEnd=399 PartOfSpeech=NNP] [Text=- CharacterOffsetBegin=400 CharacterOffsetEnd=401 PartOfSpeech=:] [Text=10/10 CharacterOffsetBegin=402 CharacterOffsetEnd=407 PartOfSpeech=CD] [Text=, CharacterOffsetBegin=407 CharacterOffsetEnd=408 PartOfSpeech=,] [Text=Absolutely CharacterOffsetBegin=409 CharacterOffsetEnd=419 PartOfSpeech=RB] [Text=amazing CharacterOffsetBegin=420 CharacterOffsetEnd=427 PartOfSpeech=JJ] [Text=Story CharacterOffsetBegin=428 CharacterOffsetEnd=433 PartOfSpeech=NNP] [Text=8.5 CharacterOffsetBegin=434 CharacterOffsetEnd=437 PartOfSpeech=CD] [Text=/ CharacterOffsetBegin=437 CharacterOffsetEnd=438 PartOfSpeech=:] [Text=10 CharacterOffsetBegin=438 CharacterOffsetEnd=440 PartOfSpeech=CD] [Text=- CharacterOffsetBegin=441 CharacterOffsetEnd=442 PartOfSpeech=:] [Text=do CharacterOffsetBegin=443 CharacterOffsetEnd=445 PartOfSpeech=VBP] [Text=n't CharacterOffsetBegin=445 CharacterOffsetEnd=448 PartOfSpeech=RB] [Text=think CharacterOffsetBegin=449 CharacterOffsetEnd=454 PartOfSpeech=VB] [Text=they CharacterOffsetBegin=455 CharacterOffsetEnd=459 PartOfSpeech=PRP] [Text=could CharacterOffsetBegin=460 CharacterOffsetEnd=465 PartOfSpeech=MD] [Text=of CharacterOffsetBegin=466 CharacterOffsetEnd=468 PartOfSpeech=IN] [Text=expanded CharacterOffsetBegin=469 CharacterOffsetEnd=477 PartOfSpeech=VBN] [Text=it CharacterOffsetBegin=478 CharacterOffsetEnd=480 PartOfSpeech=PRP] [Text=that CharacterOffsetBegin=481 CharacterOffsetEnd=485 PartOfSpeech=WDT] [Text=much CharacterOffsetBegin=486 CharacterOffsetEnd=490 PartOfSpeech=RB] [Text=more CharacterOffsetBegin=491 CharacterOffsetEnd=495 PartOfSpeech=RBR] [Text=. CharacterOffsetBegin=495 CharacterOffsetEnd=496 PartOfSpeech=.] 
root(ROOT-0, think-14)
nsubj(think-14, Graphics-1)
punct(Graphics-1, --2)
dep(Graphics-1, 10/10-3)
punct(Graphics-1, ,-4)
nn(Story-7, Absolutely-5)
amod(Story-7, amazing-6)
appos(Graphics-1, Story-7)
number(10-10, 8.5-8)
punct(10-10, /-9)
num(Story-7, 10-10)
punct(Graphics-1, --11)
aux(think-14, do-12)
neg(think-14, n't-13)
nsubj(expanded-18, they-15)
aux(expanded-18, could-16)
advmod(expanded-18, of-17)
ccomp(think-14, expanded-18)
dep(more-22, it-19)
dep(more-22, that-20)
advmod(more-22, much-21)
advmod(expanded-18, more-22)
punct(think-14, .-23)

Sentence #7 (14 tokens):
And the stuff they could put in there was clever enough I thought.
[Text=And CharacterOffsetBegin=501 CharacterOffsetEnd=504 PartOfSpeech=CC] [Text=the CharacterOffsetBegin=505 CharacterOffsetEnd=508 PartOfSpeech=DT] [Text=stuff CharacterOffsetBegin=509 CharacterOffsetEnd=514 PartOfSpeech=NN] [Text=they CharacterOffsetBegin=515 CharacterOffsetEnd=519 PartOfSpeech=PRP] [Text=could CharacterOffsetBegin=520 CharacterOffsetEnd=525 PartOfSpeech=MD] [Text=put CharacterOffsetBegin=526 CharacterOffsetEnd=529 PartOfSpeech=VB] [Text=in CharacterOffsetBegin=530 CharacterOffsetEnd=532 PartOfSpeech=IN] [Text=there CharacterOffsetBegin=533 CharacterOffsetEnd=538 PartOfSpeech=EX] [Text=was CharacterOffsetBegin=539 CharacterOffsetEnd=542 PartOfSpeech=VBD] [Text=clever CharacterOffsetBegin=543 CharacterOffsetEnd=549 PartOfSpeech=JJ] [Text=enough CharacterOffsetBegin=550 CharacterOffsetEnd=556 PartOfSpeech=JJ] [Text=I CharacterOffsetBegin=557 CharacterOffsetEnd=558 PartOfSpeech=PRP] [Text=thought CharacterOffsetBegin=559 CharacterOffsetEnd=566 PartOfSpeech=VBD] [Text=. CharacterOffsetBegin=566 CharacterOffsetEnd=567 PartOfSpeech=.] 
root(ROOT-0, And-1)
det(stuff-3, the-2)
dep(And-1, stuff-3)
nsubj(put-6, they-4)
aux(put-6, could-5)
rcmod(stuff-3, put-6)
mark(was-9, in-7)
expl(was-9, there-8)
advcl(put-6, was-9)
amod(enough-11, clever-10)
dep(thought-13, enough-11)
nsubj(thought-13, I-12)
ccomp(was-9, thought-13)
punct(And-1, .-14)

Sentence #8 (25 tokens):
Characters 9/10 - Well most of them have already been explained during the game but still could not fit it all into 90 mins.
[Text=Characters CharacterOffsetBegin=572 CharacterOffsetEnd=582 PartOfSpeech=NNS] [Text=9/10 CharacterOffsetBegin=583 CharacterOffsetEnd=587 PartOfSpeech=CD] [Text=- CharacterOffsetBegin=588 CharacterOffsetEnd=589 PartOfSpeech=:] [Text=Well CharacterOffsetBegin=590 CharacterOffsetEnd=594 PartOfSpeech=UH] [Text=most CharacterOffsetBegin=595 CharacterOffsetEnd=599 PartOfSpeech=JJS] [Text=of CharacterOffsetBegin=600 CharacterOffsetEnd=602 PartOfSpeech=IN] [Text=them CharacterOffsetBegin=603 CharacterOffsetEnd=607 PartOfSpeech=PRP] [Text=have CharacterOffsetBegin=608 CharacterOffsetEnd=612 PartOfSpeech=VBP] [Text=already CharacterOffsetBegin=613 CharacterOffsetEnd=620 PartOfSpeech=RB] [Text=been CharacterOffsetBegin=621 CharacterOffsetEnd=625 PartOfSpeech=VBN] [Text=explained CharacterOffsetBegin=626 CharacterOffsetEnd=635 PartOfSpeech=VBN] [Text=during CharacterOffsetBegin=636 CharacterOffsetEnd=642 PartOfSpeech=IN] [Text=the CharacterOffsetBegin=643 CharacterOffsetEnd=646 PartOfSpeech=DT] [Text=game CharacterOffsetBegin=647 CharacterOffsetEnd=651 PartOfSpeech=NN] [Text=but CharacterOffsetBegin=652 CharacterOffsetEnd=655 PartOfSpeech=CC] [Text=still CharacterOffsetBegin=656 CharacterOffsetEnd=661 PartOfSpeech=RB] [Text=could CharacterOffsetBegin=662 CharacterOffsetEnd=667 PartOfSpeech=MD] [Text=not CharacterOffsetBegin=668 CharacterOffsetEnd=671 PartOfSpeech=RB] [Text=fit CharacterOffsetBegin=672 CharacterOffsetEnd=675 PartOfSpeech=VB] [Text=it CharacterOffsetBegin=676 CharacterOffsetEnd=678 PartOfSpeech=PRP] [Text=all CharacterOffsetBegin=679 CharacterOffsetEnd=682 PartOfSpeech=DT] [Text=into CharacterOffsetBegin=683 CharacterOffsetEnd=687 PartOfSpeech=IN] [Text=90 CharacterOffsetBegin=688 CharacterOffsetEnd=690 PartOfSpeech=CD] [Text=mins CharacterOffsetBegin=691 CharacterOffsetEnd=695 PartOfSpeech=NNS] [Text=. CharacterOffsetBegin=695 CharacterOffsetEnd=696 PartOfSpeech=.] 
root(ROOT-0, Well-4)
nsubj(Well-4, Characters-1)
num(Characters-1, 9/10-2)
punct(Characters-1, --3)
nsubj(explained-11, most-5)
prep(most-5, of-6)
pobj(of-6, them-7)
aux(explained-11, have-8)
advmod(explained-11, already-9)
auxpass(explained-11, been-10)
dep(Well-4, explained-11)
prep(explained-11, during-12)
det(game-14, the-13)
pobj(during-12, game-14)
cc(explained-11, but-15)
advmod(fit-19, still-16)
aux(fit-19, could-17)
neg(fit-19, not-18)
conj(explained-11, fit-19)
dobj(fit-19, it-20)
dep(fit-19, all-21)
prep(all-21, into-22)
num(mins-24, 90-23)
pobj(into-22, mins-24)
punct(Well-4, .-25)

Sentence #9 (16 tokens):
Sound - 10/10, since i am a metal fan I loved the fight music.
[Text=Sound CharacterOffsetBegin=701 CharacterOffsetEnd=706 PartOfSpeech=NN] [Text=- CharacterOffsetBegin=707 CharacterOffsetEnd=708 PartOfSpeech=:] [Text=10/10 CharacterOffsetBegin=709 CharacterOffsetEnd=714 PartOfSpeech=CD] [Text=, CharacterOffsetBegin=714 CharacterOffsetEnd=715 PartOfSpeech=,] [Text=since CharacterOffsetBegin=716 CharacterOffsetEnd=721 PartOfSpeech=IN] [Text=i CharacterOffsetBegin=722 CharacterOffsetEnd=723 PartOfSpeech=FW] [Text=am CharacterOffsetBegin=724 CharacterOffsetEnd=726 PartOfSpeech=VBP] [Text=a CharacterOffsetBegin=727 CharacterOffsetEnd=728 PartOfSpeech=DT] [Text=metal CharacterOffsetBegin=729 CharacterOffsetEnd=734 PartOfSpeech=NN] [Text=fan CharacterOffsetBegin=735 CharacterOffsetEnd=738 PartOfSpeech=NN] [Text=I CharacterOffsetBegin=739 CharacterOffsetEnd=740 PartOfSpeech=PRP] [Text=loved CharacterOffsetBegin=741 CharacterOffsetEnd=746 PartOfSpeech=VBD] [Text=the CharacterOffsetBegin=747 CharacterOffsetEnd=750 PartOfSpeech=DT] [Text=fight CharacterOffsetBegin=751 CharacterOffsetEnd=756 PartOfSpeech=NN] [Text=music CharacterOffsetBegin=757 CharacterOffsetEnd=762 PartOfSpeech=NN] [Text=. CharacterOffsetBegin=762 CharacterOffsetEnd=763 PartOfSpeech=.] 
root(ROOT-0, Sound-1)
punct(Sound-1, --2)
dep(Sound-1, 10/10-3)
punct(10/10-3, ,-4)
mark(fan-10, since-5)
nsubj(fan-10, i-6)
cop(fan-10, am-7)
det(fan-10, a-8)
nn(fan-10, metal-9)
dep(10/10-3, fan-10)
nsubj(loved-12, I-11)
rcmod(fan-10, loved-12)
det(music-15, the-13)
nn(music-15, fight-14)
dobj(loved-12, music-15)
punct(Sound-1, .-16)

Sentence #10 (1 tokens):
.
[Text=. CharacterOffsetBegin=763 CharacterOffsetEnd=764 PartOfSpeech=.] 
root(ROOT-0, .-1)

Sentence #11 (8 tokens):
and piano just reaches right in there.
[Text=and CharacterOffsetBegin=765 CharacterOffsetEnd=768 PartOfSpeech=CC] [Text=piano CharacterOffsetBegin=769 CharacterOffsetEnd=774 PartOfSpeech=NN] [Text=just CharacterOffsetBegin=775 CharacterOffsetEnd=779 PartOfSpeech=RB] [Text=reaches CharacterOffsetBegin=780 CharacterOffsetEnd=787 PartOfSpeech=VBZ] [Text=right CharacterOffsetBegin=788 CharacterOffsetEnd=793 PartOfSpeech=NN] [Text=in CharacterOffsetBegin=794 CharacterOffsetEnd=796 PartOfSpeech=IN] [Text=there CharacterOffsetBegin=797 CharacterOffsetEnd=802 PartOfSpeech=RB] [Text=. CharacterOffsetBegin=802 CharacterOffsetEnd=803 PartOfSpeech=.] 
root(ROOT-0, reaches-4)
cc(piano-2, and-1)
nsubj(reaches-4, piano-2)
advmod(reaches-4, just-3)
dobj(reaches-4, right-5)
prep(right-5, in-6)
pobj(in-6, there-7)
punct(reaches-4, .-8)

Sentence #12 (1 tokens):
.
[Text=. CharacterOffsetBegin=803 CharacterOffsetEnd=804 PartOfSpeech=.] 
root(ROOT-0, .-1)

Sentence #13 (18 tokens):
It is a great ST and I was not disappointed.Tilt/Replay 10/10 - Enjoyable every time.
[Text=It CharacterOffsetBegin=804 CharacterOffsetEnd=806 PartOfSpeech=PRP] [Text=is CharacterOffsetBegin=807 CharacterOffsetEnd=809 PartOfSpeech=VBZ] [Text=a CharacterOffsetBegin=810 CharacterOffsetEnd=811 PartOfSpeech=DT] [Text=great CharacterOffsetBegin=812 CharacterOffsetEnd=817 PartOfSpeech=JJ] [Text=ST CharacterOffsetBegin=818 CharacterOffsetEnd=820 PartOfSpeech=JJ] [Text=and CharacterOffsetBegin=821 CharacterOffsetEnd=824 PartOfSpeech=CC] [Text=I CharacterOffsetBegin=825 CharacterOffsetEnd=826 PartOfSpeech=PRP] [Text=was CharacterOffsetBegin=827 CharacterOffsetEnd=830 PartOfSpeech=VBD] [Text=not CharacterOffsetBegin=831 CharacterOffsetEnd=834 PartOfSpeech=RB] [Text=disappointed.Tilt CharacterOffsetBegin=835 CharacterOffsetEnd=852 PartOfSpeech=JJ] [Text=/ CharacterOffsetBegin=852 CharacterOffsetEnd=853 PartOfSpeech=:] [Text=Replay CharacterOffsetBegin=853 CharacterOffsetEnd=859 PartOfSpeech=NN] [Text=10/10 CharacterOffsetBegin=860 CharacterOffsetEnd=865 PartOfSpeech=CD] [Text=- CharacterOffsetBegin=866 CharacterOffsetEnd=867 PartOfSpeech=:] [Text=Enjoyable CharacterOffsetBegin=868 CharacterOffsetEnd=877 PartOfSpeech=JJ] [Text=every CharacterOffsetBegin=878 CharacterOffsetEnd=883 PartOfSpeech=DT] [Text=time CharacterOffsetBegin=884 CharacterOffsetEnd=888 PartOfSpeech=NN] [Text=. CharacterOffsetBegin=888 CharacterOffsetEnd=889 PartOfSpeech=.] 
root(ROOT-0, ST-5)
nsubj(ST-5, It-1)
cop(ST-5, is-2)
det(ST-5, a-3)
amod(ST-5, great-4)
cc(ST-5, and-6)
nsubj(disappointed.Tilt-10, I-7)
cop(disappointed.Tilt-10, was-8)
neg(disappointed.Tilt-10, not-9)
conj(ST-5, disappointed.Tilt-10)
punct(ST-5, /-11)
nn(time-17, Replay-12)
num(time-17, 10/10-13)
punct(10/10-13, --14)
dep(10/10-13, Enjoyable-15)
det(time-17, every-16)
dep(ST-5, time-17)
punct(ST-5, .-18)

Sentence #14 (25 tokens):
Overall- 9/10 (FF Fan View 10/10)I personally think this is what was needed, a fight to end it all.
[Text=Overall CharacterOffsetBegin=894 CharacterOffsetEnd=901 PartOfSpeech=JJ] [Text=- CharacterOffsetBegin=901 CharacterOffsetEnd=902 PartOfSpeech=:] [Text=9/10 CharacterOffsetBegin=903 CharacterOffsetEnd=907 PartOfSpeech=CD] [Text=-LRB- CharacterOffsetBegin=908 CharacterOffsetEnd=909 PartOfSpeech=-LRB-] [Text=FF CharacterOffsetBegin=909 CharacterOffsetEnd=911 PartOfSpeech=NN] [Text=Fan CharacterOffsetBegin=912 CharacterOffsetEnd=915 PartOfSpeech=NN] [Text=View CharacterOffsetBegin=916 CharacterOffsetEnd=920 PartOfSpeech=NNP] [Text=10/10 CharacterOffsetBegin=921 CharacterOffsetEnd=926 PartOfSpeech=CD] [Text=-RRB- CharacterOffsetBegin=926 CharacterOffsetEnd=927 PartOfSpeech=-RRB-] [Text=I CharacterOffsetBegin=927 CharacterOffsetEnd=928 PartOfSpeech=PRP] [Text=personally CharacterOffsetBegin=929 CharacterOffsetEnd=939 PartOfSpeech=RB] [Text=think CharacterOffsetBegin=940 CharacterOffsetEnd=945 PartOfSpeech=VBP] [Text=this CharacterOffsetBegin=946 CharacterOffsetEnd=950 PartOfSpeech=DT] [Text=is CharacterOffsetBegin=951 CharacterOffsetEnd=953 PartOfSpeech=VBZ] [Text=what CharacterOffsetBegin=954 CharacterOffsetEnd=958 PartOfSpeech=WP] [Text=was CharacterOffsetBegin=959 CharacterOffsetEnd=962 PartOfSpeech=VBD] [Text=needed CharacterOffsetBegin=963 CharacterOffsetEnd=969 PartOfSpeech=VBN] [Text=, CharacterOffsetBegin=969 CharacterOffsetEnd=970 PartOfSpeech=,] [Text=a CharacterOffsetBegin=971 CharacterOffsetEnd=972 PartOfSpeech=DT] [Text=fight CharacterOffsetBegin=973 CharacterOffsetEnd=978 PartOfSpeech=NN] [Text=to CharacterOffsetBegin=979 CharacterOffsetEnd=981 PartOfSpeech=TO] [Text=end CharacterOffsetBegin=982 CharacterOffsetEnd=985 PartOfSpeech=VB] [Text=it CharacterOffsetBegin=986 CharacterOffsetEnd=988 PartOfSpeech=PRP] [Text=all CharacterOffsetBegin=989 CharacterOffsetEnd=992 PartOfSpeech=DT] [Text=. CharacterOffsetBegin=992 CharacterOffsetEnd=993 PartOfSpeech=.] 
root(ROOT-0, think-12)
advmod(think-12, Overall-1)
punct(think-12, --2)
nsubj(think-12, 9/10-3)
punct(FF-5, -LRB--4)
dep(think-12, FF-5)
advmod(think-12, Fan-6)
nsubj(think-12, View-7)
num(View-7, 10/10-8)
punct(think-12, -RRB--9)
nsubj(think-12, I-10)
advmod(think-12, personally-11)
nsubj(is-14, this-13)
ccomp(think-12, is-14)
nsubjpass(needed-17, what-15)
auxpass(needed-17, was-16)
ccomp(is-14, needed-17)
punct(needed-17, ,-18)
det(fight-20, a-19)
dep(,-18, fight-20)
aux(end-22, to-21)
infmod(fight-20, end-22)
dobj(end-22, it-23)
advmod(end-22, all-24)
punct(fight-20, .-25)

Sentence #15 (1 tokens):
.
[Text=. CharacterOffsetBegin=993 CharacterOffsetEnd=994 PartOfSpeech=.] 
root(ROOT-0, .-1)

Sentence #16 (7 tokens):
the plot was already in place.
[Text=the CharacterOffsetBegin=995 CharacterOffsetEnd=998 PartOfSpeech=DT] [Text=plot CharacterOffsetBegin=999 CharacterOffsetEnd=1003 PartOfSpeech=NN] [Text=was CharacterOffsetBegin=1004 CharacterOffsetEnd=1007 PartOfSpeech=VBD] [Text=already CharacterOffsetBegin=1008 CharacterOffsetEnd=1015 PartOfSpeech=RB] [Text=in CharacterOffsetBegin=1016 CharacterOffsetEnd=1018 PartOfSpeech=IN] [Text=place CharacterOffsetBegin=1019 CharacterOffsetEnd=1024 PartOfSpeech=NN] [Text=. CharacterOffsetBegin=1024 CharacterOffsetEnd=1025 PartOfSpeech=.] 
root(ROOT-0, was-3)
det(plot-2, the-1)
nsubj(was-3, plot-2)
advmod(was-3, already-4)
prep(was-3, in-5)
pobj(in-5, place-6)
punct(was-3, .-7)

Sentence #17 (10 tokens):
The action was necessary as much as people complained.
[Text=The CharacterOffsetBegin=1030 CharacterOffsetEnd=1033 PartOfSpeech=DT] [Text=action CharacterOffsetBegin=1034 CharacterOffsetEnd=1040 PartOfSpeech=NN] [Text=was CharacterOffsetBegin=1041 CharacterOffsetEnd=1044 PartOfSpeech=VBD] [Text=necessary CharacterOffsetBegin=1045 CharacterOffsetEnd=1054 PartOfSpeech=JJ] [Text=as CharacterOffsetBegin=1055 CharacterOffsetEnd=1057 PartOfSpeech=RB] [Text=much CharacterOffsetBegin=1058 CharacterOffsetEnd=1062 PartOfSpeech=RB] [Text=as CharacterOffsetBegin=1063 CharacterOffsetEnd=1065 PartOfSpeech=IN] [Text=people CharacterOffsetBegin=1066 CharacterOffsetEnd=1072 PartOfSpeech=NNS] [Text=complained CharacterOffsetBegin=1073 CharacterOffsetEnd=1083 PartOfSpeech=VBD] [Text=. CharacterOffsetBegin=1083 CharacterOffsetEnd=1084 PartOfSpeech=.] 
root(ROOT-0, necessary-4)
det(action-2, The-1)
nsubj(necessary-4, action-2)
cop(necessary-4, was-3)
advmod(much-6, as-5)
advmod(necessary-4, much-6)
mark(complained-9, as-7)
nsubj(complained-9, people-8)
ccomp(much-6, complained-9)
punct(necessary-4, .-10)

Sentence #18 (8 tokens):
I loved every second of this movie.
[Text=I CharacterOffsetBegin=1089 CharacterOffsetEnd=1090 PartOfSpeech=PRP] [Text=loved CharacterOffsetBegin=1091 CharacterOffsetEnd=1096 PartOfSpeech=VBD] [Text=every CharacterOffsetBegin=1097 CharacterOffsetEnd=1102 PartOfSpeech=DT] [Text=second CharacterOffsetBegin=1103 CharacterOffsetEnd=1109 PartOfSpeech=NN] [Text=of CharacterOffsetBegin=1110 CharacterOffsetEnd=1112 PartOfSpeech=IN] [Text=this CharacterOffsetBegin=1113 CharacterOffsetEnd=1117 PartOfSpeech=DT] [Text=movie CharacterOffsetBegin=1118 CharacterOffsetEnd=1123 PartOfSpeech=NN] [Text=. CharacterOffsetBegin=1123 CharacterOffsetEnd=1124 PartOfSpeech=.] 
root(ROOT-0, loved-2)
nsubj(loved-2, I-1)
det(second-4, every-3)
dobj(loved-2, second-4)
prep(second-4, of-5)
det(movie-7, this-6)
pobj(of-5, movie-7)
punct(loved-2, .-8)

Sentence #19 (17 tokens):
It was a pleasure to visit the world of FFVII just one last time.Just remember this.
[Text=It CharacterOffsetBegin=1129 CharacterOffsetEnd=1131 PartOfSpeech=PRP] [Text=was CharacterOffsetBegin=1132 CharacterOffsetEnd=1135 PartOfSpeech=VBD] [Text=a CharacterOffsetBegin=1136 CharacterOffsetEnd=1137 PartOfSpeech=DT] [Text=pleasure CharacterOffsetBegin=1138 CharacterOffsetEnd=1146 PartOfSpeech=NN] [Text=to CharacterOffsetBegin=1147 CharacterOffsetEnd=1149 PartOfSpeech=TO] [Text=visit CharacterOffsetBegin=1150 CharacterOffsetEnd=1155 PartOfSpeech=VB] [Text=the CharacterOffsetBegin=1156 CharacterOffsetEnd=1159 PartOfSpeech=DT] [Text=world CharacterOffsetBegin=1160 CharacterOffsetEnd=1165 PartOfSpeech=NN] [Text=of CharacterOffsetBegin=1166 CharacterOffsetEnd=1168 PartOfSpeech=IN] [Text=FFVII CharacterOffsetBegin=1169 CharacterOffsetEnd=1174 PartOfSpeech=NNP] [Text=just CharacterOffsetBegin=1175 CharacterOffsetEnd=1179 PartOfSpeech=RB] [Text=one CharacterOffsetBegin=1180 CharacterOffsetEnd=1183 PartOfSpeech=CD] [Text=last CharacterOffsetBegin=1184 CharacterOffsetEnd=1188 PartOfSpeech=JJ] [Text=time.Just CharacterOffsetBegin=1189 CharacterOffsetEnd=1198 PartOfSpeech=NN] [Text=remember CharacterOffsetBegin=1199 CharacterOffsetEnd=1207 PartOfSpeech=VBP] [Text=this CharacterOffsetBegin=1208 CharacterOffsetEnd=1212 PartOfSpeech=DT] [Text=. CharacterOffsetBegin=1212 CharacterOffsetEnd=1213 PartOfSpeech=.] 
root(ROOT-0, pleasure-4)
nsubj(pleasure-4, It-1)
cop(pleasure-4, was-2)
det(pleasure-4, a-3)
aux(visit-6, to-5)
infmod(pleasure-4, visit-6)
det(world-8, the-7)
dobj(visit-6, world-8)
prep(world-8, of-9)
pobj(of-9, FFVII-10)
quantmod(one-12, just-11)
num(time.Just-14, one-12)
amod(time.Just-14, last-13)
nsubj(remember-15, time.Just-14)
dep(visit-6, remember-15)
dobj(remember-15, this-16)
punct(pleasure-4, .-17)

Sentence #20 (1 tokens):
.
[Text=. CharacterOffsetBegin=1213 CharacterOffsetEnd=1214 PartOfSpeech=.] 
root(ROOT-0, .-1)

Sentence #21 (28 tokens):
most movies that have been made form a game have been directed by movie directors i think this is pretty great for a team of game directors.
[Text=most CharacterOffsetBegin=1215 CharacterOffsetEnd=1219 PartOfSpeech=RBS] [Text=movies CharacterOffsetBegin=1220 CharacterOffsetEnd=1226 PartOfSpeech=NNS] [Text=that CharacterOffsetBegin=1227 CharacterOffsetEnd=1231 PartOfSpeech=WDT] [Text=have CharacterOffsetBegin=1232 CharacterOffsetEnd=1236 PartOfSpeech=VBP] [Text=been CharacterOffsetBegin=1237 CharacterOffsetEnd=1241 PartOfSpeech=VBN] [Text=made CharacterOffsetBegin=1242 CharacterOffsetEnd=1246 PartOfSpeech=VBN] [Text=form CharacterOffsetBegin=1247 CharacterOffsetEnd=1251 PartOfSpeech=VBP] [Text=a CharacterOffsetBegin=1252 CharacterOffsetEnd=1253 PartOfSpeech=DT] [Text=game CharacterOffsetBegin=1254 CharacterOffsetEnd=1258 PartOfSpeech=NN] [Text=have CharacterOffsetBegin=1259 CharacterOffsetEnd=1263 PartOfSpeech=VBP] [Text=been CharacterOffsetBegin=1264 CharacterOffsetEnd=1268 PartOfSpeech=VBN] [Text=directed CharacterOffsetBegin=1269 CharacterOffsetEnd=1277 PartOfSpeech=VBN] [Text=by CharacterOffsetBegin=1278 CharacterOffsetEnd=1280 PartOfSpeech=IN] [Text=movie CharacterOffsetBegin=1281 CharacterOffsetEnd=1286 PartOfSpeech=NN] [Text=directors CharacterOffsetBegin=1287 CharacterOffsetEnd=1296 PartOfSpeech=NNS] [Text=i CharacterOffsetBegin=1297 CharacterOffsetEnd=1298 PartOfSpeech=FW] [Text=think CharacterOffsetBegin=1299 CharacterOffsetEnd=1304 PartOfSpeech=VB] [Text=this CharacterOffsetBegin=1305 CharacterOffsetEnd=1309 PartOfSpeech=DT] [Text=is CharacterOffsetBegin=1310 CharacterOffsetEnd=1312 PartOfSpeech=VBZ] [Text=pretty CharacterOffsetBegin=1313 CharacterOffsetEnd=1319 PartOfSpeech=RB] [Text=great CharacterOffsetBegin=1320 CharacterOffsetEnd=1325 PartOfSpeech=JJ] [Text=for CharacterOffsetBegin=1326 CharacterOffsetEnd=1329 PartOfSpeech=IN] [Text=a CharacterOffsetBegin=1330 CharacterOffsetEnd=1331 PartOfSpeech=DT] [Text=team CharacterOffsetBegin=1332 CharacterOffsetEnd=1336 PartOfSpeech=NN] [Text=of CharacterOffsetBegin=1337 CharacterOffsetEnd=1339 PartOfSpeech=IN] [Text=game CharacterOffsetBegin=1340 CharacterOffsetEnd=1344 PartOfSpeech=NN] [Text=directors CharacterOffsetBegin=1345 CharacterOffsetEnd=1354 PartOfSpeech=NNS] [Text=. CharacterOffsetBegin=1354 CharacterOffsetEnd=1355 PartOfSpeech=.] 
root(ROOT-0, movies-2)
advmod(movies-2, most-1)
nsubjpass(made-6, that-3)
aux(made-6, have-4)
auxpass(made-6, been-5)
rcmod(movies-2, made-6)
acomp(made-6, form-7)
det(game-9, a-8)
nsubjpass(directed-12, game-9)
aux(directed-12, have-10)
auxpass(directed-12, been-11)
ccomp(form-7, directed-12)
prep(directed-12, by-13)
nn(directors-15, movie-14)
pobj(by-13, directors-15)
nsubj(think-17, i-16)
rcmod(directors-15, think-17)
nsubj(great-21, this-18)
cop(great-21, is-19)
advmod(great-21, pretty-20)
ccomp(think-17, great-21)
prep(great-21, for-22)
det(team-24, a-23)
pobj(for-22, team-24)
prep(team-24, of-25)
nn(directors-27, game-26)
pobj(of-25, directors-27)
punct(movies-2, .-28)

Sentence #22 (1 tokens):
.
[Text=. CharacterOffsetBegin=1355 CharacterOffsetEnd=1356 PartOfSpeech=.] 
root(ROOT-0, .-1)

Sentence #23 (12 tokens):
Don't think I've seen a better game to movie.
[Text=Do CharacterOffsetBegin=1357 CharacterOffsetEnd=1359 PartOfSpeech=VBP] [Text=n't CharacterOffsetBegin=1359 CharacterOffsetEnd=1362 PartOfSpeech=RB] [Text=think CharacterOffsetBegin=1363 CharacterOffsetEnd=1368 PartOfSpeech=VB] [Text=I CharacterOffsetBegin=1369 CharacterOffsetEnd=1370 PartOfSpeech=PRP] [Text='ve CharacterOffsetBegin=1370 CharacterOffsetEnd=1373 PartOfSpeech=VBP] [Text=seen CharacterOffsetBegin=1374 CharacterOffsetEnd=1378 PartOfSpeech=VBN] [Text=a CharacterOffsetBegin=1379 CharacterOffsetEnd=1380 PartOfSpeech=DT] [Text=better CharacterOffsetBegin=1381 CharacterOffsetEnd=1387 PartOfSpeech=JJR] [Text=game CharacterOffsetBegin=1388 CharacterOffsetEnd=1392 PartOfSpeech=NN] [Text=to CharacterOffsetBegin=1393 CharacterOffsetEnd=1395 PartOfSpeech=TO] [Text=movie CharacterOffsetBegin=1396 CharacterOffsetEnd=1401 PartOfSpeech=NN] [Text=. CharacterOffsetBegin=1401 CharacterOffsetEnd=1402 PartOfSpeech=.] 
root(ROOT-0, think-3)
aux(think-3, Do-1)
neg(think-3, n't-2)
nsubj(seen-6, I-4)
aux(seen-6, 've-5)
ccomp(think-3, seen-6)
det(game-9, a-7)
amod(game-9, better-8)
dobj(seen-6, game-9)
prep(seen-6, to-10)
pobj(to-10, movie-11)
punct(think-3, .-12)

Sentence #24 (1 tokens):
.
[Text=. CharacterOffsetBegin=1402 CharacterOffsetEnd=1403 PartOfSpeech=.] 
root(ROOT-0, .-1)

Sentence #25 (10 tokens):
Thankyou Square, I think you did it right!
[Text=Thankyou CharacterOffsetBegin=1403 CharacterOffsetEnd=1411 PartOfSpeech=NNP] [Text=Square CharacterOffsetBegin=1412 CharacterOffsetEnd=1418 PartOfSpeech=NNP] [Text=, CharacterOffsetBegin=1418 CharacterOffsetEnd=1419 PartOfSpeech=,] [Text=I CharacterOffsetBegin=1420 CharacterOffsetEnd=1421 PartOfSpeech=PRP] [Text=think CharacterOffsetBegin=1422 CharacterOffsetEnd=1427 PartOfSpeech=VBP] [Text=you CharacterOffsetBegin=1428 CharacterOffsetEnd=1431 PartOfSpeech=PRP] [Text=did CharacterOffsetBegin=1432 CharacterOffsetEnd=1435 PartOfSpeech=VBD] [Text=it CharacterOffsetBegin=1436 CharacterOffsetEnd=1438 PartOfSpeech=PRP] [Text=right CharacterOffsetBegin=1439 CharacterOffsetEnd=1444 PartOfSpeech=RB] [Text=! CharacterOffsetBegin=1444 CharacterOffsetEnd=1445 PartOfSpeech=.] 
root(ROOT-0, Square-2)
nn(Square-2, Thankyou-1)
punct(Square-2, ,-3)
nsubj(think-5, I-4)
rcmod(Square-2, think-5)
nsubj(did-7, you-6)
ccomp(think-5, did-7)
dobj(did-7, it-8)
advmod(did-7, right-9)
punct(Square-2, !-10)

