Sentence #1 (62 tokens):
Well, I was hoping I'd heard wrong about this film as I'm a big fan of Ruggero Deodato and really didn't want to see him slip up; but unfortunately, this Giallo-styled supernatural load of nonsense is just as bad as I'd been lead to believe it would be - and that's pretty terrible!
[Text=Well CharacterOffsetBegin=4 CharacterOffsetEnd=8 PartOfSpeech=RB] [Text=, CharacterOffsetBegin=8 CharacterOffsetEnd=9 PartOfSpeech=,] [Text=I CharacterOffsetBegin=10 CharacterOffsetEnd=11 PartOfSpeech=PRP] [Text=was CharacterOffsetBegin=12 CharacterOffsetEnd=15 PartOfSpeech=VBD] [Text=hoping CharacterOffsetBegin=16 CharacterOffsetEnd=22 PartOfSpeech=VBG] [Text=I CharacterOffsetBegin=23 CharacterOffsetEnd=24 PartOfSpeech=PRP] [Text='d CharacterOffsetBegin=24 CharacterOffsetEnd=26 PartOfSpeech=MD] [Text=heard CharacterOffsetBegin=27 CharacterOffsetEnd=32 PartOfSpeech=VBN] [Text=wrong CharacterOffsetBegin=33 CharacterOffsetEnd=38 PartOfSpeech=JJ] [Text=about CharacterOffsetBegin=39 CharacterOffsetEnd=44 PartOfSpeech=IN] [Text=this CharacterOffsetBegin=45 CharacterOffsetEnd=49 PartOfSpeech=DT] [Text=film CharacterOffsetBegin=50 CharacterOffsetEnd=54 PartOfSpeech=NN] [Text=as CharacterOffsetBegin=55 CharacterOffsetEnd=57 PartOfSpeech=IN] [Text=I CharacterOffsetBegin=58 CharacterOffsetEnd=59 PartOfSpeech=PRP] [Text='m CharacterOffsetBegin=59 CharacterOffsetEnd=61 PartOfSpeech=VBP] [Text=a CharacterOffsetBegin=62 CharacterOffsetEnd=63 PartOfSpeech=DT] [Text=big CharacterOffsetBegin=64 CharacterOffsetEnd=67 PartOfSpeech=JJ] [Text=fan CharacterOffsetBegin=68 CharacterOffsetEnd=71 PartOfSpeech=NN] [Text=of CharacterOffsetBegin=72 CharacterOffsetEnd=74 PartOfSpeech=IN] [Text=Ruggero CharacterOffsetBegin=75 CharacterOffsetEnd=82 PartOfSpeech=NNP] [Text=Deodato CharacterOffsetBegin=83 CharacterOffsetEnd=90 PartOfSpeech=NNP] [Text=and CharacterOffsetBegin=91 CharacterOffsetEnd=94 PartOfSpeech=CC] [Text=really CharacterOffsetBegin=95 CharacterOffsetEnd=101 PartOfSpeech=RB] [Text=did CharacterOffsetBegin=102 CharacterOffsetEnd=105 PartOfSpeech=VBD] [Text=n't CharacterOffsetBegin=105 CharacterOffsetEnd=108 PartOfSpeech=RB] [Text=want CharacterOffsetBegin=109 CharacterOffsetEnd=113 PartOfSpeech=VB] [Text=to CharacterOffsetBegin=114 CharacterOffsetEnd=116 PartOfSpeech=TO] [Text=see CharacterOffsetBegin=117 CharacterOffsetEnd=120 PartOfSpeech=VB] [Text=him CharacterOffsetBegin=121 CharacterOffsetEnd=124 PartOfSpeech=PRP] [Text=slip CharacterOffsetBegin=125 CharacterOffsetEnd=129 PartOfSpeech=VB] [Text=up CharacterOffsetBegin=130 CharacterOffsetEnd=132 PartOfSpeech=RP] [Text=; CharacterOffsetBegin=132 CharacterOffsetEnd=133 PartOfSpeech=:] [Text=but CharacterOffsetBegin=134 CharacterOffsetEnd=137 PartOfSpeech=CC] [Text=unfortunately CharacterOffsetBegin=138 CharacterOffsetEnd=151 PartOfSpeech=RB] [Text=, CharacterOffsetBegin=151 CharacterOffsetEnd=152 PartOfSpeech=,] [Text=this CharacterOffsetBegin=153 CharacterOffsetEnd=157 PartOfSpeech=DT] [Text=Giallo-styled CharacterOffsetBegin=158 CharacterOffsetEnd=171 PartOfSpeech=JJ] [Text=supernatural CharacterOffsetBegin=172 CharacterOffsetEnd=184 PartOfSpeech=JJ] [Text=load CharacterOffsetBegin=185 CharacterOffsetEnd=189 PartOfSpeech=NN] [Text=of CharacterOffsetBegin=190 CharacterOffsetEnd=192 PartOfSpeech=IN] [Text=nonsense CharacterOffsetBegin=193 CharacterOffsetEnd=201 PartOfSpeech=NN] [Text=is CharacterOffsetBegin=202 CharacterOffsetEnd=204 PartOfSpeech=VBZ] [Text=just CharacterOffsetBegin=205 CharacterOffsetEnd=209 PartOfSpeech=RB] [Text=as CharacterOffsetBegin=210 CharacterOffsetEnd=212 PartOfSpeech=RB] [Text=bad CharacterOffsetBegin=213 CharacterOffsetEnd=216 PartOfSpeech=JJ] [Text=as CharacterOffsetBegin=217 CharacterOffsetEnd=219 PartOfSpeech=IN] [Text=I CharacterOffsetBegin=220 CharacterOffsetEnd=221 PartOfSpeech=PRP] [Text='d CharacterOffsetBegin=221 CharacterOffsetEnd=223 PartOfSpeech=MD] [Text=been CharacterOffsetBegin=224 CharacterOffsetEnd=228 PartOfSpeech=VBN] [Text=lead CharacterOffsetBegin=229 CharacterOffsetEnd=233 PartOfSpeech=VBN] [Text=to CharacterOffsetBegin=234 CharacterOffsetEnd=236 PartOfSpeech=TO] [Text=believe CharacterOffsetBegin=237 CharacterOffsetEnd=244 PartOfSpeech=VB] [Text=it CharacterOffsetBegin=245 CharacterOffsetEnd=247 PartOfSpeech=PRP] [Text=would CharacterOffsetBegin=248 CharacterOffsetEnd=253 PartOfSpeech=MD] [Text=be CharacterOffsetBegin=254 CharacterOffsetEnd=256 PartOfSpeech=VB] [Text=- CharacterOffsetBegin=257 CharacterOffsetEnd=258 PartOfSpeech=:] [Text=and CharacterOffsetBegin=259 CharacterOffsetEnd=262 PartOfSpeech=CC] [Text=that CharacterOffsetBegin=263 CharacterOffsetEnd=267 PartOfSpeech=DT] [Text='s CharacterOffsetBegin=267 CharacterOffsetEnd=269 PartOfSpeech=VBZ] [Text=pretty CharacterOffsetBegin=270 CharacterOffsetEnd=276 PartOfSpeech=RB] [Text=terrible CharacterOffsetBegin=277 CharacterOffsetEnd=285 PartOfSpeech=JJ] [Text=! CharacterOffsetBegin=285 CharacterOffsetEnd=286 PartOfSpeech=.] 
root(ROOT-0, hoping-5)
advmod(hoping-5, Well-1)
punct(hoping-5, ,-2)
nsubj(hoping-5, I-3)
aux(hoping-5, was-4)
nsubj(heard-8, I-6)
aux(heard-8, 'd-7)
ccomp(hoping-5, heard-8)
acomp(heard-8, wrong-9)
prep(wrong-9, about-10)
det(film-12, this-11)
pobj(about-10, film-12)
mark(fan-18, as-13)
nsubj(fan-18, I-14)
cop(fan-18, 'm-15)
det(fan-18, a-16)
amod(fan-18, big-17)
advcl(heard-8, fan-18)
prep(fan-18, of-19)
nn(Deodato-21, Ruggero-20)
pobj(of-19, Deodato-21)
cc(fan-18, and-22)
advmod(want-26, really-23)
aux(want-26, did-24)
neg(want-26, n't-25)
conj(fan-18, want-26)
aux(see-28, to-27)
xcomp(want-26, see-28)
nsubj(slip-30, him-29)
ccomp(see-28, slip-30)
prt(slip-30, up-31)
punct(hoping-5, ;-32)
cc(hoping-5, but-33)
advmod(bad-45, unfortunately-34)
punct(bad-45, ,-35)
det(load-39, this-36)
amod(load-39, Giallo-styled-37)
amod(load-39, supernatural-38)
nsubj(bad-45, load-39)
prep(load-39, of-40)
pobj(of-40, nonsense-41)
cop(bad-45, is-42)
advmod(bad-45, just-43)
advmod(bad-45, as-44)
conj(hoping-5, bad-45)
mark(lead-50, as-46)
nsubjpass(lead-50, I-47)
aux(lead-50, 'd-48)
auxpass(lead-50, been-49)
ccomp(bad-45, lead-50)
aux(believe-52, to-51)
xcomp(lead-50, believe-52)
nsubj(terrible-61, it-53)
aux(terrible-61, would-54)
cop(terrible-61, be-55)
punct(terrible-61, --56)
cc(terrible-61, and-57)
nsubj(terrible-61, that-58)
cop(terrible-61, 's-59)
advmod(terrible-61, pretty-60)
ccomp(believe-52, terrible-61)
punct(hoping-5, !-62)

Sentence #2 (31 tokens):
The plot doesn't work at all, as the film attempts to blend murders and a supernatural theme through a telephone and it all feels very forced and silly.
[Text=The CharacterOffsetBegin=291 CharacterOffsetEnd=294 PartOfSpeech=DT] [Text=plot CharacterOffsetBegin=295 CharacterOffsetEnd=299 PartOfSpeech=NN] [Text=does CharacterOffsetBegin=300 CharacterOffsetEnd=304 PartOfSpeech=VBZ] [Text=n't CharacterOffsetBegin=304 CharacterOffsetEnd=307 PartOfSpeech=RB] [Text=work CharacterOffsetBegin=308 CharacterOffsetEnd=312 PartOfSpeech=VB] [Text=at CharacterOffsetBegin=313 CharacterOffsetEnd=315 PartOfSpeech=IN] [Text=all CharacterOffsetBegin=316 CharacterOffsetEnd=319 PartOfSpeech=DT] [Text=, CharacterOffsetBegin=319 CharacterOffsetEnd=320 PartOfSpeech=,] [Text=as CharacterOffsetBegin=321 CharacterOffsetEnd=323 PartOfSpeech=IN] [Text=the CharacterOffsetBegin=324 CharacterOffsetEnd=327 PartOfSpeech=DT] [Text=film CharacterOffsetBegin=328 CharacterOffsetEnd=332 PartOfSpeech=NN] [Text=attempts CharacterOffsetBegin=333 CharacterOffsetEnd=341 PartOfSpeech=VBZ] [Text=to CharacterOffsetBegin=342 CharacterOffsetEnd=344 PartOfSpeech=TO] [Text=blend CharacterOffsetBegin=345 CharacterOffsetEnd=350 PartOfSpeech=VB] [Text=murders CharacterOffsetBegin=351 CharacterOffsetEnd=358 PartOfSpeech=NNS] [Text=and CharacterOffsetBegin=359 CharacterOffsetEnd=362 PartOfSpeech=CC] [Text=a CharacterOffsetBegin=363 CharacterOffsetEnd=364 PartOfSpeech=DT] [Text=supernatural CharacterOffsetBegin=365 CharacterOffsetEnd=377 PartOfSpeech=JJ] [Text=theme CharacterOffsetBegin=378 CharacterOffsetEnd=383 PartOfSpeech=NN] [Text=through CharacterOffsetBegin=384 CharacterOffsetEnd=391 PartOfSpeech=IN] [Text=a CharacterOffsetBegin=392 CharacterOffsetEnd=393 PartOfSpeech=DT] [Text=telephone CharacterOffsetBegin=394 CharacterOffsetEnd=403 PartOfSpeech=NN] [Text=and CharacterOffsetBegin=404 CharacterOffsetEnd=407 PartOfSpeech=CC] [Text=it CharacterOffsetBegin=408 CharacterOffsetEnd=410 PartOfSpeech=PRP] [Text=all CharacterOffsetBegin=411 CharacterOffsetEnd=414 PartOfSpeech=DT] [Text=feels CharacterOffsetBegin=415 CharacterOffsetEnd=420 PartOfSpeech=VBZ] [Text=very CharacterOffsetBegin=421 CharacterOffsetEnd=425 PartOfSpeech=RB] [Text=forced CharacterOffsetBegin=426 CharacterOffsetEnd=432 PartOfSpeech=VBN] [Text=and CharacterOffsetBegin=433 CharacterOffsetEnd=436 PartOfSpeech=CC] [Text=silly CharacterOffsetBegin=437 CharacterOffsetEnd=442 PartOfSpeech=JJ] [Text=. CharacterOffsetBegin=442 CharacterOffsetEnd=443 PartOfSpeech=.] 
root(ROOT-0, work-5)
det(plot-2, The-1)
nsubj(work-5, plot-2)
aux(work-5, does-3)
neg(work-5, n't-4)
advmod(work-5, at-6)
pobj(at-6, all-7)
punct(work-5, ,-8)
mark(attempts-12, as-9)
det(film-11, the-10)
nsubj(attempts-12, film-11)
advcl(work-5, attempts-12)
aux(blend-14, to-13)
xcomp(attempts-12, blend-14)
dobj(blend-14, murders-15)
cc(murders-15, and-16)
det(theme-19, a-17)
amod(theme-19, supernatural-18)
conj(murders-15, theme-19)
prep(theme-19, through-20)
det(telephone-22, a-21)
pobj(through-20, telephone-22)
cc(murders-15, and-23)
nsubj(feels-26, it-24)
dep(feels-26, all-25)
conj(murders-15, feels-26)
advmod(forced-28, very-27)
dep(feels-26, forced-28)
cc(forced-28, and-29)
conj(forced-28, silly-30)
punct(work-5, .-31)

Sentence #3 (30 tokens):
Furthermore, the plot doesn't make much sense at all, and you have to ask yourself "what's the point" numerous times throughout the movie.
[Text=Furthermore CharacterOffsetBegin=448 CharacterOffsetEnd=459 PartOfSpeech=RB] [Text=, CharacterOffsetBegin=459 CharacterOffsetEnd=460 PartOfSpeech=,] [Text=the CharacterOffsetBegin=461 CharacterOffsetEnd=464 PartOfSpeech=DT] [Text=plot CharacterOffsetBegin=465 CharacterOffsetEnd=469 PartOfSpeech=NN] [Text=does CharacterOffsetBegin=470 CharacterOffsetEnd=474 PartOfSpeech=VBZ] [Text=n't CharacterOffsetBegin=474 CharacterOffsetEnd=477 PartOfSpeech=RB] [Text=make CharacterOffsetBegin=478 CharacterOffsetEnd=482 PartOfSpeech=VB] [Text=much CharacterOffsetBegin=483 CharacterOffsetEnd=487 PartOfSpeech=JJ] [Text=sense CharacterOffsetBegin=488 CharacterOffsetEnd=493 PartOfSpeech=NN] [Text=at CharacterOffsetBegin=494 CharacterOffsetEnd=496 PartOfSpeech=IN] [Text=all CharacterOffsetBegin=497 CharacterOffsetEnd=500 PartOfSpeech=DT] [Text=, CharacterOffsetBegin=500 CharacterOffsetEnd=501 PartOfSpeech=,] [Text=and CharacterOffsetBegin=502 CharacterOffsetEnd=505 PartOfSpeech=CC] [Text=you CharacterOffsetBegin=506 CharacterOffsetEnd=509 PartOfSpeech=PRP] [Text=have CharacterOffsetBegin=510 CharacterOffsetEnd=514 PartOfSpeech=VBP] [Text=to CharacterOffsetBegin=515 CharacterOffsetEnd=517 PartOfSpeech=TO] [Text=ask CharacterOffsetBegin=518 CharacterOffsetEnd=521 PartOfSpeech=VB] [Text=yourself CharacterOffsetBegin=522 CharacterOffsetEnd=530 PartOfSpeech=PRP] [Text=`` CharacterOffsetBegin=531 CharacterOffsetEnd=532 PartOfSpeech=``] [Text=what CharacterOffsetBegin=532 CharacterOffsetEnd=536 PartOfSpeech=WP] [Text='s CharacterOffsetBegin=536 CharacterOffsetEnd=538 PartOfSpeech=VBZ] [Text=the CharacterOffsetBegin=539 CharacterOffsetEnd=542 PartOfSpeech=DT] [Text=point CharacterOffsetBegin=543 CharacterOffsetEnd=548 PartOfSpeech=NN] [Text='' CharacterOffsetBegin=548 CharacterOffsetEnd=549 PartOfSpeech=''] [Text=numerous CharacterOffsetBegin=550 CharacterOffsetEnd=558 PartOfSpeech=JJ] [Text=times CharacterOffsetBegin=559 CharacterOffsetEnd=564 PartOfSpeech=NNS] [Text=throughout CharacterOffsetBegin=565 CharacterOffsetEnd=575 PartOfSpeech=IN] [Text=the CharacterOffsetBegin=576 CharacterOffsetEnd=579 PartOfSpeech=DT] [Text=movie CharacterOffsetBegin=580 CharacterOffsetEnd=585 PartOfSpeech=NN] [Text=. CharacterOffsetBegin=585 CharacterOffsetEnd=586 PartOfSpeech=.] 
root(ROOT-0, make-7)
advmod(make-7, Furthermore-1)
punct(make-7, ,-2)
det(plot-4, the-3)
nsubj(make-7, plot-4)
aux(make-7, does-5)
neg(make-7, n't-6)
amod(sense-9, much-8)
dobj(make-7, sense-9)
advmod(make-7, at-10)
pobj(at-10, all-11)
punct(make-7, ,-12)
cc(make-7, and-13)
nsubj(have-15, you-14)
conj(make-7, have-15)
aux(ask-17, to-16)
xcomp(have-15, ask-17)
dobj(ask-17, yourself-18)
punct(ask-17, ``-19)
nsubj(point-23, what-20)
cop(point-23, 's-21)
det(point-23, the-22)
ccomp(ask-17, point-23)
punct(point-23, ''-24)
amod(times-26, numerous-25)
dep(point-23, times-26)
prep(times-26, throughout-27)
det(movie-29, the-28)
pobj(throughout-27, movie-29)
punct(make-7, .-30)

Sentence #4 (19 tokens):
The plot focuses on a young woman living in an apartment block and being terrorised by a telephone.
[Text=The CharacterOffsetBegin=591 CharacterOffsetEnd=594 PartOfSpeech=DT] [Text=plot CharacterOffsetBegin=595 CharacterOffsetEnd=599 PartOfSpeech=NN] [Text=focuses CharacterOffsetBegin=600 CharacterOffsetEnd=607 PartOfSpeech=VBZ] [Text=on CharacterOffsetBegin=608 CharacterOffsetEnd=610 PartOfSpeech=IN] [Text=a CharacterOffsetBegin=611 CharacterOffsetEnd=612 PartOfSpeech=DT] [Text=young CharacterOffsetBegin=613 CharacterOffsetEnd=618 PartOfSpeech=JJ] [Text=woman CharacterOffsetBegin=619 CharacterOffsetEnd=624 PartOfSpeech=NN] [Text=living CharacterOffsetBegin=625 CharacterOffsetEnd=631 PartOfSpeech=NN] [Text=in CharacterOffsetBegin=632 CharacterOffsetEnd=634 PartOfSpeech=IN] [Text=an CharacterOffsetBegin=635 CharacterOffsetEnd=637 PartOfSpeech=DT] [Text=apartment CharacterOffsetBegin=638 CharacterOffsetEnd=647 PartOfSpeech=NN] [Text=block CharacterOffsetBegin=648 CharacterOffsetEnd=653 PartOfSpeech=NN] [Text=and CharacterOffsetBegin=654 CharacterOffsetEnd=657 PartOfSpeech=CC] [Text=being CharacterOffsetBegin=658 CharacterOffsetEnd=663 PartOfSpeech=VBG] [Text=terrorised CharacterOffsetBegin=664 CharacterOffsetEnd=674 PartOfSpeech=VBN] [Text=by CharacterOffsetBegin=675 CharacterOffsetEnd=677 PartOfSpeech=IN] [Text=a CharacterOffsetBegin=678 CharacterOffsetEnd=679 PartOfSpeech=DT] [Text=telephone CharacterOffsetBegin=680 CharacterOffsetEnd=689 PartOfSpeech=NN] [Text=. CharacterOffsetBegin=689 CharacterOffsetEnd=690 PartOfSpeech=.] 
root(ROOT-0, focuses-3)
det(plot-2, The-1)
nsubj(focuses-3, plot-2)
prep(focuses-3, on-4)
det(woman-7, a-5)
amod(woman-7, young-6)
pobj(on-4, woman-7)
partmod(woman-7, living-8)
prep(living-8, in-9)
det(block-12, an-10)
nn(block-12, apartment-11)
pobj(in-9, block-12)
cc(woman-7, and-13)
auxpass(terrorised-15, being-14)
conj(woman-7, terrorised-15)
prep(terrorised-15, by-16)
det(telephone-18, a-17)
pobj(by-16, telephone-18)
punct(focuses-3, .-19)

Sentence #5 (28 tokens):
The best thing about the movie is undoubtedly the presence of the beautiful English actress Charlotte Lewis, and unfortunately the good points pretty much stop there.
[Text=The CharacterOffsetBegin=695 CharacterOffsetEnd=698 PartOfSpeech=DT] [Text=best CharacterOffsetBegin=699 CharacterOffsetEnd=703 PartOfSpeech=JJS] [Text=thing CharacterOffsetBegin=704 CharacterOffsetEnd=709 PartOfSpeech=NN] [Text=about CharacterOffsetBegin=710 CharacterOffsetEnd=715 PartOfSpeech=IN] [Text=the CharacterOffsetBegin=716 CharacterOffsetEnd=719 PartOfSpeech=DT] [Text=movie CharacterOffsetBegin=720 CharacterOffsetEnd=725 PartOfSpeech=NN] [Text=is CharacterOffsetBegin=726 CharacterOffsetEnd=728 PartOfSpeech=VBZ] [Text=undoubtedly CharacterOffsetBegin=729 CharacterOffsetEnd=740 PartOfSpeech=RB] [Text=the CharacterOffsetBegin=741 CharacterOffsetEnd=744 PartOfSpeech=DT] [Text=presence CharacterOffsetBegin=745 CharacterOffsetEnd=753 PartOfSpeech=NN] [Text=of CharacterOffsetBegin=754 CharacterOffsetEnd=756 PartOfSpeech=IN] [Text=the CharacterOffsetBegin=757 CharacterOffsetEnd=760 PartOfSpeech=DT] [Text=beautiful CharacterOffsetBegin=761 CharacterOffsetEnd=770 PartOfSpeech=JJ] [Text=English CharacterOffsetBegin=771 CharacterOffsetEnd=778 PartOfSpeech=NNP] [Text=actress CharacterOffsetBegin=779 CharacterOffsetEnd=786 PartOfSpeech=NN] [Text=Charlotte CharacterOffsetBegin=787 CharacterOffsetEnd=796 PartOfSpeech=NNP] [Text=Lewis CharacterOffsetBegin=797 CharacterOffsetEnd=802 PartOfSpeech=NNP] [Text=, CharacterOffsetBegin=802 CharacterOffsetEnd=803 PartOfSpeech=,] [Text=and CharacterOffsetBegin=804 CharacterOffsetEnd=807 PartOfSpeech=CC] [Text=unfortunately CharacterOffsetBegin=808 CharacterOffsetEnd=821 PartOfSpeech=RB] [Text=the CharacterOffsetBegin=822 CharacterOffsetEnd=825 PartOfSpeech=DT] [Text=good CharacterOffsetBegin=826 CharacterOffsetEnd=830 PartOfSpeech=JJ] [Text=points CharacterOffsetBegin=831 CharacterOffsetEnd=837 PartOfSpeech=NNS] [Text=pretty CharacterOffsetBegin=838 CharacterOffsetEnd=844 PartOfSpeech=RB] [Text=much CharacterOffsetBegin=845 CharacterOffsetEnd=849 PartOfSpeech=RB] [Text=stop CharacterOffsetBegin=850 CharacterOffsetEnd=854 PartOfSpeech=VB] [Text=there CharacterOffsetBegin=855 CharacterOffsetEnd=860 PartOfSpeech=RB] [Text=. CharacterOffsetBegin=860 CharacterOffsetEnd=861 PartOfSpeech=.] 
root(ROOT-0, presence-10)
det(thing-3, The-1)
amod(thing-3, best-2)
nsubj(presence-10, thing-3)
prep(thing-3, about-4)
det(movie-6, the-5)
pobj(about-4, movie-6)
cop(presence-10, is-7)
advmod(presence-10, undoubtedly-8)
det(presence-10, the-9)
prep(presence-10, of-11)
det(Lewis-17, the-12)
amod(Lewis-17, beautiful-13)
nn(Lewis-17, English-14)
nn(Lewis-17, actress-15)
nn(Lewis-17, Charlotte-16)
pobj(of-11, Lewis-17)
punct(presence-10, ,-18)
cc(presence-10, and-19)
advmod(stop-26, unfortunately-20)
det(points-23, the-21)
amod(points-23, good-22)
nsubj(stop-26, points-23)
advmod(much-25, pretty-24)
advmod(stop-26, much-25)
conj(presence-10, stop-26)
advmod(stop-26, there-27)
punct(presence-10, .-28)

Sentence #6 (38 tokens):
There are a handful of deaths scenes, some of which are gory; but all of which are incredibly stupid, the one that sees someone get killed by coins sticks out especially in that respect.
[Text=There CharacterOffsetBegin=866 CharacterOffsetEnd=871 PartOfSpeech=EX] [Text=are CharacterOffsetBegin=872 CharacterOffsetEnd=875 PartOfSpeech=VBP] [Text=a CharacterOffsetBegin=876 CharacterOffsetEnd=877 PartOfSpeech=DT] [Text=handful CharacterOffsetBegin=878 CharacterOffsetEnd=885 PartOfSpeech=NN] [Text=of CharacterOffsetBegin=886 CharacterOffsetEnd=888 PartOfSpeech=IN] [Text=deaths CharacterOffsetBegin=889 CharacterOffsetEnd=895 PartOfSpeech=NNS] [Text=scenes CharacterOffsetBegin=896 CharacterOffsetEnd=902 PartOfSpeech=NNS] [Text=, CharacterOffsetBegin=902 CharacterOffsetEnd=903 PartOfSpeech=,] [Text=some CharacterOffsetBegin=904 CharacterOffsetEnd=908 PartOfSpeech=DT] [Text=of CharacterOffsetBegin=909 CharacterOffsetEnd=911 PartOfSpeech=IN] [Text=which CharacterOffsetBegin=912 CharacterOffsetEnd=917 PartOfSpeech=WDT] [Text=are CharacterOffsetBegin=918 CharacterOffsetEnd=921 PartOfSpeech=VBP] [Text=gory CharacterOffsetBegin=922 CharacterOffsetEnd=926 PartOfSpeech=JJ] [Text=; CharacterOffsetBegin=926 CharacterOffsetEnd=927 PartOfSpeech=:] [Text=but CharacterOffsetBegin=928 CharacterOffsetEnd=931 PartOfSpeech=CC] [Text=all CharacterOffsetBegin=932 CharacterOffsetEnd=935 PartOfSpeech=DT] [Text=of CharacterOffsetBegin=936 CharacterOffsetEnd=938 PartOfSpeech=IN] [Text=which CharacterOffsetBegin=939 CharacterOffsetEnd=944 PartOfSpeech=WDT] [Text=are CharacterOffsetBegin=945 CharacterOffsetEnd=948 PartOfSpeech=VBP] [Text=incredibly CharacterOffsetBegin=949 CharacterOffsetEnd=959 PartOfSpeech=RB] [Text=stupid CharacterOffsetBegin=960 CharacterOffsetEnd=966 PartOfSpeech=JJ] [Text=, CharacterOffsetBegin=966 CharacterOffsetEnd=967 PartOfSpeech=,] [Text=the CharacterOffsetBegin=968 CharacterOffsetEnd=971 PartOfSpeech=DT] [Text=one CharacterOffsetBegin=972 CharacterOffsetEnd=975 PartOfSpeech=CD] [Text=that CharacterOffsetBegin=976 CharacterOffsetEnd=980 PartOfSpeech=WDT] [Text=sees CharacterOffsetBegin=981 CharacterOffsetEnd=985 PartOfSpeech=VBZ] [Text=someone CharacterOffsetBegin=986 CharacterOffsetEnd=993 PartOfSpeech=NN] [Text=get CharacterOffsetBegin=994 CharacterOffsetEnd=997 PartOfSpeech=VB] [Text=killed CharacterOffsetBegin=998 CharacterOffsetEnd=1004 PartOfSpeech=VBN] [Text=by CharacterOffsetBegin=1005 CharacterOffsetEnd=1007 PartOfSpeech=IN] [Text=coins CharacterOffsetBegin=1008 CharacterOffsetEnd=1013 PartOfSpeech=NNS] [Text=sticks CharacterOffsetBegin=1014 CharacterOffsetEnd=1020 PartOfSpeech=VBZ] [Text=out CharacterOffsetBegin=1021 CharacterOffsetEnd=1024 PartOfSpeech=RP] [Text=especially CharacterOffsetBegin=1025 CharacterOffsetEnd=1035 PartOfSpeech=RB] [Text=in CharacterOffsetBegin=1036 CharacterOffsetEnd=1038 PartOfSpeech=IN] [Text=that CharacterOffsetBegin=1039 CharacterOffsetEnd=1043 PartOfSpeech=DT] [Text=respect CharacterOffsetBegin=1044 CharacterOffsetEnd=1051 PartOfSpeech=NN] [Text=. CharacterOffsetBegin=1051 CharacterOffsetEnd=1052 PartOfSpeech=.] 
root(ROOT-0, are-2)
expl(are-2, There-1)
det(handful-4, a-3)
nsubj(are-2, handful-4)
prep(handful-4, of-5)
nn(scenes-7, deaths-6)
pobj(of-5, scenes-7)
punct(are-2, ,-8)
nsubj(gory-13, some-9)
prep(some-9, of-10)
pobj(of-10, which-11)
cop(gory-13, are-12)
conj(are-2, gory-13)
punct(are-2, ;-14)
cc(are-2, but-15)
nsubj(stupid-21, all-16)
prep(all-16, of-17)
pobj(of-17, which-18)
cop(stupid-21, are-19)
advmod(stupid-21, incredibly-20)
conj(are-2, stupid-21)
punct(stupid-21, ,-22)
det(one-24, the-23)
appos(stupid-21, one-24)
nsubj(sees-26, that-25)
rcmod(one-24, sees-26)
nsubjpass(killed-29, someone-27)
auxpass(killed-29, get-28)
ccomp(sees-26, killed-29)
prep(killed-29, by-30)
pobj(by-30, coins-31)
xcomp(killed-29, sticks-32)
prt(sticks-32, out-33)
advmod(in-35, especially-34)
prep(sticks-32, in-35)
det(respect-37, that-36)
pobj(in-35, respect-37)
punct(are-2, .-38)

Sentence #7 (29 tokens):
Overall, I really can't recommend this to anyone; non-Deodato fans are unlikely to impressed, and Deodato fans are likely to find the film depressing.
[Text=Overall CharacterOffsetBegin=1057 CharacterOffsetEnd=1064 PartOfSpeech=RB] [Text=, CharacterOffsetBegin=1064 CharacterOffsetEnd=1065 PartOfSpeech=,] [Text=I CharacterOffsetBegin=1066 CharacterOffsetEnd=1067 PartOfSpeech=PRP] [Text=really CharacterOffsetBegin=1068 CharacterOffsetEnd=1074 PartOfSpeech=RB] [Text=ca CharacterOffsetBegin=1075 CharacterOffsetEnd=1077 PartOfSpeech=MD] [Text=n't CharacterOffsetBegin=1077 CharacterOffsetEnd=1080 PartOfSpeech=RB] [Text=recommend CharacterOffsetBegin=1081 CharacterOffsetEnd=1090 PartOfSpeech=VB] [Text=this CharacterOffsetBegin=1091 CharacterOffsetEnd=1095 PartOfSpeech=DT] [Text=to CharacterOffsetBegin=1096 CharacterOffsetEnd=1098 PartOfSpeech=TO] [Text=anyone CharacterOffsetBegin=1099 CharacterOffsetEnd=1105 PartOfSpeech=NN] [Text=; CharacterOffsetBegin=1105 CharacterOffsetEnd=1106 PartOfSpeech=:] [Text=non-Deodato CharacterOffsetBegin=1107 CharacterOffsetEnd=1118 PartOfSpeech=JJ] [Text=fans CharacterOffsetBegin=1119 CharacterOffsetEnd=1123 PartOfSpeech=NNS] [Text=are CharacterOffsetBegin=1124 CharacterOffsetEnd=1127 PartOfSpeech=VBP] [Text=unlikely CharacterOffsetBegin=1128 CharacterOffsetEnd=1136 PartOfSpeech=JJ] [Text=to CharacterOffsetBegin=1137 CharacterOffsetEnd=1139 PartOfSpeech=TO] [Text=impressed CharacterOffsetBegin=1140 CharacterOffsetEnd=1149 PartOfSpeech=JJ] [Text=, CharacterOffsetBegin=1149 CharacterOffsetEnd=1150 PartOfSpeech=,] [Text=and CharacterOffsetBegin=1151 CharacterOffsetEnd=1154 PartOfSpeech=CC] [Text=Deodato CharacterOffsetBegin=1155 CharacterOffsetEnd=1162 PartOfSpeech=NNP] [Text=fans CharacterOffsetBegin=1163 CharacterOffsetEnd=1167 PartOfSpeech=NNS] [Text=are CharacterOffsetBegin=1168 CharacterOffsetEnd=1171 PartOfSpeech=VBP] [Text=likely CharacterOffsetBegin=1172 CharacterOffsetEnd=1178 PartOfSpeech=JJ] [Text=to CharacterOffsetBegin=1179 CharacterOffsetEnd=1181 PartOfSpeech=TO] [Text=find CharacterOffsetBegin=1182 CharacterOffsetEnd=1186 PartOfSpeech=VB] [Text=the CharacterOffsetBegin=1187 CharacterOffsetEnd=1190 PartOfSpeech=DT] [Text=film CharacterOffsetBegin=1191 CharacterOffsetEnd=1195 PartOfSpeech=NN] [Text=depressing CharacterOffsetBegin=1196 CharacterOffsetEnd=1206 PartOfSpeech=JJ] [Text=. CharacterOffsetBegin=1206 CharacterOffsetEnd=1207 PartOfSpeech=.] 
root(ROOT-0, recommend-7)
advmod(recommend-7, Overall-1)
punct(recommend-7, ,-2)
nsubj(recommend-7, I-3)
advmod(recommend-7, really-4)
aux(recommend-7, ca-5)
neg(recommend-7, n't-6)
dobj(recommend-7, this-8)
prep(recommend-7, to-9)
pobj(to-9, anyone-10)
punct(recommend-7, ;-11)
amod(fans-13, non-Deodato-12)
nsubj(unlikely-15, fans-13)
cop(unlikely-15, are-14)
parataxis(recommend-7, unlikely-15)
aux(impressed-17, to-16)
xcomp(unlikely-15, impressed-17)
punct(impressed-17, ,-18)
cc(impressed-17, and-19)
nn(fans-21, Deodato-20)
nsubj(likely-23, fans-21)
cop(likely-23, are-22)
conj(impressed-17, likely-23)
aux(find-25, to-24)
xcomp(likely-23, find-25)
det(film-27, the-26)
nsubj(depressing-28, film-27)
xcomp(find-25, depressing-28)
punct(recommend-7, .-29)

Sentence #8 (2 tokens):
Avoid!
[Text=Avoid CharacterOffsetBegin=1212 CharacterOffsetEnd=1217 PartOfSpeech=VB] [Text=! CharacterOffsetBegin=1217 CharacterOffsetEnd=1218 PartOfSpeech=.] 
root(ROOT-0, Avoid-1)
punct(Avoid-1, !-2)

