Sentence #1 (6 tokens):
One of Bolls better attempts.
[Text=One CharacterOffsetBegin=4 CharacterOffsetEnd=7 PartOfSpeech=CD] [Text=of CharacterOffsetBegin=8 CharacterOffsetEnd=10 PartOfSpeech=IN] [Text=Bolls CharacterOffsetBegin=11 CharacterOffsetEnd=16 PartOfSpeech=NNS] [Text=better CharacterOffsetBegin=17 CharacterOffsetEnd=23 PartOfSpeech=JJR] [Text=attempts CharacterOffsetBegin=24 CharacterOffsetEnd=32 PartOfSpeech=NNS] [Text=. CharacterOffsetBegin=32 CharacterOffsetEnd=33 PartOfSpeech=.] 
root(ROOT-0, One-1)
prep(One-1, of-2)
nn(attempts-5, Bolls-3)
amod(attempts-5, better-4)
pobj(of-2, attempts-5)
punct(One-1, .-6)

Sentence #2 (17 tokens):
Just shows that if you do something long enough you have to improve just by chance.
[Text=Just CharacterOffsetBegin=38 CharacterOffsetEnd=42 PartOfSpeech=RB] [Text=shows CharacterOffsetBegin=43 CharacterOffsetEnd=48 PartOfSpeech=VBZ] [Text=that CharacterOffsetBegin=49 CharacterOffsetEnd=53 PartOfSpeech=IN] [Text=if CharacterOffsetBegin=54 CharacterOffsetEnd=56 PartOfSpeech=IN] [Text=you CharacterOffsetBegin=57 CharacterOffsetEnd=60 PartOfSpeech=PRP] [Text=do CharacterOffsetBegin=61 CharacterOffsetEnd=63 PartOfSpeech=VBP] [Text=something CharacterOffsetBegin=64 CharacterOffsetEnd=73 PartOfSpeech=NN] [Text=long CharacterOffsetBegin=74 CharacterOffsetEnd=78 PartOfSpeech=RB] [Text=enough CharacterOffsetBegin=79 CharacterOffsetEnd=85 PartOfSpeech=RB] [Text=you CharacterOffsetBegin=86 CharacterOffsetEnd=89 PartOfSpeech=PRP] [Text=have CharacterOffsetBegin=90 CharacterOffsetEnd=94 PartOfSpeech=VBP] [Text=to CharacterOffsetBegin=95 CharacterOffsetEnd=97 PartOfSpeech=TO] [Text=improve CharacterOffsetBegin=98 CharacterOffsetEnd=105 PartOfSpeech=VB] [Text=just CharacterOffsetBegin=106 CharacterOffsetEnd=110 PartOfSpeech=RB] [Text=by CharacterOffsetBegin=111 CharacterOffsetEnd=113 PartOfSpeech=IN] [Text=chance CharacterOffsetBegin=114 CharacterOffsetEnd=120 PartOfSpeech=NN] [Text=. CharacterOffsetBegin=120 CharacterOffsetEnd=121 PartOfSpeech=.] 
root(ROOT-0, shows-2)
advmod(shows-2, Just-1)
mark(have-11, that-3)
mark(do-6, if-4)
nsubj(do-6, you-5)
advcl(have-11, do-6)
dobj(do-6, something-7)
advmod(enough-9, long-8)
advmod(do-6, enough-9)
nsubj(have-11, you-10)
ccomp(shows-2, have-11)
aux(improve-13, to-12)
xcomp(have-11, improve-13)
advmod(by-15, just-14)
prep(improve-13, by-15)
pobj(by-15, chance-16)
punct(shows-2, .-17)

Sentence #3 (19 tokens):
It is still not good but it is at least watchable which is an improvement over the bloodrayne.
[Text=It CharacterOffsetBegin=126 CharacterOffsetEnd=128 PartOfSpeech=PRP] [Text=is CharacterOffsetBegin=129 CharacterOffsetEnd=131 PartOfSpeech=VBZ] [Text=still CharacterOffsetBegin=132 CharacterOffsetEnd=137 PartOfSpeech=RB] [Text=not CharacterOffsetBegin=138 CharacterOffsetEnd=141 PartOfSpeech=RB] [Text=good CharacterOffsetBegin=142 CharacterOffsetEnd=146 PartOfSpeech=JJ] [Text=but CharacterOffsetBegin=147 CharacterOffsetEnd=150 PartOfSpeech=CC] [Text=it CharacterOffsetBegin=151 CharacterOffsetEnd=153 PartOfSpeech=PRP] [Text=is CharacterOffsetBegin=154 CharacterOffsetEnd=156 PartOfSpeech=VBZ] [Text=at CharacterOffsetBegin=157 CharacterOffsetEnd=159 PartOfSpeech=IN] [Text=least CharacterOffsetBegin=160 CharacterOffsetEnd=165 PartOfSpeech=JJS] [Text=watchable CharacterOffsetBegin=166 CharacterOffsetEnd=175 PartOfSpeech=JJ] [Text=which CharacterOffsetBegin=176 CharacterOffsetEnd=181 PartOfSpeech=WDT] [Text=is CharacterOffsetBegin=182 CharacterOffsetEnd=184 PartOfSpeech=VBZ] [Text=an CharacterOffsetBegin=185 CharacterOffsetEnd=187 PartOfSpeech=DT] [Text=improvement CharacterOffsetBegin=188 CharacterOffsetEnd=199 PartOfSpeech=NN] [Text=over CharacterOffsetBegin=200 CharacterOffsetEnd=204 PartOfSpeech=IN] [Text=the CharacterOffsetBegin=205 CharacterOffsetEnd=208 PartOfSpeech=DT] [Text=bloodrayne CharacterOffsetBegin=209 CharacterOffsetEnd=219 PartOfSpeech=NN] [Text=. CharacterOffsetBegin=219 CharacterOffsetEnd=220 PartOfSpeech=.] 
root(ROOT-0, good-5)
nsubj(good-5, It-1)
cop(good-5, is-2)
advmod(good-5, still-3)
neg(good-5, not-4)
cc(good-5, but-6)
conj(good-5, it-7)
dep(it-7, is-8)
prep(is-8, at-9)
advmod(watchable-11, least-10)
pobj(at-9, watchable-11)
nsubj(improvement-15, which-12)
cop(improvement-15, is-13)
det(improvement-15, an-14)
rcmod(watchable-11, improvement-15)
prep(improvement-15, over-16)
det(bloodrayne-18, the-17)
pobj(over-16, bloodrayne-18)
punct(good-5, .-19)

Sentence #4 (45 tokens):
The main difference between Bloodrayne and FarCry really is that the story from Farcry wasn't the games strong point whereas Bloodrayne had a strong story and thus Boll had more chance to mess it up.The action in this movie is actually fairly good.
[Text=The CharacterOffsetBegin=225 CharacterOffsetEnd=228 PartOfSpeech=DT] [Text=main CharacterOffsetBegin=229 CharacterOffsetEnd=233 PartOfSpeech=JJ] [Text=difference CharacterOffsetBegin=234 CharacterOffsetEnd=244 PartOfSpeech=NN] [Text=between CharacterOffsetBegin=245 CharacterOffsetEnd=252 PartOfSpeech=IN] [Text=Bloodrayne CharacterOffsetBegin=253 CharacterOffsetEnd=263 PartOfSpeech=NNP] [Text=and CharacterOffsetBegin=264 CharacterOffsetEnd=267 PartOfSpeech=CC] [Text=FarCry CharacterOffsetBegin=268 CharacterOffsetEnd=274 PartOfSpeech=NNP] [Text=really CharacterOffsetBegin=275 CharacterOffsetEnd=281 PartOfSpeech=RB] [Text=is CharacterOffsetBegin=282 CharacterOffsetEnd=284 PartOfSpeech=VBZ] [Text=that CharacterOffsetBegin=285 CharacterOffsetEnd=289 PartOfSpeech=IN] [Text=the CharacterOffsetBegin=290 CharacterOffsetEnd=293 PartOfSpeech=DT] [Text=story CharacterOffsetBegin=294 CharacterOffsetEnd=299 PartOfSpeech=NN] [Text=from CharacterOffsetBegin=300 CharacterOffsetEnd=304 PartOfSpeech=IN] [Text=Farcry CharacterOffsetBegin=305 CharacterOffsetEnd=311 PartOfSpeech=NNP] [Text=was CharacterOffsetBegin=312 CharacterOffsetEnd=315 PartOfSpeech=VBD] [Text=n't CharacterOffsetBegin=315 CharacterOffsetEnd=318 PartOfSpeech=RB] [Text=the CharacterOffsetBegin=319 CharacterOffsetEnd=322 PartOfSpeech=DT] [Text=games CharacterOffsetBegin=323 CharacterOffsetEnd=328 PartOfSpeech=NNS] [Text=strong CharacterOffsetBegin=329 CharacterOffsetEnd=335 PartOfSpeech=JJ] [Text=point CharacterOffsetBegin=336 CharacterOffsetEnd=341 PartOfSpeech=NN] [Text=whereas CharacterOffsetBegin=342 CharacterOffsetEnd=349 PartOfSpeech=IN] [Text=Bloodrayne CharacterOffsetBegin=350 CharacterOffsetEnd=360 PartOfSpeech=NN] [Text=had CharacterOffsetBegin=361 CharacterOffsetEnd=364 PartOfSpeech=VBD] [Text=a CharacterOffsetBegin=365 CharacterOffsetEnd=366 PartOfSpeech=DT] [Text=strong CharacterOffsetBegin=367 CharacterOffsetEnd=373 PartOfSpeech=JJ] [Text=story CharacterOffsetBegin=374 CharacterOffsetEnd=379 PartOfSpeech=NN] [Text=and CharacterOffsetBegin=380 CharacterOffsetEnd=383 PartOfSpeech=CC] [Text=thus CharacterOffsetBegin=384 CharacterOffsetEnd=388 PartOfSpeech=RB] [Text=Boll CharacterOffsetBegin=389 CharacterOffsetEnd=393 PartOfSpeech=NNP] [Text=had CharacterOffsetBegin=394 CharacterOffsetEnd=397 PartOfSpeech=VBD] [Text=more CharacterOffsetBegin=398 CharacterOffsetEnd=402 PartOfSpeech=RBR] [Text=chance CharacterOffsetBegin=403 CharacterOffsetEnd=409 PartOfSpeech=NN] [Text=to CharacterOffsetBegin=410 CharacterOffsetEnd=412 PartOfSpeech=TO] [Text=mess CharacterOffsetBegin=413 CharacterOffsetEnd=417 PartOfSpeech=NN] [Text=it CharacterOffsetBegin=418 CharacterOffsetEnd=420 PartOfSpeech=PRP] [Text=up.The CharacterOffsetBegin=421 CharacterOffsetEnd=427 PartOfSpeech=NN] [Text=action CharacterOffsetBegin=428 CharacterOffsetEnd=434 PartOfSpeech=NN] [Text=in CharacterOffsetBegin=435 CharacterOffsetEnd=437 PartOfSpeech=IN] [Text=this CharacterOffsetBegin=438 CharacterOffsetEnd=442 PartOfSpeech=DT] [Text=movie CharacterOffsetBegin=443 CharacterOffsetEnd=448 PartOfSpeech=NN] [Text=is CharacterOffsetBegin=449 CharacterOffsetEnd=451 PartOfSpeech=VBZ] [Text=actually CharacterOffsetBegin=452 CharacterOffsetEnd=460 PartOfSpeech=RB] [Text=fairly CharacterOffsetBegin=461 CharacterOffsetEnd=467 PartOfSpeech=RB] [Text=good CharacterOffsetBegin=468 CharacterOffsetEnd=472 PartOfSpeech=JJ] [Text=. CharacterOffsetBegin=472 CharacterOffsetEnd=473 PartOfSpeech=.] 
root(ROOT-0, is-9)
det(difference-3, The-1)
amod(difference-3, main-2)
nsubj(is-9, difference-3)
prep(difference-3, between-4)
pobj(between-4, Bloodrayne-5)
cc(Bloodrayne-5, and-6)
conj(Bloodrayne-5, FarCry-7)
advmod(is-9, really-8)
mark(was-15, that-10)
det(story-12, the-11)
nsubj(was-15, story-12)
prep(story-12, from-13)
pobj(from-13, Farcry-14)
ccomp(is-9, was-15)
advmod(was-15, n't-16)
det(games-18, the-17)
dep(n't-16, games-18)
amod(point-20, strong-19)
dep(games-18, point-20)
amod(Bloodrayne-22, whereas-21)
nsubj(had-23, Bloodrayne-22)
rcmod(point-20, had-23)
det(story-26, a-24)
amod(story-26, strong-25)
dobj(had-23, story-26)
cc(games-18, and-27)
advmod(games-18, thus-28)
nsubj(had-30, Boll-29)
rcmod(games-18, had-30)
advmod(chance-32, more-31)
dobj(had-30, chance-32)
aux(mess-34, to-33)
infmod(chance-32, mess-34)
nsubj(action-37, it-35)
nn(action-37, up.The-36)
nsubj(good-44, action-37)
prep(action-37, in-38)
det(movie-40, this-39)
pobj(in-38, movie-40)
cop(good-44, is-41)
advmod(good-44, actually-42)
advmod(good-44, fairly-43)
ccomp(mess-34, good-44)
punct(is-9, .-45)

Sentence #5 (22 tokens):
Occasionally a touch overdone but in a good way and worth a watch just for that.Acting wise it was pretty decent.
[Text=Occasionally CharacterOffsetBegin=478 CharacterOffsetEnd=490 PartOfSpeech=RB] [Text=a CharacterOffsetBegin=491 CharacterOffsetEnd=492 PartOfSpeech=DT] [Text=touch CharacterOffsetBegin=493 CharacterOffsetEnd=498 PartOfSpeech=NN] [Text=overdone CharacterOffsetBegin=499 CharacterOffsetEnd=507 PartOfSpeech=VBN] [Text=but CharacterOffsetBegin=508 CharacterOffsetEnd=511 PartOfSpeech=CC] [Text=in CharacterOffsetBegin=512 CharacterOffsetEnd=514 PartOfSpeech=IN] [Text=a CharacterOffsetBegin=515 CharacterOffsetEnd=516 PartOfSpeech=DT] [Text=good CharacterOffsetBegin=517 CharacterOffsetEnd=521 PartOfSpeech=JJ] [Text=way CharacterOffsetBegin=522 CharacterOffsetEnd=525 PartOfSpeech=NN] [Text=and CharacterOffsetBegin=526 CharacterOffsetEnd=529 PartOfSpeech=CC] [Text=worth CharacterOffsetBegin=530 CharacterOffsetEnd=535 PartOfSpeech=IN] [Text=a CharacterOffsetBegin=536 CharacterOffsetEnd=537 PartOfSpeech=DT] [Text=watch CharacterOffsetBegin=538 CharacterOffsetEnd=543 PartOfSpeech=NN] [Text=just CharacterOffsetBegin=544 CharacterOffsetEnd=548 PartOfSpeech=RB] [Text=for CharacterOffsetBegin=549 CharacterOffsetEnd=552 PartOfSpeech=IN] [Text=that.Acting CharacterOffsetBegin=553 CharacterOffsetEnd=564 PartOfSpeech=VBG] [Text=wise CharacterOffsetBegin=565 CharacterOffsetEnd=569 PartOfSpeech=JJ] [Text=it CharacterOffsetBegin=570 CharacterOffsetEnd=572 PartOfSpeech=PRP] [Text=was CharacterOffsetBegin=573 CharacterOffsetEnd=576 PartOfSpeech=VBD] [Text=pretty CharacterOffsetBegin=577 CharacterOffsetEnd=583 PartOfSpeech=RB] [Text=decent CharacterOffsetBegin=584 CharacterOffsetEnd=590 PartOfSpeech=JJ] [Text=. CharacterOffsetBegin=590 CharacterOffsetEnd=591 PartOfSpeech=.] 
root(ROOT-0, Occasionally-1)
det(touch-3, a-2)
dep(Occasionally-1, touch-3)
dep(touch-3, overdone-4)
cc(overdone-4, but-5)
conj(overdone-4, in-6)
det(way-9, a-7)
amod(way-9, good-8)
pobj(in-6, way-9)
cc(touch-3, and-10)
conj(touch-3, worth-11)
det(watch-13, a-12)
dep(worth-11, watch-13)
advmod(for-15, just-14)
prep(watch-13, for-15)
pcomp(for-15, that.Acting-16)
dep(decent-21, wise-17)
nsubj(decent-21, it-18)
cop(decent-21, was-19)
advmod(decent-21, pretty-20)
dep(that.Acting-16, decent-21)
punct(Occasionally-1, .-22)

Sentence #6 (24 tokens):
Most of the actors are pretty good but you can tell they aren't taking it seriously based on comparisons with other performances.
[Text=Most CharacterOffsetBegin=596 CharacterOffsetEnd=600 PartOfSpeech=JJS] [Text=of CharacterOffsetBegin=601 CharacterOffsetEnd=603 PartOfSpeech=IN] [Text=the CharacterOffsetBegin=604 CharacterOffsetEnd=607 PartOfSpeech=DT] [Text=actors CharacterOffsetBegin=608 CharacterOffsetEnd=614 PartOfSpeech=NNS] [Text=are CharacterOffsetBegin=615 CharacterOffsetEnd=618 PartOfSpeech=VBP] [Text=pretty CharacterOffsetBegin=619 CharacterOffsetEnd=625 PartOfSpeech=RB] [Text=good CharacterOffsetBegin=626 CharacterOffsetEnd=630 PartOfSpeech=JJ] [Text=but CharacterOffsetBegin=631 CharacterOffsetEnd=634 PartOfSpeech=CC] [Text=you CharacterOffsetBegin=635 CharacterOffsetEnd=638 PartOfSpeech=PRP] [Text=can CharacterOffsetBegin=639 CharacterOffsetEnd=642 PartOfSpeech=MD] [Text=tell CharacterOffsetBegin=643 CharacterOffsetEnd=647 PartOfSpeech=VB] [Text=they CharacterOffsetBegin=648 CharacterOffsetEnd=652 PartOfSpeech=PRP] [Text=are CharacterOffsetBegin=653 CharacterOffsetEnd=656 PartOfSpeech=VBP] [Text=n't CharacterOffsetBegin=656 CharacterOffsetEnd=659 PartOfSpeech=RB] [Text=taking CharacterOffsetBegin=660 CharacterOffsetEnd=666 PartOfSpeech=VBG] [Text=it CharacterOffsetBegin=667 CharacterOffsetEnd=669 PartOfSpeech=PRP] [Text=seriously CharacterOffsetBegin=670 CharacterOffsetEnd=679 PartOfSpeech=RB] [Text=based CharacterOffsetBegin=680 CharacterOffsetEnd=685 PartOfSpeech=VBN] [Text=on CharacterOffsetBegin=686 CharacterOffsetEnd=688 PartOfSpeech=IN] [Text=comparisons CharacterOffsetBegin=689 CharacterOffsetEnd=700 PartOfSpeech=NNS] [Text=with CharacterOffsetBegin=701 CharacterOffsetEnd=705 PartOfSpeech=IN] [Text=other CharacterOffsetBegin=706 CharacterOffsetEnd=711 PartOfSpeech=JJ] [Text=performances CharacterOffsetBegin=712 CharacterOffsetEnd=724 PartOfSpeech=NNS] [Text=. CharacterOffsetBegin=724 CharacterOffsetEnd=725 PartOfSpeech=.] 
root(ROOT-0, good-7)
nsubj(good-7, Most-1)
prep(Most-1, of-2)
det(actors-4, the-3)
pobj(of-2, actors-4)
cop(good-7, are-5)
advmod(good-7, pretty-6)
cc(good-7, but-8)
nsubj(tell-11, you-9)
aux(tell-11, can-10)
conj(good-7, tell-11)
nsubj(taking-15, they-12)
aux(taking-15, are-13)
neg(taking-15, n't-14)
ccomp(tell-11, taking-15)
dobj(taking-15, it-16)
advmod(taking-15, seriously-17)
prep(taking-15, based-18)
pcomp(based-18, on-19)
pobj(on-19, comparisons-20)
prep(comparisons-20, with-21)
amod(performances-23, other-22)
pobj(with-21, performances-23)
punct(good-7, .-24)

Sentence #7 (47 tokens):
But the lighter mood this gives to the film actually helps.While I think sticking a little bit closer to the story of the game might have made for a slightly better film the changes made are pretty practical and not big enough to make a difference.
[Text=But CharacterOffsetBegin=730 CharacterOffsetEnd=733 PartOfSpeech=CC] [Text=the CharacterOffsetBegin=734 CharacterOffsetEnd=737 PartOfSpeech=DT] [Text=lighter CharacterOffsetBegin=738 CharacterOffsetEnd=745 PartOfSpeech=JJR] [Text=mood CharacterOffsetBegin=746 CharacterOffsetEnd=750 PartOfSpeech=NN] [Text=this CharacterOffsetBegin=751 CharacterOffsetEnd=755 PartOfSpeech=DT] [Text=gives CharacterOffsetBegin=756 CharacterOffsetEnd=761 PartOfSpeech=VBZ] [Text=to CharacterOffsetBegin=762 CharacterOffsetEnd=764 PartOfSpeech=TO] [Text=the CharacterOffsetBegin=765 CharacterOffsetEnd=768 PartOfSpeech=DT] [Text=film CharacterOffsetBegin=769 CharacterOffsetEnd=773 PartOfSpeech=NN] [Text=actually CharacterOffsetBegin=774 CharacterOffsetEnd=782 PartOfSpeech=RB] [Text=helps.While CharacterOffsetBegin=783 CharacterOffsetEnd=794 PartOfSpeech=JJ] [Text=I CharacterOffsetBegin=795 CharacterOffsetEnd=796 PartOfSpeech=PRP] [Text=think CharacterOffsetBegin=797 CharacterOffsetEnd=802 PartOfSpeech=VBP] [Text=sticking CharacterOffsetBegin=803 CharacterOffsetEnd=811 PartOfSpeech=VBG] [Text=a CharacterOffsetBegin=812 CharacterOffsetEnd=813 PartOfSpeech=DT] [Text=little CharacterOffsetBegin=814 CharacterOffsetEnd=820 PartOfSpeech=JJ] [Text=bit CharacterOffsetBegin=821 CharacterOffsetEnd=824 PartOfSpeech=NN] [Text=closer CharacterOffsetBegin=825 CharacterOffsetEnd=831 PartOfSpeech=RBR] [Text=to CharacterOffsetBegin=832 CharacterOffsetEnd=834 PartOfSpeech=TO] [Text=the CharacterOffsetBegin=835 CharacterOffsetEnd=838 PartOfSpeech=DT] [Text=story CharacterOffsetBegin=839 CharacterOffsetEnd=844 PartOfSpeech=NN] [Text=of CharacterOffsetBegin=845 CharacterOffsetEnd=847 PartOfSpeech=IN] [Text=the CharacterOffsetBegin=848 CharacterOffsetEnd=851 PartOfSpeech=DT] [Text=game CharacterOffsetBegin=852 CharacterOffsetEnd=856 PartOfSpeech=NN] [Text=might CharacterOffsetBegin=857 CharacterOffsetEnd=862 PartOfSpeech=MD] [Text=have CharacterOffsetBegin=863 CharacterOffsetEnd=867 PartOfSpeech=VB] [Text=made CharacterOffsetBegin=868 CharacterOffsetEnd=872 PartOfSpeech=VBN] [Text=for CharacterOffsetBegin=873 CharacterOffsetEnd=876 PartOfSpeech=IN] [Text=a CharacterOffsetBegin=877 CharacterOffsetEnd=878 PartOfSpeech=DT] [Text=slightly CharacterOffsetBegin=879 CharacterOffsetEnd=887 PartOfSpeech=RB] [Text=better CharacterOffsetBegin=888 CharacterOffsetEnd=894 PartOfSpeech=JJR] [Text=film CharacterOffsetBegin=895 CharacterOffsetEnd=899 PartOfSpeech=NN] [Text=the CharacterOffsetBegin=900 CharacterOffsetEnd=903 PartOfSpeech=DT] [Text=changes CharacterOffsetBegin=904 CharacterOffsetEnd=911 PartOfSpeech=NNS] [Text=made CharacterOffsetBegin=912 CharacterOffsetEnd=916 PartOfSpeech=VBN] [Text=are CharacterOffsetBegin=917 CharacterOffsetEnd=920 PartOfSpeech=VBP] [Text=pretty CharacterOffsetBegin=921 CharacterOffsetEnd=927 PartOfSpeech=RB] [Text=practical CharacterOffsetBegin=928 CharacterOffsetEnd=937 PartOfSpeech=JJ] [Text=and CharacterOffsetBegin=938 CharacterOffsetEnd=941 PartOfSpeech=CC] [Text=not CharacterOffsetBegin=942 CharacterOffsetEnd=945 PartOfSpeech=RB] [Text=big CharacterOffsetBegin=946 CharacterOffsetEnd=949 PartOfSpeech=JJ] [Text=enough CharacterOffsetBegin=950 CharacterOffsetEnd=956 PartOfSpeech=RB] [Text=to CharacterOffsetBegin=957 CharacterOffsetEnd=959 PartOfSpeech=TO] [Text=make CharacterOffsetBegin=960 CharacterOffsetEnd=964 PartOfSpeech=VB] [Text=a CharacterOffsetBegin=965 CharacterOffsetEnd=966 PartOfSpeech=DT] [Text=difference CharacterOffsetBegin=967 CharacterOffsetEnd=977 PartOfSpeech=NN] [Text=. CharacterOffsetBegin=977 CharacterOffsetEnd=978 PartOfSpeech=.] 
root(ROOT-0, But-1)
det(mood-4, the-2)
amod(mood-4, lighter-3)
dep(But-1, mood-4)
nsubj(gives-6, this-5)
rcmod(mood-4, gives-6)
prep(gives-6, to-7)
det(film-9, the-8)
pobj(to-7, film-9)
advmod(helps.While-11, actually-10)
dobj(gives-6, helps.While-11)
nsubj(think-13, I-12)
rcmod(helps.While-11, think-13)
csubj(made-27, sticking-14)
det(bit-17, a-15)
amod(bit-17, little-16)
dobj(sticking-14, bit-17)
amod(bit-17, closer-18)
prep(closer-18, to-19)
det(story-21, the-20)
pobj(to-19, story-21)
prep(story-21, of-22)
det(game-24, the-23)
pobj(of-22, game-24)
aux(made-27, might-25)
aux(made-27, have-26)
ccomp(think-13, made-27)
prep(made-27, for-28)
det(film-32, a-29)
advmod(better-31, slightly-30)
amod(film-32, better-31)
pobj(for-28, film-32)
det(changes-34, the-33)
nsubj(practical-38, changes-34)
partmod(changes-34, made-35)
cop(practical-38, are-36)
advmod(practical-38, pretty-37)
rcmod(film-32, practical-38)
cc(practical-38, and-39)
neg(big-41, not-40)
conj(practical-38, big-41)
advmod(big-41, enough-42)
aux(make-44, to-43)
dep(enough-42, make-44)
det(difference-46, a-45)
dobj(make-44, difference-46)
punct(But-1, .-47)

Sentence #8 (18 tokens):
Especially given the plot of the game was hardly Oscar winning just a vehicle for FPS carnage.
[Text=Especially CharacterOffsetBegin=983 CharacterOffsetEnd=993 PartOfSpeech=RB] [Text=given CharacterOffsetBegin=994 CharacterOffsetEnd=999 PartOfSpeech=VBN] [Text=the CharacterOffsetBegin=1000 CharacterOffsetEnd=1003 PartOfSpeech=DT] [Text=plot CharacterOffsetBegin=1004 CharacterOffsetEnd=1008 PartOfSpeech=NN] [Text=of CharacterOffsetBegin=1009 CharacterOffsetEnd=1011 PartOfSpeech=IN] [Text=the CharacterOffsetBegin=1012 CharacterOffsetEnd=1015 PartOfSpeech=DT] [Text=game CharacterOffsetBegin=1016 CharacterOffsetEnd=1020 PartOfSpeech=NN] [Text=was CharacterOffsetBegin=1021 CharacterOffsetEnd=1024 PartOfSpeech=VBD] [Text=hardly CharacterOffsetBegin=1025 CharacterOffsetEnd=1031 PartOfSpeech=RB] [Text=Oscar CharacterOffsetBegin=1032 CharacterOffsetEnd=1037 PartOfSpeech=NNP] [Text=winning CharacterOffsetBegin=1038 CharacterOffsetEnd=1045 PartOfSpeech=VBG] [Text=just CharacterOffsetBegin=1046 CharacterOffsetEnd=1050 PartOfSpeech=RB] [Text=a CharacterOffsetBegin=1051 CharacterOffsetEnd=1052 PartOfSpeech=DT] [Text=vehicle CharacterOffsetBegin=1053 CharacterOffsetEnd=1060 PartOfSpeech=NN] [Text=for CharacterOffsetBegin=1061 CharacterOffsetEnd=1064 PartOfSpeech=IN] [Text=FPS CharacterOffsetBegin=1065 CharacterOffsetEnd=1068 PartOfSpeech=NN] [Text=carnage CharacterOffsetBegin=1069 CharacterOffsetEnd=1076 PartOfSpeech=NN] [Text=. CharacterOffsetBegin=1076 CharacterOffsetEnd=1077 PartOfSpeech=.] 
root(ROOT-0, given-2)
advmod(given-2, Especially-1)
det(plot-4, the-3)
nsubj(Oscar-10, plot-4)
prep(plot-4, of-5)
det(game-7, the-6)
pobj(of-5, game-7)
cop(Oscar-10, was-8)
advmod(Oscar-10, hardly-9)
dep(given-2, Oscar-10)
partmod(Oscar-10, winning-11)
advmod(vehicle-14, just-12)
det(vehicle-14, a-13)
dobj(winning-11, vehicle-14)
prep(winning-11, for-15)
nn(carnage-17, FPS-16)
pobj(for-15, carnage-17)
punct(given-2, .-18)

Sentence #9 (60 tokens):
Would have liked it set in the Jungle as that was a pretty integral part of the game but Canada doesn't have a great deal of Jungle and it is at least set in a kind of rainforest.Why Boll feels the need to change already professionally scripted and directed game plots I don't know but he does.
[Text=Would CharacterOffsetBegin=1082 CharacterOffsetEnd=1087 PartOfSpeech=MD] [Text=have CharacterOffsetBegin=1088 CharacterOffsetEnd=1092 PartOfSpeech=VB] [Text=liked CharacterOffsetBegin=1093 CharacterOffsetEnd=1098 PartOfSpeech=VBN] [Text=it CharacterOffsetBegin=1099 CharacterOffsetEnd=1101 PartOfSpeech=PRP] [Text=set CharacterOffsetBegin=1102 CharacterOffsetEnd=1105 PartOfSpeech=VBD] [Text=in CharacterOffsetBegin=1106 CharacterOffsetEnd=1108 PartOfSpeech=IN] [Text=the CharacterOffsetBegin=1109 CharacterOffsetEnd=1112 PartOfSpeech=DT] [Text=Jungle CharacterOffsetBegin=1113 CharacterOffsetEnd=1119 PartOfSpeech=NN] [Text=as CharacterOffsetBegin=1120 CharacterOffsetEnd=1122 PartOfSpeech=IN] [Text=that CharacterOffsetBegin=1123 CharacterOffsetEnd=1127 PartOfSpeech=DT] [Text=was CharacterOffsetBegin=1128 CharacterOffsetEnd=1131 PartOfSpeech=VBD] [Text=a CharacterOffsetBegin=1132 CharacterOffsetEnd=1133 PartOfSpeech=DT] [Text=pretty CharacterOffsetBegin=1134 CharacterOffsetEnd=1140 PartOfSpeech=RB] [Text=integral CharacterOffsetBegin=1141 CharacterOffsetEnd=1149 PartOfSpeech=JJ] [Text=part CharacterOffsetBegin=1150 CharacterOffsetEnd=1154 PartOfSpeech=NN] [Text=of CharacterOffsetBegin=1155 CharacterOffsetEnd=1157 PartOfSpeech=IN] [Text=the CharacterOffsetBegin=1158 CharacterOffsetEnd=1161 PartOfSpeech=DT] [Text=game CharacterOffsetBegin=1162 CharacterOffsetEnd=1166 PartOfSpeech=NN] [Text=but CharacterOffsetBegin=1167 CharacterOffsetEnd=1170 PartOfSpeech=CC] [Text=Canada CharacterOffsetBegin=1171 CharacterOffsetEnd=1177 PartOfSpeech=NNP] [Text=does CharacterOffsetBegin=1178 CharacterOffsetEnd=1182 PartOfSpeech=VBZ] [Text=n't CharacterOffsetBegin=1182 CharacterOffsetEnd=1185 PartOfSpeech=RB] [Text=have CharacterOffsetBegin=1186 CharacterOffsetEnd=1190 PartOfSpeech=VB] [Text=a CharacterOffsetBegin=1191 CharacterOffsetEnd=1192 PartOfSpeech=DT] [Text=great CharacterOffsetBegin=1193 CharacterOffsetEnd=1198 PartOfSpeech=JJ] [Text=deal CharacterOffsetBegin=1199 CharacterOffsetEnd=1203 PartOfSpeech=NN] [Text=of CharacterOffsetBegin=1204 CharacterOffsetEnd=1206 PartOfSpeech=IN] [Text=Jungle CharacterOffsetBegin=1207 CharacterOffsetEnd=1213 PartOfSpeech=NN] [Text=and CharacterOffsetBegin=1214 CharacterOffsetEnd=1217 PartOfSpeech=CC] [Text=it CharacterOffsetBegin=1218 CharacterOffsetEnd=1220 PartOfSpeech=PRP] [Text=is CharacterOffsetBegin=1221 CharacterOffsetEnd=1223 PartOfSpeech=VBZ] [Text=at CharacterOffsetBegin=1224 CharacterOffsetEnd=1226 PartOfSpeech=IN] [Text=least CharacterOffsetBegin=1227 CharacterOffsetEnd=1232 PartOfSpeech=JJS] [Text=set CharacterOffsetBegin=1233 CharacterOffsetEnd=1236 PartOfSpeech=VBN] [Text=in CharacterOffsetBegin=1237 CharacterOffsetEnd=1239 PartOfSpeech=IN] [Text=a CharacterOffsetBegin=1240 CharacterOffsetEnd=1241 PartOfSpeech=DT] [Text=kind CharacterOffsetBegin=1242 CharacterOffsetEnd=1246 PartOfSpeech=NN] [Text=of CharacterOffsetBegin=1247 CharacterOffsetEnd=1249 PartOfSpeech=IN] [Text=rainforest.Why CharacterOffsetBegin=1250 CharacterOffsetEnd=1264 PartOfSpeech=NNP] [Text=Boll CharacterOffsetBegin=1265 CharacterOffsetEnd=1269 PartOfSpeech=NNP] [Text=feels CharacterOffsetBegin=1270 CharacterOffsetEnd=1275 PartOfSpeech=VBZ] [Text=the CharacterOffsetBegin=1276 CharacterOffsetEnd=1279 PartOfSpeech=DT] [Text=need CharacterOffsetBegin=1280 CharacterOffsetEnd=1284 PartOfSpeech=NN] [Text=to CharacterOffsetBegin=1285 CharacterOffsetEnd=1287 PartOfSpeech=TO] [Text=change CharacterOffsetBegin=1288 CharacterOffsetEnd=1294 PartOfSpeech=VB] [Text=already CharacterOffsetBegin=1295 CharacterOffsetEnd=1302 PartOfSpeech=RB] [Text=professionally CharacterOffsetBegin=1303 CharacterOffsetEnd=1317 PartOfSpeech=RB] [Text=scripted CharacterOffsetBegin=1318 CharacterOffsetEnd=1326 PartOfSpeech=VBN] [Text=and CharacterOffsetBegin=1327 CharacterOffsetEnd=1330 PartOfSpeech=CC] [Text=directed CharacterOffsetBegin=1331 CharacterOffsetEnd=1339 PartOfSpeech=VBN] [Text=game CharacterOffsetBegin=1340 CharacterOffsetEnd=1344 PartOfSpeech=NN] [Text=plots CharacterOffsetBegin=1345 CharacterOffsetEnd=1350 PartOfSpeech=NNS] [Text=I CharacterOffsetBegin=1351 CharacterOffsetEnd=1352 PartOfSpeech=PRP] [Text=do CharacterOffsetBegin=1353 CharacterOffsetEnd=1355 PartOfSpeech=VBP] [Text=n't CharacterOffsetBegin=1355 CharacterOffsetEnd=1358 PartOfSpeech=RB] [Text=know CharacterOffsetBegin=1359 CharacterOffsetEnd=1363 PartOfSpeech=VB] [Text=but CharacterOffsetBegin=1364 CharacterOffsetEnd=1367 PartOfSpeech=CC] [Text=he CharacterOffsetBegin=1368 CharacterOffsetEnd=1370 PartOfSpeech=PRP] [Text=does CharacterOffsetBegin=1371 CharacterOffsetEnd=1375 PartOfSpeech=VBZ] [Text=. CharacterOffsetBegin=1375 CharacterOffsetEnd=1376 PartOfSpeech=.] 
root(ROOT-0, liked-3)
aux(liked-3, Would-1)
aux(liked-3, have-2)
nsubj(set-5, it-4)
ccomp(liked-3, set-5)
prep(set-5, in-6)
det(Jungle-8, the-7)
pobj(in-6, Jungle-8)
mark(part-15, as-9)
nsubj(part-15, that-10)
cop(part-15, was-11)
det(part-15, a-12)
advmod(integral-14, pretty-13)
amod(part-15, integral-14)
advcl(set-5, part-15)
prep(part-15, of-16)
det(game-18, the-17)
pobj(of-16, game-18)
cc(part-15, but-19)
nsubj(have-23, Canada-20)
aux(have-23, does-21)
neg(have-23, n't-22)
conj(part-15, have-23)
det(deal-26, a-24)
amod(deal-26, great-25)
dobj(have-23, deal-26)
prep(deal-26, of-27)
pobj(of-27, Jungle-28)
cc(set-5, and-29)
nsubjpass(set-34, it-30)
auxpass(set-34, is-31)
advmod(set-34, at-32)
pobj(at-32, least-33)
conj(set-5, set-34)
prep(set-34, in-35)
det(kind-37, a-36)
pobj(in-35, kind-37)
prep(kind-37, of-38)
nn(Boll-40, rainforest.Why-39)
pobj(of-38, Boll-40)
dep(set-34, feels-41)
det(need-43, the-42)
dobj(feels-41, need-43)
aux(change-45, to-44)
infmod(need-43, change-45)
advmod(scripted-48, already-46)
advmod(scripted-48, professionally-47)
dep(change-45, scripted-48)
cc(scripted-48, and-49)
conj(scripted-48, directed-50)
nn(plots-52, game-51)
dobj(directed-50, plots-52)
nsubj(know-56, I-53)
aux(know-56, do-54)
neg(know-56, n't-55)
rcmod(plots-52, know-56)
cc(know-56, but-57)
nsubj(does-59, he-58)
conj(know-56, does-59)
punct(liked-3, .-60)

Sentence #10 (17 tokens):
And until he starts letting the source material speak through his adaptations will always be lacking.
[Text=And CharacterOffsetBegin=1381 CharacterOffsetEnd=1384 PartOfSpeech=CC] [Text=until CharacterOffsetBegin=1385 CharacterOffsetEnd=1390 PartOfSpeech=IN] [Text=he CharacterOffsetBegin=1391 CharacterOffsetEnd=1393 PartOfSpeech=PRP] [Text=starts CharacterOffsetBegin=1394 CharacterOffsetEnd=1400 PartOfSpeech=VBZ] [Text=letting CharacterOffsetBegin=1401 CharacterOffsetEnd=1408 PartOfSpeech=VBG] [Text=the CharacterOffsetBegin=1409 CharacterOffsetEnd=1412 PartOfSpeech=DT] [Text=source CharacterOffsetBegin=1413 CharacterOffsetEnd=1419 PartOfSpeech=NN] [Text=material CharacterOffsetBegin=1420 CharacterOffsetEnd=1428 PartOfSpeech=NN] [Text=speak CharacterOffsetBegin=1429 CharacterOffsetEnd=1434 PartOfSpeech=VBP] [Text=through CharacterOffsetBegin=1435 CharacterOffsetEnd=1442 PartOfSpeech=IN] [Text=his CharacterOffsetBegin=1443 CharacterOffsetEnd=1446 PartOfSpeech=PRP$] [Text=adaptations CharacterOffsetBegin=1447 CharacterOffsetEnd=1458 PartOfSpeech=NNS] [Text=will CharacterOffsetBegin=1459 CharacterOffsetEnd=1463 PartOfSpeech=MD] [Text=always CharacterOffsetBegin=1464 CharacterOffsetEnd=1470 PartOfSpeech=RB] [Text=be CharacterOffsetBegin=1471 CharacterOffsetEnd=1473 PartOfSpeech=VB] [Text=lacking CharacterOffsetBegin=1474 CharacterOffsetEnd=1481 PartOfSpeech=VBG] [Text=. CharacterOffsetBegin=1481 CharacterOffsetEnd=1482 PartOfSpeech=.] 
root(ROOT-0, lacking-16)
cc(lacking-16, And-1)
mark(starts-4, until-2)
nsubj(starts-4, he-3)
advcl(lacking-16, starts-4)
xcomp(starts-4, letting-5)
det(source-7, the-6)
nsubj(material-8, source-7)
nsubj(speak-9, material-8)
ccomp(letting-5, speak-9)
prep(speak-9, through-10)
poss(adaptations-12, his-11)
pobj(through-10, adaptations-12)
aux(lacking-16, will-13)
advmod(lacking-16, always-14)
aux(lacking-16, be-15)
punct(lacking-16, .-17)

Sentence #11 (22 tokens):
Watch the film for a laugh its good for that and maybe for watching during a party as drinking party fodder.
[Text=Watch CharacterOffsetBegin=1487 CharacterOffsetEnd=1492 PartOfSpeech=VB] [Text=the CharacterOffsetBegin=1493 CharacterOffsetEnd=1496 PartOfSpeech=DT] [Text=film CharacterOffsetBegin=1497 CharacterOffsetEnd=1501 PartOfSpeech=NN] [Text=for CharacterOffsetBegin=1502 CharacterOffsetEnd=1505 PartOfSpeech=IN] [Text=a CharacterOffsetBegin=1506 CharacterOffsetEnd=1507 PartOfSpeech=DT] [Text=laugh CharacterOffsetBegin=1508 CharacterOffsetEnd=1513 PartOfSpeech=NN] [Text=its CharacterOffsetBegin=1514 CharacterOffsetEnd=1517 PartOfSpeech=PRP$] [Text=good CharacterOffsetBegin=1518 CharacterOffsetEnd=1522 PartOfSpeech=JJ] [Text=for CharacterOffsetBegin=1523 CharacterOffsetEnd=1526 PartOfSpeech=IN] [Text=that CharacterOffsetBegin=1527 CharacterOffsetEnd=1531 PartOfSpeech=DT] [Text=and CharacterOffsetBegin=1532 CharacterOffsetEnd=1535 PartOfSpeech=CC] [Text=maybe CharacterOffsetBegin=1536 CharacterOffsetEnd=1541 PartOfSpeech=RB] [Text=for CharacterOffsetBegin=1542 CharacterOffsetEnd=1545 PartOfSpeech=IN] [Text=watching CharacterOffsetBegin=1546 CharacterOffsetEnd=1554 PartOfSpeech=VBG] [Text=during CharacterOffsetBegin=1555 CharacterOffsetEnd=1561 PartOfSpeech=IN] [Text=a CharacterOffsetBegin=1562 CharacterOffsetEnd=1563 PartOfSpeech=DT] [Text=party CharacterOffsetBegin=1564 CharacterOffsetEnd=1569 PartOfSpeech=NN] [Text=as CharacterOffsetBegin=1570 CharacterOffsetEnd=1572 PartOfSpeech=IN] [Text=drinking CharacterOffsetBegin=1573 CharacterOffsetEnd=1581 PartOfSpeech=VBG] [Text=party CharacterOffsetBegin=1582 CharacterOffsetEnd=1587 PartOfSpeech=NN] [Text=fodder CharacterOffsetBegin=1588 CharacterOffsetEnd=1594 PartOfSpeech=NN] [Text=. CharacterOffsetBegin=1594 CharacterOffsetEnd=1595 PartOfSpeech=.] 
root(ROOT-0, Watch-1)
det(film-3, the-2)
dobj(Watch-1, film-3)
prep(Watch-1, for-4)
det(laugh-6, a-5)
pobj(for-4, laugh-6)
poss(good-8, its-7)
amod(laugh-6, good-8)
prep(good-8, for-9)
pobj(for-9, that-10)
cc(Watch-1, and-11)
conj(Watch-1, maybe-12)
prep(maybe-12, for-13)
pcomp(for-13, watching-14)
prep(watching-14, during-15)
det(party-17, a-16)
pobj(during-15, party-17)
prep(watching-14, as-18)
pcomp(as-18, drinking-19)
nn(fodder-21, party-20)
dobj(drinking-19, fodder-21)
punct(Watch-1, .-22)

