Sentence #1 (13 tokens):
Dr. Seuss would sure be mad right now if he was alive.
[Text=Dr. CharacterOffsetBegin=4 CharacterOffsetEnd=7 PartOfSpeech=NNP] [Text=Seuss CharacterOffsetBegin=8 CharacterOffsetEnd=13 PartOfSpeech=NNP] [Text=would CharacterOffsetBegin=14 CharacterOffsetEnd=19 PartOfSpeech=MD] [Text=sure CharacterOffsetBegin=20 CharacterOffsetEnd=24 PartOfSpeech=RB] [Text=be CharacterOffsetBegin=25 CharacterOffsetEnd=27 PartOfSpeech=VB] [Text=mad CharacterOffsetBegin=28 CharacterOffsetEnd=31 PartOfSpeech=JJ] [Text=right CharacterOffsetBegin=32 CharacterOffsetEnd=37 PartOfSpeech=RB] [Text=now CharacterOffsetBegin=38 CharacterOffsetEnd=41 PartOfSpeech=RB] [Text=if CharacterOffsetBegin=42 CharacterOffsetEnd=44 PartOfSpeech=IN] [Text=he CharacterOffsetBegin=45 CharacterOffsetEnd=47 PartOfSpeech=PRP] [Text=was CharacterOffsetBegin=48 CharacterOffsetEnd=51 PartOfSpeech=VBD] [Text=alive CharacterOffsetBegin=52 CharacterOffsetEnd=57 PartOfSpeech=JJ] [Text=. CharacterOffsetBegin=57 CharacterOffsetEnd=58 PartOfSpeech=.] 
root(ROOT-0, mad-6)
nn(Seuss-2, Dr.-1)
nsubj(mad-6, Seuss-2)
aux(mad-6, would-3)
advmod(mad-6, sure-4)
cop(mad-6, be-5)
advmod(now-8, right-7)
advmod(mad-6, now-8)
mark(alive-12, if-9)
nsubj(alive-12, he-10)
cop(alive-12, was-11)
advcl(mad-6, alive-12)
punct(mad-6, .-13)

Sentence #2 (25 tokens):
Cat in the Hat proves to show how movie productions can take a classic story and turn it into a mindless pile of goop.
[Text=Cat CharacterOffsetBegin=63 CharacterOffsetEnd=66 PartOfSpeech=NN] [Text=in CharacterOffsetBegin=67 CharacterOffsetEnd=69 PartOfSpeech=IN] [Text=the CharacterOffsetBegin=70 CharacterOffsetEnd=73 PartOfSpeech=DT] [Text=Hat CharacterOffsetBegin=74 CharacterOffsetEnd=77 PartOfSpeech=NN] [Text=proves CharacterOffsetBegin=78 CharacterOffsetEnd=84 PartOfSpeech=VBZ] [Text=to CharacterOffsetBegin=85 CharacterOffsetEnd=87 PartOfSpeech=TO] [Text=show CharacterOffsetBegin=88 CharacterOffsetEnd=92 PartOfSpeech=VB] [Text=how CharacterOffsetBegin=93 CharacterOffsetEnd=96 PartOfSpeech=WRB] [Text=movie CharacterOffsetBegin=97 CharacterOffsetEnd=102 PartOfSpeech=NN] [Text=productions CharacterOffsetBegin=103 CharacterOffsetEnd=114 PartOfSpeech=NNS] [Text=can CharacterOffsetBegin=115 CharacterOffsetEnd=118 PartOfSpeech=MD] [Text=take CharacterOffsetBegin=119 CharacterOffsetEnd=123 PartOfSpeech=VB] [Text=a CharacterOffsetBegin=124 CharacterOffsetEnd=125 PartOfSpeech=DT] [Text=classic CharacterOffsetBegin=126 CharacterOffsetEnd=133 PartOfSpeech=JJ] [Text=story CharacterOffsetBegin=134 CharacterOffsetEnd=139 PartOfSpeech=NN] [Text=and CharacterOffsetBegin=140 CharacterOffsetEnd=143 PartOfSpeech=CC] [Text=turn CharacterOffsetBegin=144 CharacterOffsetEnd=148 PartOfSpeech=VB] [Text=it CharacterOffsetBegin=149 CharacterOffsetEnd=151 PartOfSpeech=PRP] [Text=into CharacterOffsetBegin=152 CharacterOffsetEnd=156 PartOfSpeech=IN] [Text=a CharacterOffsetBegin=157 CharacterOffsetEnd=158 PartOfSpeech=DT] [Text=mindless CharacterOffsetBegin=159 CharacterOffsetEnd=167 PartOfSpeech=JJ] [Text=pile CharacterOffsetBegin=168 CharacterOffsetEnd=172 PartOfSpeech=NN] [Text=of CharacterOffsetBegin=173 CharacterOffsetEnd=175 PartOfSpeech=IN] [Text=goop CharacterOffsetBegin=176 CharacterOffsetEnd=180 PartOfSpeech=NN] [Text=. CharacterOffsetBegin=180 CharacterOffsetEnd=181 PartOfSpeech=.] 
root(ROOT-0, proves-5)
nsubj(proves-5, Cat-1)
prep(Cat-1, in-2)
det(Hat-4, the-3)
pobj(in-2, Hat-4)
aux(show-7, to-6)
xcomp(proves-5, show-7)
advmod(take-12, how-8)
nn(productions-10, movie-9)
nsubj(take-12, productions-10)
aux(take-12, can-11)
ccomp(show-7, take-12)
det(story-15, a-13)
amod(story-15, classic-14)
dobj(take-12, story-15)
cc(take-12, and-16)
conj(take-12, turn-17)
dobj(turn-17, it-18)
prep(turn-17, into-19)
det(pile-22, a-20)
amod(pile-22, mindless-21)
pobj(into-19, pile-22)
prep(pile-22, of-23)
pobj(of-23, goop-24)
punct(proves-5, .-25)

Sentence #3 (15 tokens):
We have Mike Myers as the infamous Cat in the Hat, big mistake!
[Text=We CharacterOffsetBegin=186 CharacterOffsetEnd=188 PartOfSpeech=PRP] [Text=have CharacterOffsetBegin=189 CharacterOffsetEnd=193 PartOfSpeech=VBP] [Text=Mike CharacterOffsetBegin=194 CharacterOffsetEnd=198 PartOfSpeech=NNP] [Text=Myers CharacterOffsetBegin=199 CharacterOffsetEnd=204 PartOfSpeech=NNP] [Text=as CharacterOffsetBegin=205 CharacterOffsetEnd=207 PartOfSpeech=IN] [Text=the CharacterOffsetBegin=208 CharacterOffsetEnd=211 PartOfSpeech=DT] [Text=infamous CharacterOffsetBegin=212 CharacterOffsetEnd=220 PartOfSpeech=JJ] [Text=Cat CharacterOffsetBegin=221 CharacterOffsetEnd=224 PartOfSpeech=NN] [Text=in CharacterOffsetBegin=225 CharacterOffsetEnd=227 PartOfSpeech=IN] [Text=the CharacterOffsetBegin=228 CharacterOffsetEnd=231 PartOfSpeech=DT] [Text=Hat CharacterOffsetBegin=232 CharacterOffsetEnd=235 PartOfSpeech=NN] [Text=, CharacterOffsetBegin=235 CharacterOffsetEnd=236 PartOfSpeech=,] [Text=big CharacterOffsetBegin=237 CharacterOffsetEnd=240 PartOfSpeech=JJ] [Text=mistake CharacterOffsetBegin=241 CharacterOffsetEnd=248 PartOfSpeech=NN] [Text=! CharacterOffsetBegin=248 CharacterOffsetEnd=249 PartOfSpeech=.] 
root(ROOT-0, have-2)
nsubj(have-2, We-1)
nn(Myers-4, Mike-3)
dobj(have-2, Myers-4)
prep(have-2, as-5)
det(Cat-8, the-6)
amod(Cat-8, infamous-7)
pobj(as-5, Cat-8)
prep(Cat-8, in-9)
det(Hat-11, the-10)
pobj(in-9, Hat-11)
punct(have-2, ,-12)
amod(mistake-14, big-13)
dobj(have-2, mistake-14)
punct(have-2, !-15)

Sentence #4 (10 tokens):
Myers proves he can't act in this film.
[Text=Myers CharacterOffsetBegin=254 CharacterOffsetEnd=259 PartOfSpeech=NNP] [Text=proves CharacterOffsetBegin=260 CharacterOffsetEnd=266 PartOfSpeech=VBZ] [Text=he CharacterOffsetBegin=267 CharacterOffsetEnd=269 PartOfSpeech=PRP] [Text=ca CharacterOffsetBegin=270 CharacterOffsetEnd=272 PartOfSpeech=MD] [Text=n't CharacterOffsetBegin=272 CharacterOffsetEnd=275 PartOfSpeech=RB] [Text=act CharacterOffsetBegin=276 CharacterOffsetEnd=279 PartOfSpeech=VB] [Text=in CharacterOffsetBegin=280 CharacterOffsetEnd=282 PartOfSpeech=IN] [Text=this CharacterOffsetBegin=283 CharacterOffsetEnd=287 PartOfSpeech=DT] [Text=film CharacterOffsetBegin=288 CharacterOffsetEnd=292 PartOfSpeech=NN] [Text=. CharacterOffsetBegin=292 CharacterOffsetEnd=293 PartOfSpeech=.] 
root(ROOT-0, proves-2)
nsubj(proves-2, Myers-1)
nsubj(act-6, he-3)
aux(act-6, ca-4)
neg(act-6, n't-5)
ccomp(proves-2, act-6)
prep(act-6, in-7)
det(film-9, this-8)
pobj(in-7, film-9)
punct(proves-2, .-10)

Sentence #5 (15 tokens):
He acts like a prissy show girl with a thousand tricks up his sleeve.
[Text=He CharacterOffsetBegin=298 CharacterOffsetEnd=300 PartOfSpeech=PRP] [Text=acts CharacterOffsetBegin=301 CharacterOffsetEnd=305 PartOfSpeech=VBZ] [Text=like CharacterOffsetBegin=306 CharacterOffsetEnd=310 PartOfSpeech=IN] [Text=a CharacterOffsetBegin=311 CharacterOffsetEnd=312 PartOfSpeech=DT] [Text=prissy CharacterOffsetBegin=313 CharacterOffsetEnd=319 PartOfSpeech=JJ] [Text=show CharacterOffsetBegin=320 CharacterOffsetEnd=324 PartOfSpeech=NN] [Text=girl CharacterOffsetBegin=325 CharacterOffsetEnd=329 PartOfSpeech=NN] [Text=with CharacterOffsetBegin=330 CharacterOffsetEnd=334 PartOfSpeech=IN] [Text=a CharacterOffsetBegin=335 CharacterOffsetEnd=336 PartOfSpeech=DT] [Text=thousand CharacterOffsetBegin=337 CharacterOffsetEnd=345 PartOfSpeech=CD] [Text=tricks CharacterOffsetBegin=346 CharacterOffsetEnd=352 PartOfSpeech=NNS] [Text=up CharacterOffsetBegin=353 CharacterOffsetEnd=355 PartOfSpeech=IN] [Text=his CharacterOffsetBegin=356 CharacterOffsetEnd=359 PartOfSpeech=PRP$] [Text=sleeve CharacterOffsetBegin=360 CharacterOffsetEnd=366 PartOfSpeech=NN] [Text=. CharacterOffsetBegin=366 CharacterOffsetEnd=367 PartOfSpeech=.] 
root(ROOT-0, acts-2)
nsubj(acts-2, He-1)
prep(acts-2, like-3)
det(show-6, a-4)
amod(show-6, prissy-5)
pobj(like-3, show-6)
partmod(show-6, girl-7)
prep(girl-7, with-8)
quantmod(thousand-10, a-9)
num(tricks-11, thousand-10)
pobj(with-8, tricks-11)
prep(tricks-11, up-12)
poss(sleeve-14, his-13)
pobj(up-12, sleeve-14)
punct(acts-2, .-15)

Sentence #6 (19 tokens):
The kids in this movie are all right, somewhere in between the lines of dull and annoying.
[Text=The CharacterOffsetBegin=372 CharacterOffsetEnd=375 PartOfSpeech=DT] [Text=kids CharacterOffsetBegin=376 CharacterOffsetEnd=380 PartOfSpeech=NNS] [Text=in CharacterOffsetBegin=381 CharacterOffsetEnd=383 PartOfSpeech=IN] [Text=this CharacterOffsetBegin=384 CharacterOffsetEnd=388 PartOfSpeech=DT] [Text=movie CharacterOffsetBegin=389 CharacterOffsetEnd=394 PartOfSpeech=NN] [Text=are CharacterOffsetBegin=395 CharacterOffsetEnd=398 PartOfSpeech=VBP] [Text=all CharacterOffsetBegin=399 CharacterOffsetEnd=402 PartOfSpeech=RB] [Text=right CharacterOffsetBegin=403 CharacterOffsetEnd=408 PartOfSpeech=RB] [Text=, CharacterOffsetBegin=408 CharacterOffsetEnd=409 PartOfSpeech=,] [Text=somewhere CharacterOffsetBegin=410 CharacterOffsetEnd=419 PartOfSpeech=RB] [Text=in CharacterOffsetBegin=420 CharacterOffsetEnd=422 PartOfSpeech=IN] [Text=between CharacterOffsetBegin=423 CharacterOffsetEnd=430 PartOfSpeech=IN] [Text=the CharacterOffsetBegin=431 CharacterOffsetEnd=434 PartOfSpeech=DT] [Text=lines CharacterOffsetBegin=435 CharacterOffsetEnd=440 PartOfSpeech=NNS] [Text=of CharacterOffsetBegin=441 CharacterOffsetEnd=443 PartOfSpeech=IN] [Text=dull CharacterOffsetBegin=444 CharacterOffsetEnd=448 PartOfSpeech=JJ] [Text=and CharacterOffsetBegin=449 CharacterOffsetEnd=452 PartOfSpeech=CC] [Text=annoying CharacterOffsetBegin=453 CharacterOffsetEnd=461 PartOfSpeech=JJ] [Text=. CharacterOffsetBegin=461 CharacterOffsetEnd=462 PartOfSpeech=.] 
root(ROOT-0, right-8)
det(kids-2, The-1)
nsubj(right-8, kids-2)
prep(kids-2, in-3)
det(movie-5, this-4)
pobj(in-3, movie-5)
cop(right-8, are-6)
advmod(right-8, all-7)
punct(right-8, ,-9)
advmod(in-11, somewhere-10)
prep(right-8, in-11)
pcomp(in-11, between-12)
det(lines-14, the-13)
pobj(between-12, lines-14)
prep(lines-14, of-15)
pobj(of-15, dull-16)
cc(dull-16, and-17)
conj(dull-16, annoying-18)
punct(right-8, .-19)

Sentence #7 (28 tokens):
The story is just like the original with a couple of tweaks and like most movies based on other stories, never tweak with the original story!
[Text=The CharacterOffsetBegin=467 CharacterOffsetEnd=470 PartOfSpeech=DT] [Text=story CharacterOffsetBegin=471 CharacterOffsetEnd=476 PartOfSpeech=NN] [Text=is CharacterOffsetBegin=477 CharacterOffsetEnd=479 PartOfSpeech=VBZ] [Text=just CharacterOffsetBegin=480 CharacterOffsetEnd=484 PartOfSpeech=RB] [Text=like CharacterOffsetBegin=485 CharacterOffsetEnd=489 PartOfSpeech=IN] [Text=the CharacterOffsetBegin=490 CharacterOffsetEnd=493 PartOfSpeech=DT] [Text=original CharacterOffsetBegin=494 CharacterOffsetEnd=502 PartOfSpeech=JJ] [Text=with CharacterOffsetBegin=503 CharacterOffsetEnd=507 PartOfSpeech=IN] [Text=a CharacterOffsetBegin=508 CharacterOffsetEnd=509 PartOfSpeech=DT] [Text=couple CharacterOffsetBegin=510 CharacterOffsetEnd=516 PartOfSpeech=NN] [Text=of CharacterOffsetBegin=517 CharacterOffsetEnd=519 PartOfSpeech=IN] [Text=tweaks CharacterOffsetBegin=520 CharacterOffsetEnd=526 PartOfSpeech=NNS] [Text=and CharacterOffsetBegin=527 CharacterOffsetEnd=530 PartOfSpeech=CC] [Text=like CharacterOffsetBegin=531 CharacterOffsetEnd=535 PartOfSpeech=IN] [Text=most CharacterOffsetBegin=536 CharacterOffsetEnd=540 PartOfSpeech=JJS] [Text=movies CharacterOffsetBegin=541 CharacterOffsetEnd=547 PartOfSpeech=NNS] [Text=based CharacterOffsetBegin=548 CharacterOffsetEnd=553 PartOfSpeech=VBN] [Text=on CharacterOffsetBegin=554 CharacterOffsetEnd=556 PartOfSpeech=IN] [Text=other CharacterOffsetBegin=557 CharacterOffsetEnd=562 PartOfSpeech=JJ] [Text=stories CharacterOffsetBegin=563 CharacterOffsetEnd=570 PartOfSpeech=NNS] [Text=, CharacterOffsetBegin=570 CharacterOffsetEnd=571 PartOfSpeech=,] [Text=never CharacterOffsetBegin=572 CharacterOffsetEnd=577 PartOfSpeech=RB] [Text=tweak CharacterOffsetBegin=578 CharacterOffsetEnd=583 PartOfSpeech=VB] [Text=with CharacterOffsetBegin=584 CharacterOffsetEnd=588 PartOfSpeech=IN] [Text=the CharacterOffsetBegin=589 CharacterOffsetEnd=592 PartOfSpeech=DT] [Text=original CharacterOffsetBegin=593 CharacterOffsetEnd=601 PartOfSpeech=JJ] [Text=story CharacterOffsetBegin=602 CharacterOffsetEnd=607 PartOfSpeech=NN] [Text=! CharacterOffsetBegin=607 CharacterOffsetEnd=608 PartOfSpeech=.] 
root(ROOT-0, is-3)
det(story-2, The-1)
nsubj(is-3, story-2)
advmod(like-5, just-4)
prep(is-3, like-5)
det(original-7, the-6)
pobj(like-5, original-7)
prep(is-3, with-8)
det(couple-10, a-9)
pobj(with-8, couple-10)
prep(couple-10, of-11)
pobj(of-11, tweaks-12)
cc(couple-10, and-13)
conj(couple-10, like-14)
amod(movies-16, most-15)
pobj(like-14, movies-16)
partmod(movies-16, based-17)
prep(based-17, on-18)
amod(stories-20, other-19)
pobj(on-18, stories-20)
punct(is-3, ,-21)
neg(tweak-23, never-22)
ccomp(is-3, tweak-23)
prep(tweak-23, with-24)
det(story-27, the-25)
amod(story-27, original-26)
pobj(with-24, story-27)
punct(is-3, !-28)

Sentence #8 (11 tokens):
Bringing in the evil neighbor Quin was a bad idea.
[Text=Bringing CharacterOffsetBegin=613 CharacterOffsetEnd=621 PartOfSpeech=VBG] [Text=in CharacterOffsetBegin=622 CharacterOffsetEnd=624 PartOfSpeech=IN] [Text=the CharacterOffsetBegin=625 CharacterOffsetEnd=628 PartOfSpeech=DT] [Text=evil CharacterOffsetBegin=629 CharacterOffsetEnd=633 PartOfSpeech=JJ] [Text=neighbor CharacterOffsetBegin=634 CharacterOffsetEnd=642 PartOfSpeech=NN] [Text=Quin CharacterOffsetBegin=643 CharacterOffsetEnd=647 PartOfSpeech=NNP] [Text=was CharacterOffsetBegin=648 CharacterOffsetEnd=651 PartOfSpeech=VBD] [Text=a CharacterOffsetBegin=652 CharacterOffsetEnd=653 PartOfSpeech=DT] [Text=bad CharacterOffsetBegin=654 CharacterOffsetEnd=657 PartOfSpeech=JJ] [Text=idea CharacterOffsetBegin=658 CharacterOffsetEnd=662 PartOfSpeech=NN] [Text=. CharacterOffsetBegin=662 CharacterOffsetEnd=663 PartOfSpeech=.] 
root(ROOT-0, idea-10)
nsubj(idea-10, Bringing-1)
prep(Bringing-1, in-2)
det(Quin-6, the-3)
amod(Quin-6, evil-4)
nn(Quin-6, neighbor-5)
pobj(in-2, Quin-6)
cop(idea-10, was-7)
det(idea-10, a-8)
amod(idea-10, bad-9)
punct(idea-10, .-11)

Sentence #9 (28 tokens):
He is a stupid villain that would never get anywhere in life.This movie is like a rejected comic strip from the newspaper if you think about it.
[Text=He CharacterOffsetBegin=668 CharacterOffsetEnd=670 PartOfSpeech=PRP] [Text=is CharacterOffsetBegin=671 CharacterOffsetEnd=673 PartOfSpeech=VBZ] [Text=a CharacterOffsetBegin=674 CharacterOffsetEnd=675 PartOfSpeech=DT] [Text=stupid CharacterOffsetBegin=676 CharacterOffsetEnd=682 PartOfSpeech=JJ] [Text=villain CharacterOffsetBegin=683 CharacterOffsetEnd=690 PartOfSpeech=NN] [Text=that CharacterOffsetBegin=691 CharacterOffsetEnd=695 PartOfSpeech=WDT] [Text=would CharacterOffsetBegin=696 CharacterOffsetEnd=701 PartOfSpeech=MD] [Text=never CharacterOffsetBegin=702 CharacterOffsetEnd=707 PartOfSpeech=RB] [Text=get CharacterOffsetBegin=708 CharacterOffsetEnd=711 PartOfSpeech=VB] [Text=anywhere CharacterOffsetBegin=712 CharacterOffsetEnd=720 PartOfSpeech=RB] [Text=in CharacterOffsetBegin=721 CharacterOffsetEnd=723 PartOfSpeech=IN] [Text=life.This CharacterOffsetBegin=724 CharacterOffsetEnd=733 PartOfSpeech=NNP] [Text=movie CharacterOffsetBegin=734 CharacterOffsetEnd=739 PartOfSpeech=NN] [Text=is CharacterOffsetBegin=740 CharacterOffsetEnd=742 PartOfSpeech=VBZ] [Text=like CharacterOffsetBegin=743 CharacterOffsetEnd=747 PartOfSpeech=IN] [Text=a CharacterOffsetBegin=748 CharacterOffsetEnd=749 PartOfSpeech=DT] [Text=rejected CharacterOffsetBegin=750 CharacterOffsetEnd=758 PartOfSpeech=VBN] [Text=comic CharacterOffsetBegin=759 CharacterOffsetEnd=764 PartOfSpeech=JJ] [Text=strip CharacterOffsetBegin=765 CharacterOffsetEnd=770 PartOfSpeech=NN] [Text=from CharacterOffsetBegin=771 CharacterOffsetEnd=775 PartOfSpeech=IN] [Text=the CharacterOffsetBegin=776 CharacterOffsetEnd=779 PartOfSpeech=DT] [Text=newspaper CharacterOffsetBegin=780 CharacterOffsetEnd=789 PartOfSpeech=NN] [Text=if CharacterOffsetBegin=790 CharacterOffsetEnd=792 PartOfSpeech=IN] [Text=you CharacterOffsetBegin=793 CharacterOffsetEnd=796 PartOfSpeech=PRP] [Text=think CharacterOffsetBegin=797 CharacterOffsetEnd=802 PartOfSpeech=VBP] [Text=about CharacterOffsetBegin=803 CharacterOffsetEnd=808 PartOfSpeech=IN] [Text=it CharacterOffsetBegin=809 CharacterOffsetEnd=811 PartOfSpeech=PRP] [Text=. CharacterOffsetBegin=811 CharacterOffsetEnd=812 PartOfSpeech=.] 
root(ROOT-0, villain-5)
nsubj(villain-5, He-1)
cop(villain-5, is-2)
det(villain-5, a-3)
amod(villain-5, stupid-4)
nsubj(get-9, that-6)
aux(get-9, would-7)
neg(get-9, never-8)
rcmod(villain-5, get-9)
advmod(get-9, anywhere-10)
prep(get-9, in-11)
nn(movie-13, life.This-12)
pobj(in-11, movie-13)
dep(villain-5, is-14)
prep(is-14, like-15)
det(strip-19, a-16)
amod(strip-19, rejected-17)
amod(strip-19, comic-18)
pobj(like-15, strip-19)
prep(strip-19, from-20)
det(newspaper-22, the-21)
pobj(from-20, newspaper-22)
mark(think-25, if-23)
nsubj(think-25, you-24)
advcl(is-14, think-25)
prep(think-25, about-26)
pobj(about-26, it-27)
punct(villain-5, .-28)

Sentence #10 (7 tokens):
The film sure does look tacky!
[Text=The CharacterOffsetBegin=817 CharacterOffsetEnd=820 PartOfSpeech=DT] [Text=film CharacterOffsetBegin=821 CharacterOffsetEnd=825 PartOfSpeech=NN] [Text=sure CharacterOffsetBegin=826 CharacterOffsetEnd=830 PartOfSpeech=RB] [Text=does CharacterOffsetBegin=831 CharacterOffsetEnd=835 PartOfSpeech=VBZ] [Text=look CharacterOffsetBegin=836 CharacterOffsetEnd=840 PartOfSpeech=VB] [Text=tacky CharacterOffsetBegin=841 CharacterOffsetEnd=846 PartOfSpeech=JJ] [Text=! CharacterOffsetBegin=846 CharacterOffsetEnd=847 PartOfSpeech=.] 
root(ROOT-0, look-5)
det(film-2, The-1)
nsubj(look-5, film-2)
advmod(look-5, sure-3)
aux(look-5, does-4)
acomp(look-5, tacky-6)
punct(look-5, !-7)

Sentence #11 (30 tokens):
Sure there are a funny adult jokes like where the cat cuts of his tail and the censor goes off before he says a naughty word, mildly funny.
[Text=Sure CharacterOffsetBegin=852 CharacterOffsetEnd=856 PartOfSpeech=RB] [Text=there CharacterOffsetBegin=857 CharacterOffsetEnd=862 PartOfSpeech=EX] [Text=are CharacterOffsetBegin=863 CharacterOffsetEnd=866 PartOfSpeech=VBP] [Text=a CharacterOffsetBegin=867 CharacterOffsetEnd=868 PartOfSpeech=DT] [Text=funny CharacterOffsetBegin=869 CharacterOffsetEnd=874 PartOfSpeech=JJ] [Text=adult CharacterOffsetBegin=875 CharacterOffsetEnd=880 PartOfSpeech=JJ] [Text=jokes CharacterOffsetBegin=881 CharacterOffsetEnd=886 PartOfSpeech=NNS] [Text=like CharacterOffsetBegin=887 CharacterOffsetEnd=891 PartOfSpeech=IN] [Text=where CharacterOffsetBegin=892 CharacterOffsetEnd=897 PartOfSpeech=WRB] [Text=the CharacterOffsetBegin=898 CharacterOffsetEnd=901 PartOfSpeech=DT] [Text=cat CharacterOffsetBegin=902 CharacterOffsetEnd=905 PartOfSpeech=NN] [Text=cuts CharacterOffsetBegin=906 CharacterOffsetEnd=910 PartOfSpeech=NNS] [Text=of CharacterOffsetBegin=911 CharacterOffsetEnd=913 PartOfSpeech=IN] [Text=his CharacterOffsetBegin=914 CharacterOffsetEnd=917 PartOfSpeech=PRP$] [Text=tail CharacterOffsetBegin=918 CharacterOffsetEnd=922 PartOfSpeech=NN] [Text=and CharacterOffsetBegin=923 CharacterOffsetEnd=926 PartOfSpeech=CC] [Text=the CharacterOffsetBegin=927 CharacterOffsetEnd=930 PartOfSpeech=DT] [Text=censor CharacterOffsetBegin=931 CharacterOffsetEnd=937 PartOfSpeech=VBP] [Text=goes CharacterOffsetBegin=938 CharacterOffsetEnd=942 PartOfSpeech=VBZ] [Text=off CharacterOffsetBegin=943 CharacterOffsetEnd=946 PartOfSpeech=RP] [Text=before CharacterOffsetBegin=947 CharacterOffsetEnd=953 PartOfSpeech=IN] [Text=he CharacterOffsetBegin=954 CharacterOffsetEnd=956 PartOfSpeech=PRP] [Text=says CharacterOffsetBegin=957 CharacterOffsetEnd=961 PartOfSpeech=VBZ] [Text=a CharacterOffsetBegin=962 CharacterOffsetEnd=963 PartOfSpeech=DT] [Text=naughty CharacterOffsetBegin=964 CharacterOffsetEnd=971 PartOfSpeech=JJ] [Text=word CharacterOffsetBegin=972 CharacterOffsetEnd=976 PartOfSpeech=NN] [Text=, CharacterOffsetBegin=976 CharacterOffsetEnd=977 PartOfSpeech=,] [Text=mildly CharacterOffsetBegin=978 CharacterOffsetEnd=984 PartOfSpeech=RB] [Text=funny CharacterOffsetBegin=985 CharacterOffsetEnd=990 PartOfSpeech=JJ] [Text=. CharacterOffsetBegin=990 CharacterOffsetEnd=991 PartOfSpeech=.] 
root(ROOT-0, are-3)
advmod(are-3, Sure-1)
expl(are-3, there-2)
det(jokes-7, a-4)
amod(jokes-7, funny-5)
amod(jokes-7, adult-6)
nsubj(are-3, jokes-7)
prep(jokes-7, like-8)
advmod(goes-19, where-9)
det(cuts-12, the-10)
nn(cuts-12, cat-11)
nsubj(goes-19, cuts-12)
prep(cuts-12, of-13)
poss(tail-15, his-14)
pobj(of-13, tail-15)
cc(tail-15, and-16)
det(censor-18, the-17)
conj(tail-15, censor-18)
pcomp(like-8, goes-19)
advmod(goes-19, off-20)
mark(says-23, before-21)
nsubj(says-23, he-22)
advcl(goes-19, says-23)
det(word-26, a-24)
amod(word-26, naughty-25)
dobj(says-23, word-26)
punct(word-26, ,-27)
advmod(funny-29, mildly-28)
amod(word-26, funny-29)
punct(are-3, .-30)

Sentence #12 (14 tokens):
At least the Grinch had spunk, and the film was actually good!
[Text=At CharacterOffsetBegin=996 CharacterOffsetEnd=998 PartOfSpeech=IN] [Text=least CharacterOffsetBegin=999 CharacterOffsetEnd=1004 PartOfSpeech=JJS] [Text=the CharacterOffsetBegin=1005 CharacterOffsetEnd=1008 PartOfSpeech=DT] [Text=Grinch CharacterOffsetBegin=1009 CharacterOffsetEnd=1015 PartOfSpeech=NNP] [Text=had CharacterOffsetBegin=1016 CharacterOffsetEnd=1019 PartOfSpeech=VBD] [Text=spunk CharacterOffsetBegin=1020 CharacterOffsetEnd=1025 PartOfSpeech=NN] [Text=, CharacterOffsetBegin=1025 CharacterOffsetEnd=1026 PartOfSpeech=,] [Text=and CharacterOffsetBegin=1027 CharacterOffsetEnd=1030 PartOfSpeech=CC] [Text=the CharacterOffsetBegin=1031 CharacterOffsetEnd=1034 PartOfSpeech=DT] [Text=film CharacterOffsetBegin=1035 CharacterOffsetEnd=1039 PartOfSpeech=NN] [Text=was CharacterOffsetBegin=1040 CharacterOffsetEnd=1043 PartOfSpeech=VBD] [Text=actually CharacterOffsetBegin=1044 CharacterOffsetEnd=1052 PartOfSpeech=RB] [Text=good CharacterOffsetBegin=1053 CharacterOffsetEnd=1057 PartOfSpeech=JJ] [Text=! CharacterOffsetBegin=1057 CharacterOffsetEnd=1058 PartOfSpeech=.] 
root(ROOT-0, had-5)
advmod(had-5, At-1)
pobj(At-1, least-2)
det(Grinch-4, the-3)
nsubj(had-5, Grinch-4)
dobj(had-5, spunk-6)
punct(had-5, ,-7)
cc(had-5, and-8)
det(film-10, the-9)
nsubj(good-13, film-10)
cop(good-13, was-11)
advmod(good-13, actually-12)
conj(had-5, good-13)
punct(had-5, !-14)

Sentence #13 (16 tokens):
This film is a cartoonish piece of snot with bright colors and bad mediocre acting.
[Text=This CharacterOffsetBegin=1063 CharacterOffsetEnd=1067 PartOfSpeech=DT] [Text=film CharacterOffsetBegin=1068 CharacterOffsetEnd=1072 PartOfSpeech=NN] [Text=is CharacterOffsetBegin=1073 CharacterOffsetEnd=1075 PartOfSpeech=VBZ] [Text=a CharacterOffsetBegin=1076 CharacterOffsetEnd=1077 PartOfSpeech=DT] [Text=cartoonish CharacterOffsetBegin=1078 CharacterOffsetEnd=1088 PartOfSpeech=JJ] [Text=piece CharacterOffsetBegin=1089 CharacterOffsetEnd=1094 PartOfSpeech=NN] [Text=of CharacterOffsetBegin=1095 CharacterOffsetEnd=1097 PartOfSpeech=IN] [Text=snot CharacterOffsetBegin=1098 CharacterOffsetEnd=1102 PartOfSpeech=NN] [Text=with CharacterOffsetBegin=1103 CharacterOffsetEnd=1107 PartOfSpeech=IN] [Text=bright CharacterOffsetBegin=1108 CharacterOffsetEnd=1114 PartOfSpeech=JJ] [Text=colors CharacterOffsetBegin=1115 CharacterOffsetEnd=1121 PartOfSpeech=NNS] [Text=and CharacterOffsetBegin=1122 CharacterOffsetEnd=1125 PartOfSpeech=CC] [Text=bad CharacterOffsetBegin=1126 CharacterOffsetEnd=1129 PartOfSpeech=JJ] [Text=mediocre CharacterOffsetBegin=1130 CharacterOffsetEnd=1138 PartOfSpeech=JJ] [Text=acting CharacterOffsetBegin=1139 CharacterOffsetEnd=1145 PartOfSpeech=NN] [Text=. CharacterOffsetBegin=1145 CharacterOffsetEnd=1146 PartOfSpeech=.] 
root(ROOT-0, piece-6)
det(film-2, This-1)
nsubj(piece-6, film-2)
cop(piece-6, is-3)
det(piece-6, a-4)
amod(piece-6, cartoonish-5)
prep(piece-6, of-7)
pobj(of-7, snot-8)
prep(snot-8, with-9)
amod(colors-11, bright-10)
pobj(with-9, colors-11)
cc(colors-11, and-12)
amod(acting-15, bad-13)
amod(acting-15, mediocre-14)
conj(colors-11, acting-15)
punct(piece-6, .-16)

Sentence #14 (9 tokens):
Was Mike Myers even in this movie actually?
[Text=Was CharacterOffsetBegin=1151 CharacterOffsetEnd=1154 PartOfSpeech=VBD] [Text=Mike CharacterOffsetBegin=1155 CharacterOffsetEnd=1159 PartOfSpeech=NNP] [Text=Myers CharacterOffsetBegin=1160 CharacterOffsetEnd=1165 PartOfSpeech=NNP] [Text=even CharacterOffsetBegin=1166 CharacterOffsetEnd=1170 PartOfSpeech=RB] [Text=in CharacterOffsetBegin=1171 CharacterOffsetEnd=1173 PartOfSpeech=IN] [Text=this CharacterOffsetBegin=1174 CharacterOffsetEnd=1178 PartOfSpeech=DT] [Text=movie CharacterOffsetBegin=1179 CharacterOffsetEnd=1184 PartOfSpeech=NN] [Text=actually CharacterOffsetBegin=1185 CharacterOffsetEnd=1193 PartOfSpeech=RB] [Text=? CharacterOffsetBegin=1193 CharacterOffsetEnd=1194 PartOfSpeech=.] 
root(ROOT-0, Myers-3)
cop(Myers-3, Was-1)
nn(Myers-3, Mike-2)
advmod(in-5, even-4)
prep(Myers-3, in-5)
det(movie-7, this-6)
pobj(in-5, movie-7)
advmod(Myers-3, actually-8)
punct(Myers-3, ?-9)

Sentence #15 (7 tokens):
And another thing, the fish.
[Text=And CharacterOffsetBegin=1199 CharacterOffsetEnd=1202 PartOfSpeech=CC] [Text=another CharacterOffsetBegin=1203 CharacterOffsetEnd=1210 PartOfSpeech=DT] [Text=thing CharacterOffsetBegin=1211 CharacterOffsetEnd=1216 PartOfSpeech=NN] [Text=, CharacterOffsetBegin=1216 CharacterOffsetEnd=1217 PartOfSpeech=,] [Text=the CharacterOffsetBegin=1218 CharacterOffsetEnd=1221 PartOfSpeech=DT] [Text=fish CharacterOffsetBegin=1222 CharacterOffsetEnd=1226 PartOfSpeech=NN] [Text=. CharacterOffsetBegin=1226 CharacterOffsetEnd=1227 PartOfSpeech=.] 
root(ROOT-0, And-1)
det(thing-3, another-2)
dep(And-1, thing-3)
punct(thing-3, ,-4)
det(fish-6, the-5)
appos(thing-3, fish-6)
punct(And-1, .-7)

Sentence #16 (7 tokens):
What is with that stupid fish!
[Text=What CharacterOffsetBegin=1232 CharacterOffsetEnd=1236 PartOfSpeech=WP] [Text=is CharacterOffsetBegin=1237 CharacterOffsetEnd=1239 PartOfSpeech=VBZ] [Text=with CharacterOffsetBegin=1240 CharacterOffsetEnd=1244 PartOfSpeech=IN] [Text=that CharacterOffsetBegin=1245 CharacterOffsetEnd=1249 PartOfSpeech=DT] [Text=stupid CharacterOffsetBegin=1250 CharacterOffsetEnd=1256 PartOfSpeech=JJ] [Text=fish CharacterOffsetBegin=1257 CharacterOffsetEnd=1261 PartOfSpeech=NN] [Text=! CharacterOffsetBegin=1261 CharacterOffsetEnd=1262 PartOfSpeech=.] 
root(ROOT-0, is-2)
nsubj(is-2, What-1)
prep(is-2, with-3)
det(fish-6, that-4)
amod(fish-6, stupid-5)
pobj(with-3, fish-6)
punct(is-2, !-7)

Sentence #17 (12 tokens):
First time you see him, he's an actual fish.
[Text=First CharacterOffsetBegin=1267 CharacterOffsetEnd=1272 PartOfSpeech=JJ] [Text=time CharacterOffsetBegin=1273 CharacterOffsetEnd=1277 PartOfSpeech=NN] [Text=you CharacterOffsetBegin=1278 CharacterOffsetEnd=1281 PartOfSpeech=PRP] [Text=see CharacterOffsetBegin=1282 CharacterOffsetEnd=1285 PartOfSpeech=VBP] [Text=him CharacterOffsetBegin=1286 CharacterOffsetEnd=1289 PartOfSpeech=PRP] [Text=, CharacterOffsetBegin=1289 CharacterOffsetEnd=1290 PartOfSpeech=,] [Text=he CharacterOffsetBegin=1291 CharacterOffsetEnd=1293 PartOfSpeech=PRP] [Text='s CharacterOffsetBegin=1293 CharacterOffsetEnd=1295 PartOfSpeech=VBZ] [Text=an CharacterOffsetBegin=1296 CharacterOffsetEnd=1298 PartOfSpeech=DT] [Text=actual CharacterOffsetBegin=1299 CharacterOffsetEnd=1305 PartOfSpeech=JJ] [Text=fish CharacterOffsetBegin=1306 CharacterOffsetEnd=1310 PartOfSpeech=NN] [Text=. CharacterOffsetBegin=1310 CharacterOffsetEnd=1311 PartOfSpeech=.] 
root(ROOT-0, fish-11)
amod(time-2, First-1)
tmod(fish-11, time-2)
nsubj(see-4, you-3)
rcmod(time-2, see-4)
dobj(see-4, him-5)
punct(fish-11, ,-6)
nsubj(fish-11, he-7)
cop(fish-11, 's-8)
det(fish-11, an-9)
amod(fish-11, actual-10)
punct(fish-11, .-12)

Sentence #18 (13 tokens):
Next time you see him, he's all animated and talking.
[Text=Next CharacterOffsetBegin=1316 CharacterOffsetEnd=1320 PartOfSpeech=JJ] [Text=time CharacterOffsetBegin=1321 CharacterOffsetEnd=1325 PartOfSpeech=NN] [Text=you CharacterOffsetBegin=1326 CharacterOffsetEnd=1329 PartOfSpeech=PRP] [Text=see CharacterOffsetBegin=1330 CharacterOffsetEnd=1333 PartOfSpeech=VBP] [Text=him CharacterOffsetBegin=1334 CharacterOffsetEnd=1337 PartOfSpeech=PRP] [Text=, CharacterOffsetBegin=1337 CharacterOffsetEnd=1338 PartOfSpeech=,] [Text=he CharacterOffsetBegin=1339 CharacterOffsetEnd=1341 PartOfSpeech=PRP] [Text='s CharacterOffsetBegin=1341 CharacterOffsetEnd=1343 PartOfSpeech=VBZ] [Text=all CharacterOffsetBegin=1344 CharacterOffsetEnd=1347 PartOfSpeech=DT] [Text=animated CharacterOffsetBegin=1348 CharacterOffsetEnd=1356 PartOfSpeech=JJ] [Text=and CharacterOffsetBegin=1357 CharacterOffsetEnd=1360 PartOfSpeech=CC] [Text=talking CharacterOffsetBegin=1361 CharacterOffsetEnd=1368 PartOfSpeech=NN] [Text=. CharacterOffsetBegin=1368 CharacterOffsetEnd=1369 PartOfSpeech=.] 
root(ROOT-0, animated-10)
amod(time-2, Next-1)
dep(animated-10, time-2)
nsubj(see-4, you-3)
rcmod(time-2, see-4)
dobj(see-4, him-5)
punct(animated-10, ,-6)
nsubj(animated-10, he-7)
cop(animated-10, 's-8)
dep(animated-10, all-9)
cc(animated-10, and-11)
conj(animated-10, talking-12)
punct(animated-10, .-13)

Sentence #19 (12 tokens):
But he looks like an animated piece of rubber play dough!
[Text=But CharacterOffsetBegin=1374 CharacterOffsetEnd=1377 PartOfSpeech=CC] [Text=he CharacterOffsetBegin=1378 CharacterOffsetEnd=1380 PartOfSpeech=PRP] [Text=looks CharacterOffsetBegin=1381 CharacterOffsetEnd=1386 PartOfSpeech=VBZ] [Text=like CharacterOffsetBegin=1387 CharacterOffsetEnd=1391 PartOfSpeech=IN] [Text=an CharacterOffsetBegin=1392 CharacterOffsetEnd=1394 PartOfSpeech=DT] [Text=animated CharacterOffsetBegin=1395 CharacterOffsetEnd=1403 PartOfSpeech=JJ] [Text=piece CharacterOffsetBegin=1404 CharacterOffsetEnd=1409 PartOfSpeech=NN] [Text=of CharacterOffsetBegin=1410 CharacterOffsetEnd=1412 PartOfSpeech=IN] [Text=rubber CharacterOffsetBegin=1413 CharacterOffsetEnd=1419 PartOfSpeech=NN] [Text=play CharacterOffsetBegin=1420 CharacterOffsetEnd=1424 PartOfSpeech=NN] [Text=dough CharacterOffsetBegin=1425 CharacterOffsetEnd=1430 PartOfSpeech=NN] [Text=! CharacterOffsetBegin=1430 CharacterOffsetEnd=1431 PartOfSpeech=.] 
root(ROOT-0, looks-3)
cc(looks-3, But-1)
nsubj(looks-3, he-2)
prep(looks-3, like-4)
det(piece-7, an-5)
amod(piece-7, animated-6)
pobj(like-4, piece-7)
prep(piece-7, of-8)
nn(dough-11, rubber-9)
nn(dough-11, play-10)
pobj(of-8, dough-11)
punct(looks-3, !-12)

Sentence #20 (9 tokens):
This film is a total off target wreck.
[Text=This CharacterOffsetBegin=1436 CharacterOffsetEnd=1440 PartOfSpeech=DT] [Text=film CharacterOffsetBegin=1441 CharacterOffsetEnd=1445 PartOfSpeech=NN] [Text=is CharacterOffsetBegin=1446 CharacterOffsetEnd=1448 PartOfSpeech=VBZ] [Text=a CharacterOffsetBegin=1449 CharacterOffsetEnd=1450 PartOfSpeech=DT] [Text=total CharacterOffsetBegin=1451 CharacterOffsetEnd=1456 PartOfSpeech=NN] [Text=off CharacterOffsetBegin=1457 CharacterOffsetEnd=1460 PartOfSpeech=IN] [Text=target CharacterOffsetBegin=1461 CharacterOffsetEnd=1467 PartOfSpeech=NN] [Text=wreck CharacterOffsetBegin=1468 CharacterOffsetEnd=1473 PartOfSpeech=NN] [Text=. CharacterOffsetBegin=1473 CharacterOffsetEnd=1474 PartOfSpeech=.] 
root(ROOT-0, total-5)
det(film-2, This-1)
nsubj(total-5, film-2)
cop(total-5, is-3)
det(total-5, a-4)
prep(total-5, off-6)
nn(wreck-8, target-7)
pobj(off-6, wreck-8)
punct(total-5, .-9)

Sentence #21 (15 tokens):
Good joke, bad joke, bad, bad, bad, good joke!
[Text=Good CharacterOffsetBegin=1479 CharacterOffsetEnd=1483 PartOfSpeech=JJ] [Text=joke CharacterOffsetBegin=1484 CharacterOffsetEnd=1488 PartOfSpeech=NN] [Text=, CharacterOffsetBegin=1488 CharacterOffsetEnd=1489 PartOfSpeech=,] [Text=bad CharacterOffsetBegin=1490 CharacterOffsetEnd=1493 PartOfSpeech=JJ] [Text=joke CharacterOffsetBegin=1494 CharacterOffsetEnd=1498 PartOfSpeech=NN] [Text=, CharacterOffsetBegin=1498 CharacterOffsetEnd=1499 PartOfSpeech=,] [Text=bad CharacterOffsetBegin=1500 CharacterOffsetEnd=1503 PartOfSpeech=JJ] [Text=, CharacterOffsetBegin=1503 CharacterOffsetEnd=1504 PartOfSpeech=,] [Text=bad CharacterOffsetBegin=1505 CharacterOffsetEnd=1508 PartOfSpeech=JJ] [Text=, CharacterOffsetBegin=1508 CharacterOffsetEnd=1509 PartOfSpeech=,] [Text=bad CharacterOffsetBegin=1510 CharacterOffsetEnd=1513 PartOfSpeech=JJ] [Text=, CharacterOffsetBegin=1513 CharacterOffsetEnd=1514 PartOfSpeech=,] [Text=good CharacterOffsetBegin=1515 CharacterOffsetEnd=1519 PartOfSpeech=JJ] [Text=joke CharacterOffsetBegin=1520 CharacterOffsetEnd=1524 PartOfSpeech=NN] [Text=! CharacterOffsetBegin=1524 CharacterOffsetEnd=1525 PartOfSpeech=.] 
root(ROOT-0, joke-2)
amod(joke-2, Good-1)
punct(joke-2, ,-3)
amod(joke-5, bad-4)
conj(joke-2, joke-5)
punct(joke-2, ,-6)
conj(joke-2, bad-7)
punct(joke-2, ,-8)
conj(joke-2, bad-9)
punct(joke-2, ,-10)
conj(joke-2, bad-11)
punct(joke-2, ,-12)
amod(joke-14, good-13)
appos(joke-2, joke-14)
punct(joke-2, !-15)

Sentence #22 (19 tokens):
I'm surprised it even had good jokes like the water park ride joke, that was good.
[Text=I CharacterOffsetBegin=1530 CharacterOffsetEnd=1531 PartOfSpeech=PRP] [Text='m CharacterOffsetBegin=1531 CharacterOffsetEnd=1533 PartOfSpeech=VBP] [Text=surprised CharacterOffsetBegin=1534 CharacterOffsetEnd=1543 PartOfSpeech=JJ] [Text=it CharacterOffsetBegin=1544 CharacterOffsetEnd=1546 PartOfSpeech=PRP] [Text=even CharacterOffsetBegin=1547 CharacterOffsetEnd=1551 PartOfSpeech=RB] [Text=had CharacterOffsetBegin=1552 CharacterOffsetEnd=1555 PartOfSpeech=VBD] [Text=good CharacterOffsetBegin=1556 CharacterOffsetEnd=1560 PartOfSpeech=JJ] [Text=jokes CharacterOffsetBegin=1561 CharacterOffsetEnd=1566 PartOfSpeech=NNS] [Text=like CharacterOffsetBegin=1567 CharacterOffsetEnd=1571 PartOfSpeech=IN] [Text=the CharacterOffsetBegin=1572 CharacterOffsetEnd=1575 PartOfSpeech=DT] [Text=water CharacterOffsetBegin=1576 CharacterOffsetEnd=1581 PartOfSpeech=NN] [Text=park CharacterOffsetBegin=1582 CharacterOffsetEnd=1586 PartOfSpeech=NN] [Text=ride CharacterOffsetBegin=1587 CharacterOffsetEnd=1591 PartOfSpeech=NN] [Text=joke CharacterOffsetBegin=1592 CharacterOffsetEnd=1596 PartOfSpeech=NN] [Text=, CharacterOffsetBegin=1596 CharacterOffsetEnd=1597 PartOfSpeech=,] [Text=that CharacterOffsetBegin=1598 CharacterOffsetEnd=1602 PartOfSpeech=WDT] [Text=was CharacterOffsetBegin=1603 CharacterOffsetEnd=1606 PartOfSpeech=VBD] [Text=good CharacterOffsetBegin=1607 CharacterOffsetEnd=1611 PartOfSpeech=JJ] [Text=. CharacterOffsetBegin=1611 CharacterOffsetEnd=1612 PartOfSpeech=.] 
root(ROOT-0, surprised-3)
nsubj(surprised-3, I-1)
cop(surprised-3, 'm-2)
nsubj(had-6, it-4)
advmod(had-6, even-5)
ccomp(surprised-3, had-6)
amod(jokes-8, good-7)
dobj(had-6, jokes-8)
prep(jokes-8, like-9)
det(ride-13, the-10)
nn(ride-13, water-11)
nn(ride-13, park-12)
nsubj(joke-14, ride-13)
pcomp(like-9, joke-14)
punct(joke-14, ,-15)
nsubj(good-18, that-16)
cop(good-18, was-17)
rcmod(joke-14, good-18)
punct(surprised-3, .-19)

Sentence #23 (16 tokens):
So please if you have the choice, watch the Grinch instead of this mess.
[Text=So CharacterOffsetBegin=1617 CharacterOffsetEnd=1619 PartOfSpeech=RB] [Text=please CharacterOffsetBegin=1620 CharacterOffsetEnd=1626 PartOfSpeech=VB] [Text=if CharacterOffsetBegin=1627 CharacterOffsetEnd=1629 PartOfSpeech=IN] [Text=you CharacterOffsetBegin=1630 CharacterOffsetEnd=1633 PartOfSpeech=PRP] [Text=have CharacterOffsetBegin=1634 CharacterOffsetEnd=1638 PartOfSpeech=VBP] [Text=the CharacterOffsetBegin=1639 CharacterOffsetEnd=1642 PartOfSpeech=DT] [Text=choice CharacterOffsetBegin=1643 CharacterOffsetEnd=1649 PartOfSpeech=NN] [Text=, CharacterOffsetBegin=1649 CharacterOffsetEnd=1650 PartOfSpeech=,] [Text=watch CharacterOffsetBegin=1651 CharacterOffsetEnd=1656 PartOfSpeech=VBP] [Text=the CharacterOffsetBegin=1657 CharacterOffsetEnd=1660 PartOfSpeech=DT] [Text=Grinch CharacterOffsetBegin=1661 CharacterOffsetEnd=1667 PartOfSpeech=NNP] [Text=instead CharacterOffsetBegin=1668 CharacterOffsetEnd=1675 PartOfSpeech=RB] [Text=of CharacterOffsetBegin=1676 CharacterOffsetEnd=1678 PartOfSpeech=IN] [Text=this CharacterOffsetBegin=1679 CharacterOffsetEnd=1683 PartOfSpeech=DT] [Text=mess CharacterOffsetBegin=1684 CharacterOffsetEnd=1688 PartOfSpeech=NN] [Text=. CharacterOffsetBegin=1688 CharacterOffsetEnd=1689 PartOfSpeech=.] 
root(ROOT-0, please-2)
advmod(please-2, So-1)
mark(have-5, if-3)
nsubj(have-5, you-4)
advcl(please-2, have-5)
det(choice-7, the-6)
dobj(have-5, choice-7)
punct(please-2, ,-8)
dep(please-2, watch-9)
det(Grinch-11, the-10)
dobj(watch-9, Grinch-11)
cc(Grinch-11, instead-12)
mwe(instead-12, of-13)
det(mess-15, this-14)
conj(Grinch-11, mess-15)
punct(please-2, .-16)

