Sentence #1 (42 tokens):
Having just finished reading the book "One of a Kind" a week ago, I was thinking "This would make a great movie, especially now, when people know a little about poker and poker players".
[Text=Having CharacterOffsetBegin=4 CharacterOffsetEnd=10 PartOfSpeech=VBG] [Text=just CharacterOffsetBegin=11 CharacterOffsetEnd=15 PartOfSpeech=RB] [Text=finished CharacterOffsetBegin=16 CharacterOffsetEnd=24 PartOfSpeech=VBN] [Text=reading CharacterOffsetBegin=25 CharacterOffsetEnd=32 PartOfSpeech=VBG] [Text=the CharacterOffsetBegin=33 CharacterOffsetEnd=36 PartOfSpeech=DT] [Text=book CharacterOffsetBegin=37 CharacterOffsetEnd=41 PartOfSpeech=NN] [Text=`` CharacterOffsetBegin=42 CharacterOffsetEnd=43 PartOfSpeech=``] [Text=One CharacterOffsetBegin=43 CharacterOffsetEnd=46 PartOfSpeech=CD] [Text=of CharacterOffsetBegin=47 CharacterOffsetEnd=49 PartOfSpeech=IN] [Text=a CharacterOffsetBegin=50 CharacterOffsetEnd=51 PartOfSpeech=DT] [Text=Kind CharacterOffsetBegin=52 CharacterOffsetEnd=56 PartOfSpeech=NNP] [Text='' CharacterOffsetBegin=56 CharacterOffsetEnd=57 PartOfSpeech=''] [Text=a CharacterOffsetBegin=58 CharacterOffsetEnd=59 PartOfSpeech=DT] [Text=week CharacterOffsetBegin=60 CharacterOffsetEnd=64 PartOfSpeech=NN] [Text=ago CharacterOffsetBegin=65 CharacterOffsetEnd=68 PartOfSpeech=RB] [Text=, CharacterOffsetBegin=68 CharacterOffsetEnd=69 PartOfSpeech=,] [Text=I CharacterOffsetBegin=70 CharacterOffsetEnd=71 PartOfSpeech=PRP] [Text=was CharacterOffsetBegin=72 CharacterOffsetEnd=75 PartOfSpeech=VBD] [Text=thinking CharacterOffsetBegin=76 CharacterOffsetEnd=84 PartOfSpeech=VBG] [Text=`` CharacterOffsetBegin=85 CharacterOffsetEnd=86 PartOfSpeech=``] [Text=This CharacterOffsetBegin=86 CharacterOffsetEnd=90 PartOfSpeech=DT] [Text=would CharacterOffsetBegin=91 CharacterOffsetEnd=96 PartOfSpeech=MD] [Text=make CharacterOffsetBegin=97 CharacterOffsetEnd=101 PartOfSpeech=VB] [Text=a CharacterOffsetBegin=102 CharacterOffsetEnd=103 PartOfSpeech=DT] [Text=great CharacterOffsetBegin=104 CharacterOffsetEnd=109 PartOfSpeech=JJ] [Text=movie CharacterOffsetBegin=110 CharacterOffsetEnd=115 PartOfSpeech=NN] [Text=, CharacterOffsetBegin=115 CharacterOffsetEnd=116 PartOfSpeech=,] [Text=especially CharacterOffsetBegin=117 CharacterOffsetEnd=127 PartOfSpeech=RB] [Text=now CharacterOffsetBegin=128 CharacterOffsetEnd=131 PartOfSpeech=RB] [Text=, CharacterOffsetBegin=131 CharacterOffsetEnd=132 PartOfSpeech=,] [Text=when CharacterOffsetBegin=133 CharacterOffsetEnd=137 PartOfSpeech=WRB] [Text=people CharacterOffsetBegin=138 CharacterOffsetEnd=144 PartOfSpeech=NNS] [Text=know CharacterOffsetBegin=145 CharacterOffsetEnd=149 PartOfSpeech=VBP] [Text=a CharacterOffsetBegin=150 CharacterOffsetEnd=151 PartOfSpeech=DT] [Text=little CharacterOffsetBegin=152 CharacterOffsetEnd=158 PartOfSpeech=JJ] [Text=about CharacterOffsetBegin=159 CharacterOffsetEnd=164 PartOfSpeech=IN] [Text=poker CharacterOffsetBegin=165 CharacterOffsetEnd=170 PartOfSpeech=NN] [Text=and CharacterOffsetBegin=171 CharacterOffsetEnd=174 PartOfSpeech=CC] [Text=poker CharacterOffsetBegin=175 CharacterOffsetEnd=180 PartOfSpeech=NN] [Text=players CharacterOffsetBegin=181 CharacterOffsetEnd=188 PartOfSpeech=NNS] [Text='' CharacterOffsetBegin=188 CharacterOffsetEnd=189 PartOfSpeech=''] [Text=. CharacterOffsetBegin=189 CharacterOffsetEnd=190 PartOfSpeech=.] 
root(ROOT-0, finished-3)
aux(finished-3, Having-1)
advmod(finished-3, just-2)
xcomp(finished-3, reading-4)
det(book-6, the-5)
dobj(reading-4, book-6)
punct(book-6, ``-7)
dep(book-6, One-8)
prep(One-8, of-9)
det(Kind-11, a-10)
pobj(of-9, Kind-11)
punct(Kind-11, ''-12)
det(week-14, a-13)
npadvmod(ago-15, week-14)
advmod(One-8, ago-15)
punct(One-8, ,-16)
nsubj(thinking-19, I-17)
aux(thinking-19, was-18)
rcmod(One-8, thinking-19)
punct(thinking-19, ``-20)
nsubj(make-23, This-21)
aux(make-23, would-22)
ccomp(thinking-19, make-23)
det(movie-26, a-24)
amod(movie-26, great-25)
dobj(make-23, movie-26)
punct(movie-26, ,-27)
advmod(now-29, especially-28)
advmod(movie-26, now-29)
punct(movie-26, ,-30)
advmod(know-33, when-31)
nsubj(know-33, people-32)
rcmod(movie-26, know-33)
det(little-35, a-34)
dobj(know-33, little-35)
amod(poker-37, about-36)
dep(little-35, poker-37)
cc(poker-37, and-38)
conj(poker-37, poker-39)
dep(poker-37, players-40)
punct(poker-37, ''-41)
punct(finished-3, .-42)

Sentence #2 (16 tokens):
I was totally shocked to find it while browsing at the video store last night.
[Text=I CharacterOffsetBegin=195 CharacterOffsetEnd=196 PartOfSpeech=PRP] [Text=was CharacterOffsetBegin=197 CharacterOffsetEnd=200 PartOfSpeech=VBD] [Text=totally CharacterOffsetBegin=201 CharacterOffsetEnd=208 PartOfSpeech=RB] [Text=shocked CharacterOffsetBegin=209 CharacterOffsetEnd=216 PartOfSpeech=VBN] [Text=to CharacterOffsetBegin=217 CharacterOffsetEnd=219 PartOfSpeech=TO] [Text=find CharacterOffsetBegin=220 CharacterOffsetEnd=224 PartOfSpeech=VB] [Text=it CharacterOffsetBegin=225 CharacterOffsetEnd=227 PartOfSpeech=PRP] [Text=while CharacterOffsetBegin=228 CharacterOffsetEnd=233 PartOfSpeech=IN] [Text=browsing CharacterOffsetBegin=234 CharacterOffsetEnd=242 PartOfSpeech=VBG] [Text=at CharacterOffsetBegin=243 CharacterOffsetEnd=245 PartOfSpeech=IN] [Text=the CharacterOffsetBegin=246 CharacterOffsetEnd=249 PartOfSpeech=DT] [Text=video CharacterOffsetBegin=250 CharacterOffsetEnd=255 PartOfSpeech=NN] [Text=store CharacterOffsetBegin=256 CharacterOffsetEnd=261 PartOfSpeech=NN] [Text=last CharacterOffsetBegin=262 CharacterOffsetEnd=266 PartOfSpeech=JJ] [Text=night CharacterOffsetBegin=267 CharacterOffsetEnd=272 PartOfSpeech=NN] [Text=. CharacterOffsetBegin=272 CharacterOffsetEnd=273 PartOfSpeech=.] 
root(ROOT-0, shocked-4)
nsubjpass(shocked-4, I-1)
auxpass(shocked-4, was-2)
advmod(shocked-4, totally-3)
aux(find-6, to-5)
xcomp(shocked-4, find-6)
dobj(find-6, it-7)
prep(find-6, while-8)
pcomp(while-8, browsing-9)
prep(browsing-9, at-10)
det(store-13, the-11)
nn(store-13, video-12)
pobj(at-10, store-13)
amod(night-15, last-14)
tmod(browsing-9, night-15)
punct(shocked-4, .-16)

Sentence #3 (13 tokens):
I had no idea someone had actually turned this into a film.
[Text=I CharacterOffsetBegin=278 CharacterOffsetEnd=279 PartOfSpeech=PRP] [Text=had CharacterOffsetBegin=280 CharacterOffsetEnd=283 PartOfSpeech=VBD] [Text=no CharacterOffsetBegin=284 CharacterOffsetEnd=286 PartOfSpeech=DT] [Text=idea CharacterOffsetBegin=287 CharacterOffsetEnd=291 PartOfSpeech=NN] [Text=someone CharacterOffsetBegin=292 CharacterOffsetEnd=299 PartOfSpeech=NN] [Text=had CharacterOffsetBegin=300 CharacterOffsetEnd=303 PartOfSpeech=VBD] [Text=actually CharacterOffsetBegin=304 CharacterOffsetEnd=312 PartOfSpeech=RB] [Text=turned CharacterOffsetBegin=313 CharacterOffsetEnd=319 PartOfSpeech=VBN] [Text=this CharacterOffsetBegin=320 CharacterOffsetEnd=324 PartOfSpeech=DT] [Text=into CharacterOffsetBegin=325 CharacterOffsetEnd=329 PartOfSpeech=IN] [Text=a CharacterOffsetBegin=330 CharacterOffsetEnd=331 PartOfSpeech=DT] [Text=film CharacterOffsetBegin=332 CharacterOffsetEnd=336 PartOfSpeech=NN] [Text=. CharacterOffsetBegin=336 CharacterOffsetEnd=337 PartOfSpeech=.] 
root(ROOT-0, had-2)
nsubj(had-2, I-1)
det(idea-4, no-3)
dobj(had-2, idea-4)
nsubj(turned-8, someone-5)
aux(turned-8, had-6)
advmod(turned-8, actually-7)
rcmod(idea-4, turned-8)
dobj(turned-8, this-9)
prep(turned-8, into-10)
det(film-12, a-11)
pobj(into-10, film-12)
punct(had-2, .-13)

Sentence #4 (10 tokens):
I grabbed it immediately and watched with much anticipation.
[Text=I CharacterOffsetBegin=342 CharacterOffsetEnd=343 PartOfSpeech=PRP] [Text=grabbed CharacterOffsetBegin=344 CharacterOffsetEnd=351 PartOfSpeech=VBD] [Text=it CharacterOffsetBegin=352 CharacterOffsetEnd=354 PartOfSpeech=PRP] [Text=immediately CharacterOffsetBegin=355 CharacterOffsetEnd=366 PartOfSpeech=RB] [Text=and CharacterOffsetBegin=367 CharacterOffsetEnd=370 PartOfSpeech=CC] [Text=watched CharacterOffsetBegin=371 CharacterOffsetEnd=378 PartOfSpeech=VBN] [Text=with CharacterOffsetBegin=379 CharacterOffsetEnd=383 PartOfSpeech=IN] [Text=much CharacterOffsetBegin=384 CharacterOffsetEnd=388 PartOfSpeech=JJ] [Text=anticipation CharacterOffsetBegin=389 CharacterOffsetEnd=401 PartOfSpeech=NN] [Text=. CharacterOffsetBegin=401 CharacterOffsetEnd=402 PartOfSpeech=.] 
root(ROOT-0, grabbed-2)
nsubj(grabbed-2, I-1)
dobj(grabbed-2, it-3)
advmod(grabbed-2, immediately-4)
cc(grabbed-2, and-5)
conj(grabbed-2, watched-6)
prep(watched-6, with-7)
amod(anticipation-9, much-8)
pobj(with-7, anticipation-9)
punct(grabbed-2, .-10)

Sentence #5 (31 tokens):
What a major letdown!All of the intriguing things about Stu Ungar were skimmed over quickly, and instead I was left with a biopic that could have been about anybody.
[Text=What CharacterOffsetBegin=407 CharacterOffsetEnd=411 PartOfSpeech=WP] [Text=a CharacterOffsetBegin=412 CharacterOffsetEnd=413 PartOfSpeech=DT] [Text=major CharacterOffsetBegin=414 CharacterOffsetEnd=419 PartOfSpeech=JJ] [Text=letdown!All CharacterOffsetBegin=420 CharacterOffsetEnd=431 PartOfSpeech=NN] [Text=of CharacterOffsetBegin=432 CharacterOffsetEnd=434 PartOfSpeech=IN] [Text=the CharacterOffsetBegin=435 CharacterOffsetEnd=438 PartOfSpeech=DT] [Text=intriguing CharacterOffsetBegin=439 CharacterOffsetEnd=449 PartOfSpeech=JJ] [Text=things CharacterOffsetBegin=450 CharacterOffsetEnd=456 PartOfSpeech=NNS] [Text=about CharacterOffsetBegin=457 CharacterOffsetEnd=462 PartOfSpeech=IN] [Text=Stu CharacterOffsetBegin=463 CharacterOffsetEnd=466 PartOfSpeech=NNP] [Text=Ungar CharacterOffsetBegin=467 CharacterOffsetEnd=472 PartOfSpeech=NNP] [Text=were CharacterOffsetBegin=473 CharacterOffsetEnd=477 PartOfSpeech=VBD] [Text=skimmed CharacterOffsetBegin=478 CharacterOffsetEnd=485 PartOfSpeech=VBN] [Text=over CharacterOffsetBegin=486 CharacterOffsetEnd=490 PartOfSpeech=RP] [Text=quickly CharacterOffsetBegin=491 CharacterOffsetEnd=498 PartOfSpeech=RB] [Text=, CharacterOffsetBegin=498 CharacterOffsetEnd=499 PartOfSpeech=,] [Text=and CharacterOffsetBegin=500 CharacterOffsetEnd=503 PartOfSpeech=CC] [Text=instead CharacterOffsetBegin=504 CharacterOffsetEnd=511 PartOfSpeech=RB] [Text=I CharacterOffsetBegin=512 CharacterOffsetEnd=513 PartOfSpeech=PRP] [Text=was CharacterOffsetBegin=514 CharacterOffsetEnd=517 PartOfSpeech=VBD] [Text=left CharacterOffsetBegin=518 CharacterOffsetEnd=522 PartOfSpeech=VBN] [Text=with CharacterOffsetBegin=523 CharacterOffsetEnd=527 PartOfSpeech=IN] [Text=a CharacterOffsetBegin=528 CharacterOffsetEnd=529 PartOfSpeech=DT] [Text=biopic CharacterOffsetBegin=530 CharacterOffsetEnd=536 PartOfSpeech=NN] [Text=that CharacterOffsetBegin=537 CharacterOffsetEnd=541 PartOfSpeech=WDT] [Text=could CharacterOffsetBegin=542 CharacterOffsetEnd=547 PartOfSpeech=MD] [Text=have CharacterOffsetBegin=548 CharacterOffsetEnd=552 PartOfSpeech=VB] [Text=been CharacterOffsetBegin=553 CharacterOffsetEnd=557 PartOfSpeech=VBN] [Text=about CharacterOffsetBegin=558 CharacterOffsetEnd=563 PartOfSpeech=IN] [Text=anybody CharacterOffsetBegin=564 CharacterOffsetEnd=571 PartOfSpeech=NN] [Text=. CharacterOffsetBegin=571 CharacterOffsetEnd=572 PartOfSpeech=.] 
root(ROOT-0, skimmed-13)
dobj(skimmed-13, What-1)
det(letdown!All-4, a-2)
amod(letdown!All-4, major-3)
nsubjpass(skimmed-13, letdown!All-4)
prep(letdown!All-4, of-5)
det(things-8, the-6)
amod(things-8, intriguing-7)
pobj(of-5, things-8)
prep(things-8, about-9)
nn(Ungar-11, Stu-10)
pobj(about-9, Ungar-11)
auxpass(skimmed-13, were-12)
prt(skimmed-13, over-14)
advmod(skimmed-13, quickly-15)
punct(skimmed-13, ,-16)
cc(skimmed-13, and-17)
advmod(left-21, instead-18)
nsubjpass(left-21, I-19)
auxpass(left-21, was-20)
conj(skimmed-13, left-21)
prep(left-21, with-22)
det(biopic-24, a-23)
pobj(with-22, biopic-24)
dep(biopic-24, that-25)
dep(that-25, could-26)
dep(could-26, have-27)
dep(have-27, been-28)
prep(been-28, about-29)
pobj(about-29, anybody-30)
punct(skimmed-13, .-31)

Sentence #6 (21 tokens):
Ungar may have been a burnt-out jerk, but he was also a brilliant thinker that could read people instinctively.
[Text=Ungar CharacterOffsetBegin=577 CharacterOffsetEnd=582 PartOfSpeech=NNP] [Text=may CharacterOffsetBegin=583 CharacterOffsetEnd=586 PartOfSpeech=MD] [Text=have CharacterOffsetBegin=587 CharacterOffsetEnd=591 PartOfSpeech=VB] [Text=been CharacterOffsetBegin=592 CharacterOffsetEnd=596 PartOfSpeech=VBN] [Text=a CharacterOffsetBegin=597 CharacterOffsetEnd=598 PartOfSpeech=DT] [Text=burnt-out CharacterOffsetBegin=599 CharacterOffsetEnd=608 PartOfSpeech=JJ] [Text=jerk CharacterOffsetBegin=609 CharacterOffsetEnd=613 PartOfSpeech=NN] [Text=, CharacterOffsetBegin=613 CharacterOffsetEnd=614 PartOfSpeech=,] [Text=but CharacterOffsetBegin=615 CharacterOffsetEnd=618 PartOfSpeech=CC] [Text=he CharacterOffsetBegin=619 CharacterOffsetEnd=621 PartOfSpeech=PRP] [Text=was CharacterOffsetBegin=622 CharacterOffsetEnd=625 PartOfSpeech=VBD] [Text=also CharacterOffsetBegin=626 CharacterOffsetEnd=630 PartOfSpeech=RB] [Text=a CharacterOffsetBegin=631 CharacterOffsetEnd=632 PartOfSpeech=DT] [Text=brilliant CharacterOffsetBegin=633 CharacterOffsetEnd=642 PartOfSpeech=JJ] [Text=thinker CharacterOffsetBegin=643 CharacterOffsetEnd=650 PartOfSpeech=NN] [Text=that CharacterOffsetBegin=651 CharacterOffsetEnd=655 PartOfSpeech=WDT] [Text=could CharacterOffsetBegin=656 CharacterOffsetEnd=661 PartOfSpeech=MD] [Text=read CharacterOffsetBegin=662 CharacterOffsetEnd=666 PartOfSpeech=VB] [Text=people CharacterOffsetBegin=667 CharacterOffsetEnd=673 PartOfSpeech=NNS] [Text=instinctively CharacterOffsetBegin=674 CharacterOffsetEnd=687 PartOfSpeech=RB] [Text=. CharacterOffsetBegin=687 CharacterOffsetEnd=688 PartOfSpeech=.] 
root(ROOT-0, jerk-7)
nsubj(jerk-7, Ungar-1)
aux(jerk-7, may-2)
aux(jerk-7, have-3)
cop(jerk-7, been-4)
det(jerk-7, a-5)
amod(jerk-7, burnt-out-6)
punct(jerk-7, ,-8)
cc(jerk-7, but-9)
nsubj(thinker-15, he-10)
cop(thinker-15, was-11)
advmod(thinker-15, also-12)
det(thinker-15, a-13)
amod(thinker-15, brilliant-14)
conj(jerk-7, thinker-15)
nsubj(read-18, that-16)
aux(read-18, could-17)
rcmod(thinker-15, read-18)
dobj(read-18, people-19)
advmod(people-19, instinctively-20)
punct(jerk-7, .-21)

Sentence #7 (8 tokens):
That is what made him so fascinating.
[Text=That CharacterOffsetBegin=693 CharacterOffsetEnd=697 PartOfSpeech=DT] [Text=is CharacterOffsetBegin=698 CharacterOffsetEnd=700 PartOfSpeech=VBZ] [Text=what CharacterOffsetBegin=701 CharacterOffsetEnd=705 PartOfSpeech=WP] [Text=made CharacterOffsetBegin=706 CharacterOffsetEnd=710 PartOfSpeech=VBD] [Text=him CharacterOffsetBegin=711 CharacterOffsetEnd=714 PartOfSpeech=PRP] [Text=so CharacterOffsetBegin=715 CharacterOffsetEnd=717 PartOfSpeech=RB] [Text=fascinating CharacterOffsetBegin=718 CharacterOffsetEnd=729 PartOfSpeech=JJ] [Text=. CharacterOffsetBegin=729 CharacterOffsetEnd=730 PartOfSpeech=.] 
root(ROOT-0, is-2)
nsubj(is-2, That-1)
nsubj(made-4, what-3)
ccomp(is-2, made-4)
dobj(made-4, him-5)
advmod(fascinating-7, so-6)
advmod(made-4, fascinating-7)
punct(is-2, .-8)

Sentence #8 (13 tokens):
Why not focus on that?And talk about watering down the real truth.
[Text=Why CharacterOffsetBegin=735 CharacterOffsetEnd=738 PartOfSpeech=WRB] [Text=not CharacterOffsetBegin=739 CharacterOffsetEnd=742 PartOfSpeech=RB] [Text=focus CharacterOffsetBegin=743 CharacterOffsetEnd=748 PartOfSpeech=VB] [Text=on CharacterOffsetBegin=749 CharacterOffsetEnd=751 PartOfSpeech=IN] [Text=that?And CharacterOffsetBegin=752 CharacterOffsetEnd=760 PartOfSpeech=NN] [Text=talk CharacterOffsetBegin=761 CharacterOffsetEnd=765 PartOfSpeech=NN] [Text=about CharacterOffsetBegin=766 CharacterOffsetEnd=771 PartOfSpeech=IN] [Text=watering CharacterOffsetBegin=772 CharacterOffsetEnd=780 PartOfSpeech=VBG] [Text=down CharacterOffsetBegin=781 CharacterOffsetEnd=785 PartOfSpeech=RP] [Text=the CharacterOffsetBegin=786 CharacterOffsetEnd=789 PartOfSpeech=DT] [Text=real CharacterOffsetBegin=790 CharacterOffsetEnd=794 PartOfSpeech=JJ] [Text=truth CharacterOffsetBegin=795 CharacterOffsetEnd=800 PartOfSpeech=NN] [Text=. CharacterOffsetBegin=800 CharacterOffsetEnd=801 PartOfSpeech=.] 
root(ROOT-0, focus-3)
advmod(focus-3, Why-1)
neg(focus-3, not-2)
prep(focus-3, on-4)
nn(talk-6, that?And-5)
pobj(on-4, talk-6)
prep(talk-6, about-7)
pcomp(about-7, watering-8)
prt(watering-8, down-9)
det(truth-12, the-10)
amod(truth-12, real-11)
dobj(watering-8, truth-12)
punct(focus-3, .-13)

Sentence #9 (18 tokens):
This guy was excessive about absolutely everything: drugs, women, gambling, starvation, sleep-deprivation.
[Text=This CharacterOffsetBegin=806 CharacterOffsetEnd=810 PartOfSpeech=DT] [Text=guy CharacterOffsetBegin=811 CharacterOffsetEnd=814 PartOfSpeech=NN] [Text=was CharacterOffsetBegin=815 CharacterOffsetEnd=818 PartOfSpeech=VBD] [Text=excessive CharacterOffsetBegin=819 CharacterOffsetEnd=828 PartOfSpeech=JJ] [Text=about CharacterOffsetBegin=829 CharacterOffsetEnd=834 PartOfSpeech=IN] [Text=absolutely CharacterOffsetBegin=835 CharacterOffsetEnd=845 PartOfSpeech=RB] [Text=everything CharacterOffsetBegin=846 CharacterOffsetEnd=856 PartOfSpeech=NN] [Text=: CharacterOffsetBegin=856 CharacterOffsetEnd=857 PartOfSpeech=:] [Text=drugs CharacterOffsetBegin=858 CharacterOffsetEnd=863 PartOfSpeech=NNS] [Text=, CharacterOffsetBegin=863 CharacterOffsetEnd=864 PartOfSpeech=,] [Text=women CharacterOffsetBegin=865 CharacterOffsetEnd=870 PartOfSpeech=NNS] [Text=, CharacterOffsetBegin=870 CharacterOffsetEnd=871 PartOfSpeech=,] [Text=gambling CharacterOffsetBegin=872 CharacterOffsetEnd=880 PartOfSpeech=NN] [Text=, CharacterOffsetBegin=880 CharacterOffsetEnd=881 PartOfSpeech=,] [Text=starvation CharacterOffsetBegin=882 CharacterOffsetEnd=892 PartOfSpeech=NN] [Text=, CharacterOffsetBegin=892 CharacterOffsetEnd=893 PartOfSpeech=,] [Text=sleep-deprivation CharacterOffsetBegin=894 CharacterOffsetEnd=911 PartOfSpeech=NN] [Text=. CharacterOffsetBegin=911 CharacterOffsetEnd=912 PartOfSpeech=.] 
root(ROOT-0, excessive-4)
det(guy-2, This-1)
nsubj(excessive-4, guy-2)
cop(excessive-4, was-3)
prep(excessive-4, about-5)
advmod(everything-7, absolutely-6)
pobj(about-5, everything-7)
punct(everything-7, :-8)
dep(everything-7, drugs-9)
punct(drugs-9, ,-10)
conj(drugs-9, women-11)
punct(drugs-9, ,-12)
conj(drugs-9, gambling-13)
punct(drugs-9, ,-14)
conj(drugs-9, starvation-15)
punct(drugs-9, ,-16)
appos(drugs-9, sleep-deprivation-17)
punct(excessive-4, .-18)

Sentence #10 (50 tokens):
He gambled on sporting events from dusk to dawn, he would go missing for days while hanging out in crack dens, his body was perpetually emaciated, and yet, if he ever needed money, he could always beat just about anyone at will playing cards.
[Text=He CharacterOffsetBegin=917 CharacterOffsetEnd=919 PartOfSpeech=PRP] [Text=gambled CharacterOffsetBegin=920 CharacterOffsetEnd=927 PartOfSpeech=VBD] [Text=on CharacterOffsetBegin=928 CharacterOffsetEnd=930 PartOfSpeech=IN] [Text=sporting CharacterOffsetBegin=931 CharacterOffsetEnd=939 PartOfSpeech=VBG] [Text=events CharacterOffsetBegin=940 CharacterOffsetEnd=946 PartOfSpeech=NNS] [Text=from CharacterOffsetBegin=947 CharacterOffsetEnd=951 PartOfSpeech=IN] [Text=dusk CharacterOffsetBegin=952 CharacterOffsetEnd=956 PartOfSpeech=NN] [Text=to CharacterOffsetBegin=957 CharacterOffsetEnd=959 PartOfSpeech=TO] [Text=dawn CharacterOffsetBegin=960 CharacterOffsetEnd=964 PartOfSpeech=NN] [Text=, CharacterOffsetBegin=964 CharacterOffsetEnd=965 PartOfSpeech=,] [Text=he CharacterOffsetBegin=966 CharacterOffsetEnd=968 PartOfSpeech=PRP] [Text=would CharacterOffsetBegin=969 CharacterOffsetEnd=974 PartOfSpeech=MD] [Text=go CharacterOffsetBegin=975 CharacterOffsetEnd=977 PartOfSpeech=VB] [Text=missing CharacterOffsetBegin=978 CharacterOffsetEnd=985 PartOfSpeech=VBG] [Text=for CharacterOffsetBegin=986 CharacterOffsetEnd=989 PartOfSpeech=IN] [Text=days CharacterOffsetBegin=990 CharacterOffsetEnd=994 PartOfSpeech=NNS] [Text=while CharacterOffsetBegin=995 CharacterOffsetEnd=1000 PartOfSpeech=IN] [Text=hanging CharacterOffsetBegin=1001 CharacterOffsetEnd=1008 PartOfSpeech=VBG] [Text=out CharacterOffsetBegin=1009 CharacterOffsetEnd=1012 PartOfSpeech=RP] [Text=in CharacterOffsetBegin=1013 CharacterOffsetEnd=1015 PartOfSpeech=IN] [Text=crack CharacterOffsetBegin=1016 CharacterOffsetEnd=1021 PartOfSpeech=NN] [Text=dens CharacterOffsetBegin=1022 CharacterOffsetEnd=1026 PartOfSpeech=NNS] [Text=, CharacterOffsetBegin=1026 CharacterOffsetEnd=1027 PartOfSpeech=,] [Text=his CharacterOffsetBegin=1028 CharacterOffsetEnd=1031 PartOfSpeech=PRP$] [Text=body CharacterOffsetBegin=1032 CharacterOffsetEnd=1036 PartOfSpeech=NN] [Text=was CharacterOffsetBegin=1037 CharacterOffsetEnd=1040 PartOfSpeech=VBD] [Text=perpetually CharacterOffsetBegin=1041 CharacterOffsetEnd=1052 PartOfSpeech=RB] [Text=emaciated CharacterOffsetBegin=1053 CharacterOffsetEnd=1062 PartOfSpeech=JJ] [Text=, CharacterOffsetBegin=1062 CharacterOffsetEnd=1063 PartOfSpeech=,] [Text=and CharacterOffsetBegin=1064 CharacterOffsetEnd=1067 PartOfSpeech=CC] [Text=yet CharacterOffsetBegin=1068 CharacterOffsetEnd=1071 PartOfSpeech=RB] [Text=, CharacterOffsetBegin=1071 CharacterOffsetEnd=1072 PartOfSpeech=,] [Text=if CharacterOffsetBegin=1073 CharacterOffsetEnd=1075 PartOfSpeech=IN] [Text=he CharacterOffsetBegin=1076 CharacterOffsetEnd=1078 PartOfSpeech=PRP] [Text=ever CharacterOffsetBegin=1079 CharacterOffsetEnd=1083 PartOfSpeech=RB] [Text=needed CharacterOffsetBegin=1084 CharacterOffsetEnd=1090 PartOfSpeech=VBD] [Text=money CharacterOffsetBegin=1091 CharacterOffsetEnd=1096 PartOfSpeech=NN] [Text=, CharacterOffsetBegin=1096 CharacterOffsetEnd=1097 PartOfSpeech=,] [Text=he CharacterOffsetBegin=1098 CharacterOffsetEnd=1100 PartOfSpeech=PRP] [Text=could CharacterOffsetBegin=1101 CharacterOffsetEnd=1106 PartOfSpeech=MD] [Text=always CharacterOffsetBegin=1107 CharacterOffsetEnd=1113 PartOfSpeech=RB] [Text=beat CharacterOffsetBegin=1114 CharacterOffsetEnd=1118 PartOfSpeech=VB] [Text=just CharacterOffsetBegin=1119 CharacterOffsetEnd=1123 PartOfSpeech=RB] [Text=about CharacterOffsetBegin=1124 CharacterOffsetEnd=1129 PartOfSpeech=IN] [Text=anyone CharacterOffsetBegin=1130 CharacterOffsetEnd=1136 PartOfSpeech=NN] [Text=at CharacterOffsetBegin=1137 CharacterOffsetEnd=1139 PartOfSpeech=IN] [Text=will CharacterOffsetBegin=1140 CharacterOffsetEnd=1144 PartOfSpeech=MD] [Text=playing CharacterOffsetBegin=1145 CharacterOffsetEnd=1152 PartOfSpeech=VBG] [Text=cards CharacterOffsetBegin=1153 CharacterOffsetEnd=1158 PartOfSpeech=NNS] [Text=. CharacterOffsetBegin=1158 CharacterOffsetEnd=1159 PartOfSpeech=.] 
root(ROOT-0, gambled-2)
nsubj(gambled-2, He-1)
prep(gambled-2, on-3)
pcomp(on-3, sporting-4)
dobj(sporting-4, events-5)
prep(events-5, from-6)
pobj(from-6, dusk-7)
prep(sporting-4, to-8)
pobj(to-8, dawn-9)
punct(gambled-2, ,-10)
nsubj(go-13, he-11)
aux(go-13, would-12)
ccomp(gambled-2, go-13)
xcomp(go-13, missing-14)
prep(missing-14, for-15)
pobj(for-15, days-16)
mark(hanging-18, while-17)
advcl(go-13, hanging-18)
prt(hanging-18, out-19)
prep(hanging-18, in-20)
nn(dens-22, crack-21)
pobj(in-20, dens-22)
punct(dens-22, ,-23)
poss(body-25, his-24)
nsubj(emaciated-28, body-25)
cop(emaciated-28, was-26)
advmod(emaciated-28, perpetually-27)
rcmod(dens-22, emaciated-28)
punct(dens-22, ,-29)
cc(hanging-18, and-30)
advmod(hanging-18, yet-31)
punct(gambled-2, ,-32)
mark(needed-36, if-33)
nsubj(needed-36, he-34)
advmod(needed-36, ever-35)
advcl(gambled-2, needed-36)
dobj(needed-36, money-37)
punct(gambled-2, ,-38)
nsubj(beat-42, he-39)
aux(beat-42, could-40)
advmod(beat-42, always-41)
ccomp(gambled-2, beat-42)
advmod(about-44, just-43)
prep(beat-42, about-44)
pobj(about-44, anyone-45)
prep(beat-42, at-46)
aux(playing-48, will-47)
pcomp(at-46, playing-48)
dobj(playing-48, cards-49)
punct(gambled-2, .-50)

Sentence #11 (64 tokens):
Now that's a story!Too much time spent on his childhood and personal relationships (although his ties with "Vincent" and his daughter were hardly touched on) and hardly anything about his drugs use (which was exorbitant), his insane gambling and his incredible card-playing abilities.Probably too late now, but I hope someone remakes this film properly.
[Text=Now CharacterOffsetBegin=1164 CharacterOffsetEnd=1167 PartOfSpeech=RB] [Text=that CharacterOffsetBegin=1168 CharacterOffsetEnd=1172 PartOfSpeech=DT] [Text='s CharacterOffsetBegin=1172 CharacterOffsetEnd=1174 PartOfSpeech=VBZ] [Text=a CharacterOffsetBegin=1175 CharacterOffsetEnd=1176 PartOfSpeech=DT] [Text=story!Too CharacterOffsetBegin=1177 CharacterOffsetEnd=1186 PartOfSpeech=NN] [Text=much CharacterOffsetBegin=1187 CharacterOffsetEnd=1191 PartOfSpeech=JJ] [Text=time CharacterOffsetBegin=1192 CharacterOffsetEnd=1196 PartOfSpeech=NN] [Text=spent CharacterOffsetBegin=1197 CharacterOffsetEnd=1202 PartOfSpeech=VBN] [Text=on CharacterOffsetBegin=1203 CharacterOffsetEnd=1205 PartOfSpeech=IN] [Text=his CharacterOffsetBegin=1206 CharacterOffsetEnd=1209 PartOfSpeech=PRP$] [Text=childhood CharacterOffsetBegin=1210 CharacterOffsetEnd=1219 PartOfSpeech=NN] [Text=and CharacterOffsetBegin=1220 CharacterOffsetEnd=1223 PartOfSpeech=CC] [Text=personal CharacterOffsetBegin=1224 CharacterOffsetEnd=1232 PartOfSpeech=JJ] [Text=relationships CharacterOffsetBegin=1233 CharacterOffsetEnd=1246 PartOfSpeech=NNS] [Text=-LRB- CharacterOffsetBegin=1247 CharacterOffsetEnd=1248 PartOfSpeech=-LRB-] [Text=although CharacterOffsetBegin=1248 CharacterOffsetEnd=1256 PartOfSpeech=IN] [Text=his CharacterOffsetBegin=1257 CharacterOffsetEnd=1260 PartOfSpeech=PRP$] [Text=ties CharacterOffsetBegin=1261 CharacterOffsetEnd=1265 PartOfSpeech=NNS] [Text=with CharacterOffsetBegin=1266 CharacterOffsetEnd=1270 PartOfSpeech=IN] [Text=`` CharacterOffsetBegin=1271 CharacterOffsetEnd=1272 PartOfSpeech=``] [Text=Vincent CharacterOffsetBegin=1272 CharacterOffsetEnd=1279 PartOfSpeech=NNP] [Text='' CharacterOffsetBegin=1279 CharacterOffsetEnd=1280 PartOfSpeech=''] [Text=and CharacterOffsetBegin=1281 CharacterOffsetEnd=1284 PartOfSpeech=CC] [Text=his CharacterOffsetBegin=1285 CharacterOffsetEnd=1288 PartOfSpeech=PRP$] [Text=daughter CharacterOffsetBegin=1289 CharacterOffsetEnd=1297 PartOfSpeech=NN] [Text=were CharacterOffsetBegin=1298 CharacterOffsetEnd=1302 PartOfSpeech=VBD] [Text=hardly CharacterOffsetBegin=1303 CharacterOffsetEnd=1309 PartOfSpeech=RB] [Text=touched CharacterOffsetBegin=1310 CharacterOffsetEnd=1317 PartOfSpeech=VBN] [Text=on CharacterOffsetBegin=1318 CharacterOffsetEnd=1320 PartOfSpeech=IN] [Text=-RRB- CharacterOffsetBegin=1320 CharacterOffsetEnd=1321 PartOfSpeech=-RRB-] [Text=and CharacterOffsetBegin=1322 CharacterOffsetEnd=1325 PartOfSpeech=CC] [Text=hardly CharacterOffsetBegin=1326 CharacterOffsetEnd=1332 PartOfSpeech=RB] [Text=anything CharacterOffsetBegin=1333 CharacterOffsetEnd=1341 PartOfSpeech=NN] [Text=about CharacterOffsetBegin=1342 CharacterOffsetEnd=1347 PartOfSpeech=IN] [Text=his CharacterOffsetBegin=1348 CharacterOffsetEnd=1351 PartOfSpeech=PRP$] [Text=drugs CharacterOffsetBegin=1352 CharacterOffsetEnd=1357 PartOfSpeech=NNS] [Text=use CharacterOffsetBegin=1358 CharacterOffsetEnd=1361 PartOfSpeech=VBP] [Text=-LRB- CharacterOffsetBegin=1362 CharacterOffsetEnd=1363 PartOfSpeech=-LRB-] [Text=which CharacterOffsetBegin=1363 CharacterOffsetEnd=1368 PartOfSpeech=WDT] [Text=was CharacterOffsetBegin=1369 CharacterOffsetEnd=1372 PartOfSpeech=VBD] [Text=exorbitant CharacterOffsetBegin=1373 CharacterOffsetEnd=1383 PartOfSpeech=JJ] [Text=-RRB- CharacterOffsetBegin=1383 CharacterOffsetEnd=1384 PartOfSpeech=-RRB-] [Text=, CharacterOffsetBegin=1384 CharacterOffsetEnd=1385 PartOfSpeech=,] [Text=his CharacterOffsetBegin=1386 CharacterOffsetEnd=1389 PartOfSpeech=PRP$] [Text=insane CharacterOffsetBegin=1390 CharacterOffsetEnd=1396 PartOfSpeech=JJ] [Text=gambling CharacterOffsetBegin=1397 CharacterOffsetEnd=1405 PartOfSpeech=NN] [Text=and CharacterOffsetBegin=1406 CharacterOffsetEnd=1409 PartOfSpeech=CC] [Text=his CharacterOffsetBegin=1410 CharacterOffsetEnd=1413 PartOfSpeech=PRP$] [Text=incredible CharacterOffsetBegin=1414 CharacterOffsetEnd=1424 PartOfSpeech=JJ] [Text=card-playing CharacterOffsetBegin=1425 CharacterOffsetEnd=1437 PartOfSpeech=JJ] [Text=abilities.Probably CharacterOffsetBegin=1438 CharacterOffsetEnd=1456 PartOfSpeech=NNP] [Text=too CharacterOffsetBegin=1457 CharacterOffsetEnd=1460 PartOfSpeech=RB] [Text=late CharacterOffsetBegin=1461 CharacterOffsetEnd=1465 PartOfSpeech=RB] [Text=now CharacterOffsetBegin=1466 CharacterOffsetEnd=1469 PartOfSpeech=RB] [Text=, CharacterOffsetBegin=1469 CharacterOffsetEnd=1470 PartOfSpeech=,] [Text=but CharacterOffsetBegin=1471 CharacterOffsetEnd=1474 PartOfSpeech=CC] [Text=I CharacterOffsetBegin=1475 CharacterOffsetEnd=1476 PartOfSpeech=PRP] [Text=hope CharacterOffsetBegin=1477 CharacterOffsetEnd=1481 PartOfSpeech=VBP] [Text=someone CharacterOffsetBegin=1482 CharacterOffsetEnd=1489 PartOfSpeech=NN] [Text=remakes CharacterOffsetBegin=1490 CharacterOffsetEnd=1497 PartOfSpeech=NNS] [Text=this CharacterOffsetBegin=1498 CharacterOffsetEnd=1502 PartOfSpeech=DT] [Text=film CharacterOffsetBegin=1503 CharacterOffsetEnd=1507 PartOfSpeech=NN] [Text=properly CharacterOffsetBegin=1508 CharacterOffsetEnd=1516 PartOfSpeech=RB] [Text=. CharacterOffsetBegin=1516 CharacterOffsetEnd=1517 PartOfSpeech=.] 
root(ROOT-0, time-7)
advmod(time-7, Now-1)
nsubj(time-7, that-2)
cop(time-7, 's-3)
det(time-7, a-4)
nn(time-7, story!Too-5)
amod(time-7, much-6)
partmod(time-7, spent-8)
prep(spent-8, on-9)
poss(childhood-11, his-10)
pobj(on-9, childhood-11)
cc(childhood-11, and-12)
amod(relationships-14, personal-13)
conj(childhood-11, relationships-14)
punct(touched-28, -LRB--15)
mark(touched-28, although-16)
poss(ties-18, his-17)
nsubjpass(touched-28, ties-18)
prep(ties-18, with-19)
punct(with-19, ``-20)
pobj(with-19, Vincent-21)
punct(with-19, ''-22)
cc(ties-18, and-23)
poss(daughter-25, his-24)
conj(ties-18, daughter-25)
auxpass(touched-28, were-26)
advmod(touched-28, hardly-27)
dep(time-7, touched-28)
prt(touched-28, on-29)
punct(touched-28, -RRB--30)
cc(touched-28, and-31)
advmod(anything-33, hardly-32)
conj(touched-28, anything-33)
prep(anything-33, about-34)
poss(drugs-36, his-35)
nsubj(use-37, drugs-36)
pcomp(about-34, use-37)
punct(exorbitant-41, -LRB--38)
nsubj(exorbitant-41, which-39)
cop(exorbitant-41, was-40)
dep(use-37, exorbitant-41)
punct(exorbitant-41, -RRB--42)
punct(touched-28, ,-43)
poss(gambling-46, his-44)
amod(gambling-46, insane-45)
conj(touched-28, gambling-46)
cc(touched-28, and-47)
poss(abilities.Probably-51, his-48)
nn(abilities.Probably-51, incredible-49)
nn(abilities.Probably-51, card-playing-50)
conj(touched-28, abilities.Probably-51)
advmod(late-53, too-52)
advmod(now-54, late-53)
advmod(abilities.Probably-51, now-54)
punct(touched-28, ,-55)
cc(touched-28, but-56)
nsubj(hope-58, I-57)
conj(touched-28, hope-58)
dobj(hope-58, someone-59)
dep(someone-59, remakes-60)
det(film-62, this-61)
dobj(remakes-60, film-62)
advmod(remakes-60, properly-63)
punct(time-7, .-64)

Sentence #12 (7 tokens):
I had no problem with Imperioli.
[Text=I CharacterOffsetBegin=1522 CharacterOffsetEnd=1523 PartOfSpeech=PRP] [Text=had CharacterOffsetBegin=1524 CharacterOffsetEnd=1527 PartOfSpeech=VBD] [Text=no CharacterOffsetBegin=1528 CharacterOffsetEnd=1530 PartOfSpeech=DT] [Text=problem CharacterOffsetBegin=1531 CharacterOffsetEnd=1538 PartOfSpeech=NN] [Text=with CharacterOffsetBegin=1539 CharacterOffsetEnd=1543 PartOfSpeech=IN] [Text=Imperioli CharacterOffsetBegin=1544 CharacterOffsetEnd=1553 PartOfSpeech=NN] [Text=. CharacterOffsetBegin=1553 CharacterOffsetEnd=1554 PartOfSpeech=.] 
root(ROOT-0, had-2)
nsubj(had-2, I-1)
det(problem-4, no-3)
dobj(had-2, problem-4)
prep(had-2, with-5)
pobj(with-5, Imperioli-6)
punct(had-2, .-7)

Sentence #13 (4 tokens):
He is excellent.
[Text=He CharacterOffsetBegin=1559 CharacterOffsetEnd=1561 PartOfSpeech=PRP] [Text=is CharacterOffsetBegin=1562 CharacterOffsetEnd=1564 PartOfSpeech=VBZ] [Text=excellent CharacterOffsetBegin=1565 CharacterOffsetEnd=1574 PartOfSpeech=JJ] [Text=. CharacterOffsetBegin=1574 CharacterOffsetEnd=1575 PartOfSpeech=.] 
root(ROOT-0, excellent-3)
nsubj(excellent-3, He-1)
cop(excellent-3, is-2)
punct(excellent-3, .-4)

Sentence #14 (11 tokens):
The script just left him with nothing interesting to say.
[Text=The CharacterOffsetBegin=1580 CharacterOffsetEnd=1583 PartOfSpeech=DT] [Text=script CharacterOffsetBegin=1584 CharacterOffsetEnd=1590 PartOfSpeech=NN] [Text=just CharacterOffsetBegin=1591 CharacterOffsetEnd=1595 PartOfSpeech=RB] [Text=left CharacterOffsetBegin=1596 CharacterOffsetEnd=1600 PartOfSpeech=VBD] [Text=him CharacterOffsetBegin=1601 CharacterOffsetEnd=1604 PartOfSpeech=PRP] [Text=with CharacterOffsetBegin=1605 CharacterOffsetEnd=1609 PartOfSpeech=IN] [Text=nothing CharacterOffsetBegin=1610 CharacterOffsetEnd=1617 PartOfSpeech=NN] [Text=interesting CharacterOffsetBegin=1618 CharacterOffsetEnd=1629 PartOfSpeech=JJ] [Text=to CharacterOffsetBegin=1630 CharacterOffsetEnd=1632 PartOfSpeech=TO] [Text=say CharacterOffsetBegin=1633 CharacterOffsetEnd=1636 PartOfSpeech=VB] [Text=. CharacterOffsetBegin=1636 CharacterOffsetEnd=1637 PartOfSpeech=.] 
root(ROOT-0, left-4)
det(script-2, The-1)
nsubj(left-4, script-2)
advmod(left-4, just-3)
dobj(left-4, him-5)
prep(left-4, with-6)
pobj(with-6, nothing-7)
amod(nothing-7, interesting-8)
aux(say-10, to-9)
xcomp(interesting-8, say-10)
punct(left-4, .-11)

