Sentence #1 (24 tokens):
I loved the first Grudge, I watched it in an empty theater,and in all honesty, I was freaked out.
[Text=I CharacterOffsetBegin=4 CharacterOffsetEnd=5 PartOfSpeech=PRP] [Text=loved CharacterOffsetBegin=6 CharacterOffsetEnd=11 PartOfSpeech=VBD] [Text=the CharacterOffsetBegin=12 CharacterOffsetEnd=15 PartOfSpeech=DT] [Text=first CharacterOffsetBegin=16 CharacterOffsetEnd=21 PartOfSpeech=JJ] [Text=Grudge CharacterOffsetBegin=22 CharacterOffsetEnd=28 PartOfSpeech=NNP] [Text=, CharacterOffsetBegin=28 CharacterOffsetEnd=29 PartOfSpeech=,] [Text=I CharacterOffsetBegin=30 CharacterOffsetEnd=31 PartOfSpeech=PRP] [Text=watched CharacterOffsetBegin=32 CharacterOffsetEnd=39 PartOfSpeech=VBD] [Text=it CharacterOffsetBegin=40 CharacterOffsetEnd=42 PartOfSpeech=PRP] [Text=in CharacterOffsetBegin=43 CharacterOffsetEnd=45 PartOfSpeech=IN] [Text=an CharacterOffsetBegin=46 CharacterOffsetEnd=48 PartOfSpeech=DT] [Text=empty CharacterOffsetBegin=49 CharacterOffsetEnd=54 PartOfSpeech=JJ] [Text=theater CharacterOffsetBegin=55 CharacterOffsetEnd=62 PartOfSpeech=NN] [Text=, CharacterOffsetBegin=62 CharacterOffsetEnd=63 PartOfSpeech=,] [Text=and CharacterOffsetBegin=63 CharacterOffsetEnd=66 PartOfSpeech=CC] [Text=in CharacterOffsetBegin=67 CharacterOffsetEnd=69 PartOfSpeech=IN] [Text=all CharacterOffsetBegin=70 CharacterOffsetEnd=73 PartOfSpeech=DT] [Text=honesty CharacterOffsetBegin=74 CharacterOffsetEnd=81 PartOfSpeech=NN] [Text=, CharacterOffsetBegin=81 CharacterOffsetEnd=82 PartOfSpeech=,] [Text=I CharacterOffsetBegin=83 CharacterOffsetEnd=84 PartOfSpeech=PRP] [Text=was CharacterOffsetBegin=85 CharacterOffsetEnd=88 PartOfSpeech=VBD] [Text=freaked CharacterOffsetBegin=89 CharacterOffsetEnd=96 PartOfSpeech=VBN] [Text=out CharacterOffsetBegin=97 CharacterOffsetEnd=100 PartOfSpeech=RP] [Text=. CharacterOffsetBegin=100 CharacterOffsetEnd=101 PartOfSpeech=.] 
root(ROOT-0, loved-2)
nsubj(loved-2, I-1)
det(Grudge-5, the-3)
amod(Grudge-5, first-4)
dobj(loved-2, Grudge-5)
punct(loved-2, ,-6)
nsubj(watched-8, I-7)
ccomp(loved-2, watched-8)
dobj(watched-8, it-9)
prep(watched-8, in-10)
det(theater-13, an-11)
amod(theater-13, empty-12)
pobj(in-10, theater-13)
punct(loved-2, ,-14)
cc(loved-2, and-15)
prep(freaked-22, in-16)
det(honesty-18, all-17)
pobj(in-16, honesty-18)
punct(freaked-22, ,-19)
nsubjpass(freaked-22, I-20)
auxpass(freaked-22, was-21)
conj(loved-2, freaked-22)
prt(freaked-22, out-23)
punct(loved-2, .-24)

Sentence #2 (100 tokens):
Never before had I heard the unique audio of chilling sounds, it truly was gripping.The Grudge 2 however, had a couple of good jumps, but the story line was real messy, and not entirely believable, and all over the place, with a couple of scenes, (like a female urinating herself out of fear, or another one of a young woman drinking a jug of milk then vomiting it all up again) which really made no sense, and did not help to enhance the creep factor of the film.
[Text=Never CharacterOffsetBegin=106 CharacterOffsetEnd=111 PartOfSpeech=RB] [Text=before CharacterOffsetBegin=112 CharacterOffsetEnd=118 PartOfSpeech=IN] [Text=had CharacterOffsetBegin=119 CharacterOffsetEnd=122 PartOfSpeech=VBD] [Text=I CharacterOffsetBegin=123 CharacterOffsetEnd=124 PartOfSpeech=PRP] [Text=heard CharacterOffsetBegin=125 CharacterOffsetEnd=130 PartOfSpeech=VBD] [Text=the CharacterOffsetBegin=131 CharacterOffsetEnd=134 PartOfSpeech=DT] [Text=unique CharacterOffsetBegin=135 CharacterOffsetEnd=141 PartOfSpeech=JJ] [Text=audio CharacterOffsetBegin=142 CharacterOffsetEnd=147 PartOfSpeech=NN] [Text=of CharacterOffsetBegin=148 CharacterOffsetEnd=150 PartOfSpeech=IN] [Text=chilling CharacterOffsetBegin=151 CharacterOffsetEnd=159 PartOfSpeech=VBG] [Text=sounds CharacterOffsetBegin=160 CharacterOffsetEnd=166 PartOfSpeech=NNS] [Text=, CharacterOffsetBegin=166 CharacterOffsetEnd=167 PartOfSpeech=,] [Text=it CharacterOffsetBegin=168 CharacterOffsetEnd=170 PartOfSpeech=PRP] [Text=truly CharacterOffsetBegin=171 CharacterOffsetEnd=176 PartOfSpeech=RB] [Text=was CharacterOffsetBegin=177 CharacterOffsetEnd=180 PartOfSpeech=VBD] [Text=gripping.The CharacterOffsetBegin=181 CharacterOffsetEnd=193 PartOfSpeech=NNP] [Text=Grudge CharacterOffsetBegin=194 CharacterOffsetEnd=200 PartOfSpeech=NNP] [Text=2 CharacterOffsetBegin=201 CharacterOffsetEnd=202 PartOfSpeech=CD] [Text=however CharacterOffsetBegin=203 CharacterOffsetEnd=210 PartOfSpeech=RB] [Text=, CharacterOffsetBegin=210 CharacterOffsetEnd=211 PartOfSpeech=,] [Text=had CharacterOffsetBegin=212 CharacterOffsetEnd=215 PartOfSpeech=VBD] [Text=a CharacterOffsetBegin=216 CharacterOffsetEnd=217 PartOfSpeech=DT] [Text=couple CharacterOffsetBegin=218 CharacterOffsetEnd=224 PartOfSpeech=NN] [Text=of CharacterOffsetBegin=225 CharacterOffsetEnd=227 PartOfSpeech=IN] [Text=good CharacterOffsetBegin=228 CharacterOffsetEnd=232 PartOfSpeech=JJ] [Text=jumps CharacterOffsetBegin=233 CharacterOffsetEnd=238 PartOfSpeech=NNS] [Text=, CharacterOffsetBegin=238 CharacterOffsetEnd=239 PartOfSpeech=,] [Text=but CharacterOffsetBegin=240 CharacterOffsetEnd=243 PartOfSpeech=CC] [Text=the CharacterOffsetBegin=244 CharacterOffsetEnd=247 PartOfSpeech=DT] [Text=story CharacterOffsetBegin=248 CharacterOffsetEnd=253 PartOfSpeech=NN] [Text=line CharacterOffsetBegin=254 CharacterOffsetEnd=258 PartOfSpeech=NN] [Text=was CharacterOffsetBegin=259 CharacterOffsetEnd=262 PartOfSpeech=VBD] [Text=real CharacterOffsetBegin=263 CharacterOffsetEnd=267 PartOfSpeech=JJ] [Text=messy CharacterOffsetBegin=268 CharacterOffsetEnd=273 PartOfSpeech=JJ] [Text=, CharacterOffsetBegin=273 CharacterOffsetEnd=274 PartOfSpeech=,] [Text=and CharacterOffsetBegin=275 CharacterOffsetEnd=278 PartOfSpeech=CC] [Text=not CharacterOffsetBegin=279 CharacterOffsetEnd=282 PartOfSpeech=RB] [Text=entirely CharacterOffsetBegin=283 CharacterOffsetEnd=291 PartOfSpeech=RB] [Text=believable CharacterOffsetBegin=292 CharacterOffsetEnd=302 PartOfSpeech=JJ] [Text=, CharacterOffsetBegin=302 CharacterOffsetEnd=303 PartOfSpeech=,] [Text=and CharacterOffsetBegin=304 CharacterOffsetEnd=307 PartOfSpeech=CC] [Text=all CharacterOffsetBegin=308 CharacterOffsetEnd=311 PartOfSpeech=DT] [Text=over CharacterOffsetBegin=312 CharacterOffsetEnd=316 PartOfSpeech=IN] [Text=the CharacterOffsetBegin=317 CharacterOffsetEnd=320 PartOfSpeech=DT] [Text=place CharacterOffsetBegin=321 CharacterOffsetEnd=326 PartOfSpeech=NN] [Text=, CharacterOffsetBegin=326 CharacterOffsetEnd=327 PartOfSpeech=,] [Text=with CharacterOffsetBegin=328 CharacterOffsetEnd=332 PartOfSpeech=IN] [Text=a CharacterOffsetBegin=333 CharacterOffsetEnd=334 PartOfSpeech=DT] [Text=couple CharacterOffsetBegin=335 CharacterOffsetEnd=341 PartOfSpeech=NN] [Text=of CharacterOffsetBegin=342 CharacterOffsetEnd=344 PartOfSpeech=IN] [Text=scenes CharacterOffsetBegin=345 CharacterOffsetEnd=351 PartOfSpeech=NNS] [Text=, CharacterOffsetBegin=351 CharacterOffsetEnd=352 PartOfSpeech=,] [Text=-LRB- CharacterOffsetBegin=353 CharacterOffsetEnd=354 PartOfSpeech=-LRB-] [Text=like CharacterOffsetBegin=354 CharacterOffsetEnd=358 PartOfSpeech=IN] [Text=a CharacterOffsetBegin=359 CharacterOffsetEnd=360 PartOfSpeech=DT] [Text=female CharacterOffsetBegin=361 CharacterOffsetEnd=367 PartOfSpeech=JJ] [Text=urinating CharacterOffsetBegin=368 CharacterOffsetEnd=377 PartOfSpeech=VBG] [Text=herself CharacterOffsetBegin=378 CharacterOffsetEnd=385 PartOfSpeech=PRP] [Text=out CharacterOffsetBegin=386 CharacterOffsetEnd=389 PartOfSpeech=IN] [Text=of CharacterOffsetBegin=390 CharacterOffsetEnd=392 PartOfSpeech=IN] [Text=fear CharacterOffsetBegin=393 CharacterOffsetEnd=397 PartOfSpeech=NN] [Text=, CharacterOffsetBegin=397 CharacterOffsetEnd=398 PartOfSpeech=,] [Text=or CharacterOffsetBegin=399 CharacterOffsetEnd=401 PartOfSpeech=CC] [Text=another CharacterOffsetBegin=402 CharacterOffsetEnd=409 PartOfSpeech=DT] [Text=one CharacterOffsetBegin=410 CharacterOffsetEnd=413 PartOfSpeech=CD] [Text=of CharacterOffsetBegin=414 CharacterOffsetEnd=416 PartOfSpeech=IN] [Text=a CharacterOffsetBegin=417 CharacterOffsetEnd=418 PartOfSpeech=DT] [Text=young CharacterOffsetBegin=419 CharacterOffsetEnd=424 PartOfSpeech=JJ] [Text=woman CharacterOffsetBegin=425 CharacterOffsetEnd=430 PartOfSpeech=NN] [Text=drinking CharacterOffsetBegin=431 CharacterOffsetEnd=439 PartOfSpeech=VBG] [Text=a CharacterOffsetBegin=440 CharacterOffsetEnd=441 PartOfSpeech=DT] [Text=jug CharacterOffsetBegin=442 CharacterOffsetEnd=445 PartOfSpeech=NN] [Text=of CharacterOffsetBegin=446 CharacterOffsetEnd=448 PartOfSpeech=IN] [Text=milk CharacterOffsetBegin=449 CharacterOffsetEnd=453 PartOfSpeech=NN] [Text=then CharacterOffsetBegin=454 CharacterOffsetEnd=458 PartOfSpeech=RB] [Text=vomiting CharacterOffsetBegin=459 CharacterOffsetEnd=467 PartOfSpeech=VBG] [Text=it CharacterOffsetBegin=468 CharacterOffsetEnd=470 PartOfSpeech=PRP] [Text=all CharacterOffsetBegin=471 CharacterOffsetEnd=474 PartOfSpeech=DT] [Text=up CharacterOffsetBegin=475 CharacterOffsetEnd=477 PartOfSpeech=RP] [Text=again CharacterOffsetBegin=478 CharacterOffsetEnd=483 PartOfSpeech=RB] [Text=-RRB- CharacterOffsetBegin=483 CharacterOffsetEnd=484 PartOfSpeech=-RRB-] [Text=which CharacterOffsetBegin=485 CharacterOffsetEnd=490 PartOfSpeech=WDT] [Text=really CharacterOffsetBegin=491 CharacterOffsetEnd=497 PartOfSpeech=RB] [Text=made CharacterOffsetBegin=498 CharacterOffsetEnd=502 PartOfSpeech=VBD] [Text=no CharacterOffsetBegin=503 CharacterOffsetEnd=505 PartOfSpeech=DT] [Text=sense CharacterOffsetBegin=506 CharacterOffsetEnd=511 PartOfSpeech=NN] [Text=, CharacterOffsetBegin=511 CharacterOffsetEnd=512 PartOfSpeech=,] [Text=and CharacterOffsetBegin=513 CharacterOffsetEnd=516 PartOfSpeech=CC] [Text=did CharacterOffsetBegin=517 CharacterOffsetEnd=520 PartOfSpeech=VBD] [Text=not CharacterOffsetBegin=521 CharacterOffsetEnd=524 PartOfSpeech=RB] [Text=help CharacterOffsetBegin=525 CharacterOffsetEnd=529 PartOfSpeech=VB] [Text=to CharacterOffsetBegin=530 CharacterOffsetEnd=532 PartOfSpeech=TO] [Text=enhance CharacterOffsetBegin=533 CharacterOffsetEnd=540 PartOfSpeech=VB] [Text=the CharacterOffsetBegin=541 CharacterOffsetEnd=544 PartOfSpeech=DT] [Text=creep CharacterOffsetBegin=545 CharacterOffsetEnd=550 PartOfSpeech=NN] [Text=factor CharacterOffsetBegin=551 CharacterOffsetEnd=557 PartOfSpeech=NN] [Text=of CharacterOffsetBegin=558 CharacterOffsetEnd=560 PartOfSpeech=IN] [Text=the CharacterOffsetBegin=561 CharacterOffsetEnd=564 PartOfSpeech=DT] [Text=film CharacterOffsetBegin=565 CharacterOffsetEnd=569 PartOfSpeech=NN] [Text=. CharacterOffsetBegin=569 CharacterOffsetEnd=570 PartOfSpeech=.] 
root(ROOT-0, Grudge-17)
advmod(heard-5, Never-1)
advmod(heard-5, before-2)
aux(heard-5, had-3)
nsubj(heard-5, I-4)
advcl(Grudge-17, heard-5)
det(audio-8, the-6)
amod(audio-8, unique-7)
dobj(heard-5, audio-8)
prep(audio-8, of-9)
amod(sounds-11, chilling-10)
pobj(of-9, sounds-11)
punct(Grudge-17, ,-12)
nsubj(Grudge-17, it-13)
advmod(Grudge-17, truly-14)
cop(Grudge-17, was-15)
nn(Grudge-17, gripping.The-16)
num(Grudge-17, 2-18)
advmod(Grudge-17, however-19)
punct(Grudge-17, ,-20)
dep(Grudge-17, had-21)
det(couple-23, a-22)
dobj(had-21, couple-23)
prep(couple-23, of-24)
amod(jumps-26, good-25)
pobj(of-24, jumps-26)
punct(had-21, ,-27)
cc(had-21, but-28)
det(line-31, the-29)
nn(line-31, story-30)
nsubj(messy-34, line-31)
cop(messy-34, was-32)
amod(messy-34, real-33)
conj(had-21, messy-34)
punct(messy-34, ,-35)
cc(messy-34, and-36)
neg(believable-39, not-37)
advmod(believable-39, entirely-38)
conj(messy-34, believable-39)
punct(Grudge-17, ,-40)
cc(Grudge-17, and-41)
dep(over-43, all-42)
conj(Grudge-17, over-43)
det(place-45, the-44)
pobj(over-43, place-45)
punct(Grudge-17, ,-46)
prep(Grudge-17, with-47)
det(couple-49, a-48)
pobj(with-47, couple-49)
prep(couple-49, of-50)
pobj(of-50, scenes-51)
punct(Grudge-17, ,-52)
punct(like-54, -LRB--53)
dep(Grudge-17, like-54)
det(urinating-57, a-55)
amod(urinating-57, female-56)
pobj(like-54, urinating-57)
dep(urinating-57, herself-58)
prep(herself-58, out-59)
pcomp(out-59, of-60)
pobj(of-60, fear-61)
punct(fear-61, ,-62)
cc(fear-61, or-63)
det(one-65, another-64)
conj(fear-61, one-65)
prep(one-65, of-66)
det(woman-69, a-67)
amod(woman-69, young-68)
pobj(of-66, woman-69)
partmod(woman-69, drinking-70)
det(jug-72, a-71)
dobj(drinking-70, jug-72)
prep(jug-72, of-73)
pobj(of-73, milk-74)
advmod(vomiting-76, then-75)
dep(drinking-70, vomiting-76)
dobj(vomiting-76, it-77)
dep(vomiting-76, all-78)
prt(all-78, up-79)
advmod(all-78, again-80)
punct(all-78, -RRB--81)
nsubj(made-84, which-82)
advmod(made-84, really-83)
dep(vomiting-76, made-84)
det(sense-86, no-85)
dobj(made-84, sense-86)
punct(like-54, ,-87)
cc(like-54, and-88)
aux(help-91, did-89)
neg(help-91, not-90)
conj(like-54, help-91)
aux(enhance-93, to-92)
xcomp(help-91, enhance-93)
det(factor-96, the-94)
nn(factor-96, creep-95)
dobj(enhance-93, factor-96)
prep(factor-96, of-97)
det(film-99, the-98)
pobj(of-97, film-99)
punct(Grudge-17, .-100)

Sentence #3 (21 tokens):
During these scenes, and a couple of others, people in the sold out audience actually laughed out loud.
[Text=During CharacterOffsetBegin=575 CharacterOffsetEnd=581 PartOfSpeech=IN] [Text=these CharacterOffsetBegin=582 CharacterOffsetEnd=587 PartOfSpeech=DT] [Text=scenes CharacterOffsetBegin=588 CharacterOffsetEnd=594 PartOfSpeech=NNS] [Text=, CharacterOffsetBegin=594 CharacterOffsetEnd=595 PartOfSpeech=,] [Text=and CharacterOffsetBegin=596 CharacterOffsetEnd=599 PartOfSpeech=CC] [Text=a CharacterOffsetBegin=600 CharacterOffsetEnd=601 PartOfSpeech=DT] [Text=couple CharacterOffsetBegin=602 CharacterOffsetEnd=608 PartOfSpeech=NN] [Text=of CharacterOffsetBegin=609 CharacterOffsetEnd=611 PartOfSpeech=IN] [Text=others CharacterOffsetBegin=612 CharacterOffsetEnd=618 PartOfSpeech=NNS] [Text=, CharacterOffsetBegin=618 CharacterOffsetEnd=619 PartOfSpeech=,] [Text=people CharacterOffsetBegin=620 CharacterOffsetEnd=626 PartOfSpeech=NNS] [Text=in CharacterOffsetBegin=627 CharacterOffsetEnd=629 PartOfSpeech=IN] [Text=the CharacterOffsetBegin=630 CharacterOffsetEnd=633 PartOfSpeech=DT] [Text=sold CharacterOffsetBegin=634 CharacterOffsetEnd=638 PartOfSpeech=VBN] [Text=out CharacterOffsetBegin=639 CharacterOffsetEnd=642 PartOfSpeech=RP] [Text=audience CharacterOffsetBegin=643 CharacterOffsetEnd=651 PartOfSpeech=NN] [Text=actually CharacterOffsetBegin=652 CharacterOffsetEnd=660 PartOfSpeech=RB] [Text=laughed CharacterOffsetBegin=661 CharacterOffsetEnd=668 PartOfSpeech=VBD] [Text=out CharacterOffsetBegin=669 CharacterOffsetEnd=672 PartOfSpeech=RP] [Text=loud CharacterOffsetBegin=673 CharacterOffsetEnd=677 PartOfSpeech=JJ] [Text=. CharacterOffsetBegin=677 CharacterOffsetEnd=678 PartOfSpeech=.] 
root(ROOT-0, laughed-18)
prep(laughed-18, During-1)
det(scenes-3, these-2)
pobj(During-1, scenes-3)
punct(During-1, ,-4)
cc(During-1, and-5)
det(couple-7, a-6)
conj(During-1, couple-7)
prep(couple-7, of-8)
pobj(of-8, others-9)
punct(laughed-18, ,-10)
nsubj(laughed-18, people-11)
prep(people-11, in-12)
det(audience-16, the-13)
amod(audience-16, sold-14)
prt(sold-14, out-15)
pobj(in-12, audience-16)
advmod(laughed-18, actually-17)
prt(laughed-18, out-19)
acomp(laughed-18, loud-20)
punct(laughed-18, .-21)

Sentence #4 (19 tokens):
That was a good indicator to show how this film lacked the thrills, chills, or creeps.
[Text=That CharacterOffsetBegin=683 CharacterOffsetEnd=687 PartOfSpeech=DT] [Text=was CharacterOffsetBegin=688 CharacterOffsetEnd=691 PartOfSpeech=VBD] [Text=a CharacterOffsetBegin=692 CharacterOffsetEnd=693 PartOfSpeech=DT] [Text=good CharacterOffsetBegin=694 CharacterOffsetEnd=698 PartOfSpeech=JJ] [Text=indicator CharacterOffsetBegin=699 CharacterOffsetEnd=708 PartOfSpeech=NN] [Text=to CharacterOffsetBegin=709 CharacterOffsetEnd=711 PartOfSpeech=TO] [Text=show CharacterOffsetBegin=712 CharacterOffsetEnd=716 PartOfSpeech=VB] [Text=how CharacterOffsetBegin=717 CharacterOffsetEnd=720 PartOfSpeech=WRB] [Text=this CharacterOffsetBegin=721 CharacterOffsetEnd=725 PartOfSpeech=DT] [Text=film CharacterOffsetBegin=726 CharacterOffsetEnd=730 PartOfSpeech=NN] [Text=lacked CharacterOffsetBegin=731 CharacterOffsetEnd=737 PartOfSpeech=VBD] [Text=the CharacterOffsetBegin=738 CharacterOffsetEnd=741 PartOfSpeech=DT] [Text=thrills CharacterOffsetBegin=742 CharacterOffsetEnd=749 PartOfSpeech=VBZ] [Text=, CharacterOffsetBegin=749 CharacterOffsetEnd=750 PartOfSpeech=,] [Text=chills CharacterOffsetBegin=751 CharacterOffsetEnd=757 PartOfSpeech=NNS] [Text=, CharacterOffsetBegin=757 CharacterOffsetEnd=758 PartOfSpeech=,] [Text=or CharacterOffsetBegin=759 CharacterOffsetEnd=761 PartOfSpeech=CC] [Text=creeps CharacterOffsetBegin=762 CharacterOffsetEnd=768 PartOfSpeech=NNS] [Text=. CharacterOffsetBegin=768 CharacterOffsetEnd=769 PartOfSpeech=.] 
root(ROOT-0, indicator-5)
nsubj(indicator-5, That-1)
cop(indicator-5, was-2)
det(indicator-5, a-3)
amod(indicator-5, good-4)
aux(show-7, to-6)
infmod(indicator-5, show-7)
advmod(lacked-11, how-8)
det(film-10, this-9)
nsubj(lacked-11, film-10)
ccomp(show-7, lacked-11)
dobj(lacked-11, the-12)
dep(the-12, thrills-13)
punct(thrills-13, ,-14)
conj(thrills-13, chills-15)
punct(thrills-13, ,-16)
cc(thrills-13, or-17)
conj(thrills-13, creeps-18)
punct(indicator-5, .-19)

Sentence #5 (38 tokens):
The acting was decent, the emotions portrayed were believable, so hats off to the actors, but the cluttered storyline and its lack of direction was something I couldn't shake throughout the entire movie.
[Text=The CharacterOffsetBegin=774 CharacterOffsetEnd=777 PartOfSpeech=DT] [Text=acting CharacterOffsetBegin=778 CharacterOffsetEnd=784 PartOfSpeech=NN] [Text=was CharacterOffsetBegin=785 CharacterOffsetEnd=788 PartOfSpeech=VBD] [Text=decent CharacterOffsetBegin=789 CharacterOffsetEnd=795 PartOfSpeech=JJ] [Text=, CharacterOffsetBegin=795 CharacterOffsetEnd=796 PartOfSpeech=,] [Text=the CharacterOffsetBegin=797 CharacterOffsetEnd=800 PartOfSpeech=DT] [Text=emotions CharacterOffsetBegin=801 CharacterOffsetEnd=809 PartOfSpeech=NNS] [Text=portrayed CharacterOffsetBegin=810 CharacterOffsetEnd=819 PartOfSpeech=VBN] [Text=were CharacterOffsetBegin=820 CharacterOffsetEnd=824 PartOfSpeech=VBD] [Text=believable CharacterOffsetBegin=825 CharacterOffsetEnd=835 PartOfSpeech=JJ] [Text=, CharacterOffsetBegin=835 CharacterOffsetEnd=836 PartOfSpeech=,] [Text=so CharacterOffsetBegin=837 CharacterOffsetEnd=839 PartOfSpeech=RB] [Text=hats CharacterOffsetBegin=840 CharacterOffsetEnd=844 PartOfSpeech=NNS] [Text=off CharacterOffsetBegin=845 CharacterOffsetEnd=848 PartOfSpeech=IN] [Text=to CharacterOffsetBegin=849 CharacterOffsetEnd=851 PartOfSpeech=TO] [Text=the CharacterOffsetBegin=852 CharacterOffsetEnd=855 PartOfSpeech=DT] [Text=actors CharacterOffsetBegin=856 CharacterOffsetEnd=862 PartOfSpeech=NNS] [Text=, CharacterOffsetBegin=862 CharacterOffsetEnd=863 PartOfSpeech=,] [Text=but CharacterOffsetBegin=864 CharacterOffsetEnd=867 PartOfSpeech=CC] [Text=the CharacterOffsetBegin=868 CharacterOffsetEnd=871 PartOfSpeech=DT] [Text=cluttered CharacterOffsetBegin=872 CharacterOffsetEnd=881 PartOfSpeech=JJ] [Text=storyline CharacterOffsetBegin=882 CharacterOffsetEnd=891 PartOfSpeech=NN] [Text=and CharacterOffsetBegin=892 CharacterOffsetEnd=895 PartOfSpeech=CC] [Text=its CharacterOffsetBegin=896 CharacterOffsetEnd=899 PartOfSpeech=PRP$] [Text=lack CharacterOffsetBegin=900 CharacterOffsetEnd=904 PartOfSpeech=NN] [Text=of CharacterOffsetBegin=905 CharacterOffsetEnd=907 PartOfSpeech=IN] [Text=direction CharacterOffsetBegin=908 CharacterOffsetEnd=917 PartOfSpeech=NN] [Text=was CharacterOffsetBegin=918 CharacterOffsetEnd=921 PartOfSpeech=VBD] [Text=something CharacterOffsetBegin=922 CharacterOffsetEnd=931 PartOfSpeech=NN] [Text=I CharacterOffsetBegin=932 CharacterOffsetEnd=933 PartOfSpeech=PRP] [Text=could CharacterOffsetBegin=934 CharacterOffsetEnd=939 PartOfSpeech=MD] [Text=n't CharacterOffsetBegin=939 CharacterOffsetEnd=942 PartOfSpeech=RB] [Text=shake CharacterOffsetBegin=943 CharacterOffsetEnd=948 PartOfSpeech=VB] [Text=throughout CharacterOffsetBegin=949 CharacterOffsetEnd=959 PartOfSpeech=IN] [Text=the CharacterOffsetBegin=960 CharacterOffsetEnd=963 PartOfSpeech=DT] [Text=entire CharacterOffsetBegin=964 CharacterOffsetEnd=970 PartOfSpeech=JJ] [Text=movie CharacterOffsetBegin=971 CharacterOffsetEnd=976 PartOfSpeech=NN] [Text=. CharacterOffsetBegin=976 CharacterOffsetEnd=977 PartOfSpeech=.] 
root(ROOT-0, decent-4)
det(acting-2, The-1)
nsubj(decent-4, acting-2)
cop(decent-4, was-3)
punct(decent-4, ,-5)
dep(decent-4, the-6)
nsubj(believable-10, emotions-7)
partmod(emotions-7, portrayed-8)
cop(believable-10, were-9)
ccomp(the-6, believable-10)
punct(believable-10, ,-11)
advmod(believable-10, so-12)
dep(believable-10, hats-13)
prep(hats-13, off-14)
pcomp(off-14, to-15)
det(actors-17, the-16)
pobj(to-15, actors-17)
punct(believable-10, ,-18)
cc(believable-10, but-19)
det(storyline-22, the-20)
amod(storyline-22, cluttered-21)
nsubj(something-29, storyline-22)
cc(storyline-22, and-23)
poss(lack-25, its-24)
conj(storyline-22, lack-25)
prep(lack-25, of-26)
pobj(of-26, direction-27)
cop(something-29, was-28)
conj(believable-10, something-29)
nsubj(shake-33, I-30)
aux(shake-33, could-31)
neg(shake-33, n't-32)
rcmod(something-29, shake-33)
prep(shake-33, throughout-34)
det(movie-37, the-35)
amod(movie-37, entire-36)
pobj(throughout-34, movie-37)
punct(decent-4, .-38)

Sentence #6 (32 tokens):
I was annoyed more than anything, same old grudge gagging noises, a couple of quick unexpected scenes to make me jump, but overall, I was very disappointed.
[Text=I CharacterOffsetBegin=982 CharacterOffsetEnd=983 PartOfSpeech=PRP] [Text=was CharacterOffsetBegin=984 CharacterOffsetEnd=987 PartOfSpeech=VBD] [Text=annoyed CharacterOffsetBegin=988 CharacterOffsetEnd=995 PartOfSpeech=VBN] [Text=more CharacterOffsetBegin=996 CharacterOffsetEnd=1000 PartOfSpeech=RBR] [Text=than CharacterOffsetBegin=1001 CharacterOffsetEnd=1005 PartOfSpeech=IN] [Text=anything CharacterOffsetBegin=1006 CharacterOffsetEnd=1014 PartOfSpeech=NN] [Text=, CharacterOffsetBegin=1014 CharacterOffsetEnd=1015 PartOfSpeech=,] [Text=same CharacterOffsetBegin=1016 CharacterOffsetEnd=1020 PartOfSpeech=JJ] [Text=old CharacterOffsetBegin=1021 CharacterOffsetEnd=1024 PartOfSpeech=JJ] [Text=grudge CharacterOffsetBegin=1025 CharacterOffsetEnd=1031 PartOfSpeech=NN] [Text=gagging CharacterOffsetBegin=1032 CharacterOffsetEnd=1039 PartOfSpeech=VBG] [Text=noises CharacterOffsetBegin=1040 CharacterOffsetEnd=1046 PartOfSpeech=NNS] [Text=, CharacterOffsetBegin=1046 CharacterOffsetEnd=1047 PartOfSpeech=,] [Text=a CharacterOffsetBegin=1048 CharacterOffsetEnd=1049 PartOfSpeech=DT] [Text=couple CharacterOffsetBegin=1050 CharacterOffsetEnd=1056 PartOfSpeech=NN] [Text=of CharacterOffsetBegin=1057 CharacterOffsetEnd=1059 PartOfSpeech=IN] [Text=quick CharacterOffsetBegin=1060 CharacterOffsetEnd=1065 PartOfSpeech=JJ] [Text=unexpected CharacterOffsetBegin=1066 CharacterOffsetEnd=1076 PartOfSpeech=JJ] [Text=scenes CharacterOffsetBegin=1077 CharacterOffsetEnd=1083 PartOfSpeech=NNS] [Text=to CharacterOffsetBegin=1084 CharacterOffsetEnd=1086 PartOfSpeech=TO] [Text=make CharacterOffsetBegin=1087 CharacterOffsetEnd=1091 PartOfSpeech=VB] [Text=me CharacterOffsetBegin=1092 CharacterOffsetEnd=1094 PartOfSpeech=PRP] [Text=jump CharacterOffsetBegin=1095 CharacterOffsetEnd=1099 PartOfSpeech=VB] [Text=, CharacterOffsetBegin=1099 CharacterOffsetEnd=1100 PartOfSpeech=,] [Text=but CharacterOffsetBegin=1101 CharacterOffsetEnd=1104 PartOfSpeech=CC] [Text=overall CharacterOffsetBegin=1105 CharacterOffsetEnd=1112 PartOfSpeech=RB] [Text=, CharacterOffsetBegin=1112 CharacterOffsetEnd=1113 PartOfSpeech=,] [Text=I CharacterOffsetBegin=1114 CharacterOffsetEnd=1115 PartOfSpeech=PRP] [Text=was CharacterOffsetBegin=1116 CharacterOffsetEnd=1119 PartOfSpeech=VBD] [Text=very CharacterOffsetBegin=1120 CharacterOffsetEnd=1124 PartOfSpeech=RB] [Text=disappointed CharacterOffsetBegin=1125 CharacterOffsetEnd=1137 PartOfSpeech=JJ] [Text=. CharacterOffsetBegin=1137 CharacterOffsetEnd=1138 PartOfSpeech=.] 
root(ROOT-0, annoyed-3)
nsubjpass(annoyed-3, I-1)
auxpass(annoyed-3, was-2)
advmod(annoyed-3, more-4)
prep(more-4, than-5)
pobj(than-5, anything-6)
punct(annoyed-3, ,-7)
amod(noises-12, same-8)
amod(noises-12, old-9)
nn(noises-12, grudge-10)
nn(noises-12, gagging-11)
dep(annoyed-3, noises-12)
punct(noises-12, ,-13)
det(couple-15, a-14)
appos(noises-12, couple-15)
prep(couple-15, of-16)
amod(scenes-19, quick-17)
amod(scenes-19, unexpected-18)
pobj(of-16, scenes-19)
aux(make-21, to-20)
infmod(scenes-19, make-21)
nsubj(jump-23, me-22)
ccomp(make-21, jump-23)
punct(noises-12, ,-24)
cc(noises-12, but-25)
advmod(disappointed-31, overall-26)
punct(disappointed-31, ,-27)
nsubj(disappointed-31, I-28)
cop(disappointed-31, was-29)
advmod(disappointed-31, very-30)
conj(noises-12, disappointed-31)
punct(annoyed-3, .-32)

